Archive member included to satisfy reference by file (symbol)

/usr/lib/gcc/arm-none-eabi/10.3.1/../../../arm-none-eabi/lib/thumb/v7e-m+fp/hard/libg.a(lib_a-atexit.o)
                              /usr/lib/gcc/arm-none-eabi/10.3.1/../../../arm-none-eabi/lib/thumb/v7e-m+fp/hard/crt0.o (atexit)
/usr/lib/gcc/arm-none-eabi/10.3.1/../../../arm-none-eabi/lib/thumb/v7e-m+fp/hard/libg.a(lib_a-ctype_.o)
                              build/parser.o (_ctype_)
/usr/lib/gcc/arm-none-eabi/10.3.1/../../../arm-none-eabi/lib/thumb/v7e-m+fp/hard/libg.a(lib_a-errno.o)
                              build/syscall.o (__errno)
/usr/lib/gcc/arm-none-eabi/10.3.1/../../../arm-none-eabi/lib/thumb/v7e-m+fp/hard/libg.a(lib_a-exit.o)
                              /usr/lib/gcc/arm-none-eabi/10.3.1/../../../arm-none-eabi/lib/thumb/v7e-m+fp/hard/crt0.o (exit)
/usr/lib/gcc/arm-none-eabi/10.3.1/../../../arm-none-eabi/lib/thumb/v7e-m+fp/hard/libg.a(lib_a-fini.o)
                              /usr/lib/gcc/arm-none-eabi/10.3.1/../../../arm-none-eabi/lib/thumb/v7e-m+fp/hard/crt0.o (__libc_fini_array)
/usr/lib/gcc/arm-none-eabi/10.3.1/../../../arm-none-eabi/lib/thumb/v7e-m+fp/hard/libg.a(lib_a-impure.o)
                              /usr/lib/gcc/arm-none-eabi/10.3.1/../../../arm-none-eabi/lib/thumb/v7e-m+fp/hard/libg.a(lib_a-exit.o) (_global_impure_ptr)
/usr/lib/gcc/arm-none-eabi/10.3.1/../../../arm-none-eabi/lib/thumb/v7e-m+fp/hard/libg.a(lib_a-init.o)
                              /usr/lib/gcc/arm-none-eabi/10.3.1/../../../arm-none-eabi/lib/thumb/v7e-m+fp/hard/crt0.o (__libc_init_array)
/usr/lib/gcc/arm-none-eabi/10.3.1/../../../arm-none-eabi/lib/thumb/v7e-m+fp/hard/libg.a(lib_a-memset.o)
                              /usr/lib/gcc/arm-none-eabi/10.3.1/../../../arm-none-eabi/lib/thumb/v7e-m+fp/hard/crt0.o (memset)
/usr/lib/gcc/arm-none-eabi/10.3.1/../../../arm-none-eabi/lib/thumb/v7e-m+fp/hard/libg.a(lib_a-printf.o)
                              build/main.o (printf)
/usr/lib/gcc/arm-none-eabi/10.3.1/../../../arm-none-eabi/lib/thumb/v7e-m+fp/hard/libg.a(lib_a-putchar.o)
                              build/parser.o (putchar)
/usr/lib/gcc/arm-none-eabi/10.3.1/../../../arm-none-eabi/lib/thumb/v7e-m+fp/hard/libg.a(lib_a-puts.o)
                              build/main.o (puts)
/usr/lib/gcc/arm-none-eabi/10.3.1/../../../arm-none-eabi/lib/thumb/v7e-m+fp/hard/libg.a(lib_a-setvbuf.o)
                              build/terminal.o (setvbuf)
/usr/lib/gcc/arm-none-eabi/10.3.1/../../../arm-none-eabi/lib/thumb/v7e-m+fp/hard/libg.a(lib_a-strcasecmp.o)
                              build/parser.o (strcasecmp)
/usr/lib/gcc/arm-none-eabi/10.3.1/../../../arm-none-eabi/lib/thumb/v7e-m+fp/hard/libg.a(lib_a-strcpy.o)
                              build/parser.o (strcpy)
/usr/lib/gcc/arm-none-eabi/10.3.1/../../../arm-none-eabi/lib/thumb/v7e-m+fp/hard/libg.a(lib_a-strlen.o)
                              build/parser.o (strlen)
/usr/lib/gcc/arm-none-eabi/10.3.1/../../../arm-none-eabi/lib/thumb/v7e-m+fp/hard/libg.a(lib_a-strtok.o)
                              build/parser.o (strtok)
/usr/lib/gcc/arm-none-eabi/10.3.1/../../../arm-none-eabi/lib/thumb/v7e-m+fp/hard/libg.a(lib_a-strtok_r.o)
                              /usr/lib/gcc/arm-none-eabi/10.3.1/../../../arm-none-eabi/lib/thumb/v7e-m+fp/hard/libg.a(lib_a-strtok.o) (__strtok_r)
/usr/lib/gcc/arm-none-eabi/10.3.1/../../../arm-none-eabi/lib/thumb/v7e-m+fp/hard/libg.a(lib_a-strtol.o)
                              build/parser.o (strtol)
/usr/lib/gcc/arm-none-eabi/10.3.1/../../../arm-none-eabi/lib/thumb/v7e-m+fp/hard/libg.a(lib_a-strtoul.o)
                              build/parser.o (strtoul)
/usr/lib/gcc/arm-none-eabi/10.3.1/../../../arm-none-eabi/lib/thumb/v7e-m+fp/hard/libg.a(lib_a-vfprintf.o)
                              /usr/lib/gcc/arm-none-eabi/10.3.1/../../../arm-none-eabi/lib/thumb/v7e-m+fp/hard/libg.a(lib_a-printf.o) (_vfprintf_r)
/usr/lib/gcc/arm-none-eabi/10.3.1/../../../arm-none-eabi/lib/thumb/v7e-m+fp/hard/libg.a(lib_a-wsetup.o)
                              /usr/lib/gcc/arm-none-eabi/10.3.1/../../../arm-none-eabi/lib/thumb/v7e-m+fp/hard/libg.a(lib_a-vfprintf.o) (__swsetup_r)
/usr/lib/gcc/arm-none-eabi/10.3.1/../../../arm-none-eabi/lib/thumb/v7e-m+fp/hard/libg.a(lib_a-__atexit.o)
                              /usr/lib/gcc/arm-none-eabi/10.3.1/../../../arm-none-eabi/lib/thumb/v7e-m+fp/hard/libg.a(lib_a-atexit.o) (__register_exitproc)
/usr/lib/gcc/arm-none-eabi/10.3.1/../../../arm-none-eabi/lib/thumb/v7e-m+fp/hard/libg.a(lib_a-__call_atexit.o)
                              /usr/lib/gcc/arm-none-eabi/10.3.1/../../../arm-none-eabi/lib/thumb/v7e-m+fp/hard/libg.a(lib_a-exit.o) (__call_exitprocs)
/usr/lib/gcc/arm-none-eabi/10.3.1/../../../arm-none-eabi/lib/thumb/v7e-m+fp/hard/libg.a(lib_a-dtoa.o)
                              /usr/lib/gcc/arm-none-eabi/10.3.1/../../../arm-none-eabi/lib/thumb/v7e-m+fp/hard/libg.a(lib_a-vfprintf.o) (_dtoa_r)
[...]
Memory Configuration

Name             Origin             Length             Attributes
FLASH            0x0000000008000000 0x0000000000040000 xr
RAM              0x0000000020000000 0x000000000000a000 xrw
CCMRAM           0x0000000010000000 0x0000000000002000 rw
*default*        0x0000000000000000 0xffffffffffffffff

Linker script and memory map

LOAD /usr/lib/gcc/arm-none-eabi/10.3.1/thumb/v7e-m+fp/hard/crti.o
LOAD /usr/lib/gcc/arm-none-eabi/10.3.1/thumb/v7e-m+fp/hard/crtbegin.o
LOAD /usr/lib/gcc/arm-none-eabi/10.3.1/../../../arm-none-eabi/lib/thumb/v7e-m+fp/hard/crt0.o
LOAD build/main.o
LOAD build/mycode.o
LOAD build/mytest.o
LOAD build/mes/pt_hook.o
LOAD build/mes/pt_asm.o
LOAD build/monitor.o
LOAD build/parser.o
LOAD build/dump.o
LOAD build/syscall.o
LOAD build/terminal.o
LOAD build/decoder/decoder.o
LOAD build/decoder/STM32F30x_decoder.o
LOAD build/Drivers/CMSIS/Device/ST/STM32F3xx/Source/Templates/system_stm32f3xx.o
LOAD build/Drivers/STM32F3xx_HAL_Driver/Src/stm32f3xx_hal_rcc.o
LOAD build/Drivers/STM32F3xx_HAL_Driver/Src/stm32f3xx_hal.o
LOAD build/Drivers/STM32F3xx_HAL_Driver/Src/stm32f3xx_hal_cortex.o
LOAD build/Drivers/STM32F3xx_HAL_Driver/Src/stm32f3xx_hal_uart.o
LOAD build/Drivers/STM32F3xx_HAL_Driver/Src/stm32f3xx_hal_gpio.o
LOAD build/Drivers/STM32F3xx_HAL_Driver/Src/stm32f3xx_hal_pcd.o
LOAD build/Drivers/STM32F3xx_HAL_Driver/Src/stm32f3xx_hal_pcd_ex.o
LOAD build/Drivers/STM32F3xx_HAL_Driver/Src/stm32f3xx_hal_i2c.o
LOAD build/Drivers/STM32F3xx_HAL_Driver/Src/stm32f3xx_hal_spi.o
LOAD build/Drivers/STM32_USB_Device_Library/Core/Src/usbd_core.o
LOAD build/Drivers/STM32_USB_Device_Library/Core/Src/usbd_ctlreq.o
LOAD build/Drivers/STM32_USB_Device_Library/Core/Src/usbd_ioreq.o
LOAD build/Drivers/STM32_USB_Device_Library/Class/CDC/Src/usbd_cdc.o
LOAD build/usbd_conf.o
LOAD build/usbd_desc.o
LOAD build/usbd_cdc_interface.o
LOAD build/Drivers/BSP/STM32F3-Discovery/stm32f3_discovery.o
LOAD build/Drivers/BSP/STM32F3-Discovery/stm32f3_discovery_accelerometer.o
LOAD build/Drivers/BSP/STM32F3-Discovery/stm32f3_discovery_gyroscope.o
LOAD build/Drivers/BSP/Components/lsm303dlhc/lsm303dlhc.o
LOAD build/Drivers/BSP/Components/l3gd20/l3gd20.o
LOAD build/Drivers/BSP/Components/i3g4250d/i3g4250d.o
LOAD build/Drivers/BSP/Components/lsm303agr/lsm303agr.o
LOAD build/Drivers/CMSIS/Device/ST/STM32F3xx/Source/Templates/gcc/startup_stm32f303xc.o
START GROUP
LOAD /usr/lib/gcc/arm-none-eabi/10.3.1/thumb/v7e-m+fp/hard/libgcc.a
LOAD /usr/lib/gcc/arm-none-eabi/10.3.1/../../../arm-none-eabi/lib/thumb/v7e-m+fp/hard/libg.a
LOAD /usr/lib/gcc/arm-none-eabi/10.3.1/../../../arm-none-eabi/lib/thumb/v7e-m+fp/hard/libc.a
END GROUP
START GROUP
LOAD /usr/lib/gcc/arm-none-eabi/10.3.1/thumb/v7e-m+fp/hard/libgcc.a
LOAD /usr/lib/gcc/arm-none-eabi/10.3.1/../../../arm-none-eabi/lib/thumb/v7e-m+fp/hard/libc.a
LOAD /usr/lib/gcc/arm-none-eabi/10.3.1/../../../arm-none-eabi/lib/thumb/v7e-m+fp/hard/libnosys.a
END GROUP
LOAD /usr/lib/gcc/arm-none-eabi/10.3.1/thumb/v7e-m+fp/hard/crtend.o
LOAD /usr/lib/gcc/arm-none-eabi/10.3.1/thumb/v7e-m+fp/hard/crtn.o
                0x0000000020008000                _estack = 0x20008000
                0x0000000000001000                _Min_Heap_Size = 0x1000
                0x0000000000000400                _Min_Stack_Size = 0x400

.isr_vector     0x0000000008000000      0x188
                0x0000000008000000                . = ALIGN (0x4)
 *(.isr_vector)
 .isr_vector    0x0000000008000000      0x188 build/Drivers/CMSIS/Device/ST/STM32F3xx/Source/Templates/gcc/startup_stm32f303xc.o
                0x0000000008000000                g_pfnVectors
                0x0000000008000188                . = ALIGN (0x4)

.text           0x00000000080001c0     0xc58c
                0x00000000080001c0                . = ALIGN (0x4)
 *(.text)
 .text          0x00000000080001c0       0x88 /usr/lib/gcc/arm-none-eabi/10.3.1/thumb/v7e-m+fp/hard/crtbegin.o
 .text          0x0000000008000248       0x38 build/mycode.o
                0x0000000008000248                mytest
                0x0000000008000260                my_Tick
                0x0000000008000274                my_Loop
                0x0000000008000278                my_Init
 .text          0x0000000008000280       0x6c build/mes/pt_asm.o
                0x0000000008000280                add_test
                0x00000000080002b4                pt_led_demo_a2
 .text          0x00000000080002ec        0xc /usr/lib/gcc/arm-none-eabi/10.3.1/../../../arm-none-eabi/lib/thumb/v7e-m+fp/hard/libg.a(lib_a-atexit.o)
                0x00000000080002ec                atexit
 .text          0x00000000080002f8        0xc /usr/lib/gcc/arm-none-eabi/10.3.1/../../../arm-none-eabi/lib/thumb/v7e-m+fp/hard/libg.a(lib_a-errno.o)
                0x00000000080002f8                __errno
 .text          0x0000000008000304       0x2c /usr/lib/gcc/arm-none-eabi/10.3.1/../../../arm-none-eabi/lib/thumb/v7e-m+fp/hard/libg.a(lib_a-fini.o)
                0x0000000008000304                __libc_fini_array
 .text          0x0000000008000330       0x48 /usr/lib/gcc/arm-none-eabi/10.3.1/../../../arm-none-eabi/lib/thumb/v7e-m+fp/hard/libg.a(lib_a-init.o)
                0x0000000008000330                __libc_init_array
 .text          0x0000000008000378       0xa4 /usr/lib/gcc/arm-none-eabi/10.3.1/../../../arm-none-eabi/lib/thumb/v7e-m+fp/hard/libg.a(lib_a-memset.o)
                0x0000000008000378                memset
 .text          0x000000000800041c       0x48 /usr/lib/gcc/arm-none-eabi/10.3.1/../../../arm-none-eabi/lib/thumb/v7e-m+fp/hard/libg.a(lib_a-printf.o)
                0x000000000800041c                _printf_r
                0x000000000800043c                printf
 .text          0x0000000008000464       0x18 /usr/lib/gcc/arm-none-eabi/10.3.1/../../../arm-none-eabi/lib/thumb/v7e-m+fp/hard/libg.a(lib_a-putchar.o)
                0x0000000008000464                _putchar_r
                0x000000000800046c                putchar
 .text          0x000000000800047c       0x78 /usr/lib/gcc/arm-none-eabi/10.3.1/../../../arm-none-eabi/lib/thumb/v7e-m+fp/hard/libg.a(lib_a-puts.o)
                0x000000000800047c                _puts_r
                0x00000000080004e4                puts
 .text          0x00000000080004f4      0x174 /usr/lib/gcc/arm-none-eabi/10.3.1/../../../arm-none-eabi/lib/thumb/v7e-m+fp/hard/libg.a(lib_a-setvbuf.o)
                0x00000000080004f4                setvbuf
 .text          0x0000000008000668       0x4c /usr/lib/gcc/arm-none-eabi/10.3.1/../../../arm-none-eabi/lib/thumb/v7e-m+fp/hard/libg.a(lib_a-strcasecmp.o)
                0x0000000008000668                strcasecmp
 .text          0x00000000080006b4       0xbc /usr/lib/gcc/arm-none-eabi/10.3.1/../../../arm-none-eabi/lib/thumb/v7e-m+fp/hard/libg.a(lib_a-strcpy.o)
                0x00000000080006b4                strcpy
 *fill*         0x0000000008000770       0x10 
 .text          0x0000000008000780       0xdc /usr/lib/gcc/arm-none-eabi/10.3.1/../../../arm-none-eabi/lib/thumb/v7e-m+fp/hard/libg.a(lib_a-strlen.o)
                0x0000000008000780                strlen
 .text          0x000000000800085c       0x10 /usr/lib/gcc/arm-none-eabi/10.3.1/../../../arm-none-eabi/lib/thumb/v7e-m+fp/hard/libg.a(lib_a-strtok.o)
                0x000000000800085c                strtok
 .text          0x000000000800086c       0x6c /usr/lib/gcc/arm-none-eabi/10.3.1/../../../arm-none-eabi/lib/thumb/v7e-m+fp/hard/libg.a(lib_a-strtok_r.o)
                0x000000000800086c                __strtok_r
                0x00000000080008d0                strtok_r
 .text          0x00000000080008d8      0x170 /usr/lib/gcc/arm-none-eabi/10.3.1/../../../arm-none-eabi/lib/thumb/v7e-m+fp/hard/libg.a(lib_a-strtoul.o)
                0x0000000008000a14                _strtoul_r
                0x0000000008000a18                strtoul_l
                0x0000000008000a30                strtoul
 .text          0x0000000008000a48     0x159c /usr/lib/gcc/arm-none-eabi/10.3.1/../../../arm-none-eabi/lib/thumb/v7e-m+fp/hard/libg.a(lib_a-vfprintf.o)
                0x0000000008000a48                _vfprintf_r
                0x0000000008001f5c                vfprintf
 .text          0x0000000008001fe4       0xd4 /usr/lib/gcc/arm-none-eabi/10.3.1/../../../arm-none-eabi/lib/thumb/v7e-m+fp/hard/libg.a(lib_a-wsetup.o)
                0x0000000008001fe4                __swsetup_r
 .text          0x00000000080020b8       0x68 /usr/lib/gcc/arm-none-eabi/10.3.1/../../../arm-none-eabi/lib/thumb/v7e-m+fp/hard/libg.a(lib_a-__atexit.o)
                0x00000000080020b8                __register_exitproc
 .text          0x0000000008002120     0x1064 /usr/lib/gcc/arm-none-eabi/10.3.1/../../../arm-none-eabi/lib/thumb/v7e-m+fp/hard/libg.a(lib_a-dtoa.o)
                0x0000000008002248                _dtoa_r
 .text          0x0000000008003184      0x1ac /usr/lib/gcc/arm-none-eabi/10.3.1/../../../arm-none-eabi/lib/thumb/v7e-m+fp/hard/libg.a(lib_a-fflush.o)
                0x0000000008003184                __sflush_r
                0x00000000080032b4                _fflush_r
                0x00000000080032e0                fflush
 .text          0x0000000008003330      0x218 /usr/lib/gcc/arm-none-eabi/10.3.1/../../../arm-none-eabi/lib/thumb/v7e-m+fp/hard/libg.a(lib_a-findfp.o)
                0x0000000008003334                _cleanup_r
                0x000000000800341c                __sfmoreglue
                0x000000000800344c                __sfp
                0x00000000080034f4                _cleanup
                0x0000000008003508                __sinit
                0x0000000008003510                __sfp_lock_acquire
                0x0000000008003514                __sfp_lock_release
                0x0000000008003518                __sinit_lock_acquire
                0x000000000800351c                __sinit_lock_release
                0x0000000008003520                __fp_lock_all
                0x0000000008003534                __fp_unlock_all
 .text          0x0000000008003548      0x2ac /usr/lib/gcc/arm-none-eabi/10.3.1/../../../arm-none-eabi/lib/thumb/v7e-m+fp/hard/libg.a(lib_a-freer.o)
                0x0000000008003548                _malloc_trim_r
                0x00000000080035e8                _free_r
 .text          0x00000000080037f4      0x2f0 /usr/lib/gcc/arm-none-eabi/10.3.1/../../../arm-none-eabi/lib/thumb/v7e-m+fp/hard/libg.a(lib_a-fvwrite.o)
                0x00000000080037f4                __sfvwrite_r
 .text          0x0000000008003ae4       0x88 /usr/lib/gcc/arm-none-eabi/10.3.1/../../../arm-none-eabi/lib/thumb/v7e-m+fp/hard/libg.a(lib_a-fwalk.o)
                0x0000000008003ae4                _fwalk
                0x0000000008003b24                _fwalk_reent
 .text          0x0000000008003b6c       0x14 /usr/lib/gcc/arm-none-eabi/10.3.1/../../../arm-none-eabi/lib/thumb/v7e-m+fp/hard/libg.a(lib_a-localeconv.o)
                0x0000000008003b6c                __localeconv_l
                0x0000000008003b70                _localeconv_r
                0x0000000008003b78                localeconv
 .text          0x0000000008003b80      0x140 /usr/lib/gcc/arm-none-eabi/10.3.1/../../../arm-none-eabi/lib/thumb/v7e-m+fp/hard/libg.a(lib_a-makebuf.o)
                0x0000000008003b80                __smakebuf_r
                0x0000000008003c60                __swhatbuf_r
 .text          0x0000000008003cc0       0x20 /usr/lib/gcc/arm-none-eabi/10.3.1/../../../arm-none-eabi/lib/thumb/v7e-m+fp/hard/libg.a(lib_a-malloc.o)
                0x0000000008003cc0                malloc
                0x0000000008003cd0                free
 .text          0x0000000008003ce0      0x554 /usr/lib/gcc/arm-none-eabi/10.3.1/../../../arm-none-eabi/lib/thumb/v7e-m+fp/hard/libg.a(lib_a-mallocr.o)
                0x0000000008003ce0                _malloc_r
 *fill*         0x0000000008004234        0xc 
 .text          0x0000000008004240       0xa0 /usr/lib/gcc/arm-none-eabi/10.3.1/../../../arm-none-eabi/lib/thumb/v7e-m+fp/hard/libg.a(lib_a-memchr.o)
                0x0000000008004240                memchr
 .text          0x00000000080042e0      0x134 /usr/lib/gcc/arm-none-eabi/10.3.1/../../../arm-none-eabi/lib/thumb/v7e-m+fp/hard/libg.a(lib_a-memcpy.o)
                0x00000000080042e0                memcpy
 .text          0x0000000008004414       0xf8 /usr/lib/gcc/arm-none-eabi/10.3.1/../../../arm-none-eabi/lib/thumb/v7e-m+fp/hard/libg.a(lib_a-memmove.o)
                0x0000000008004414                memmove
 .text          0x000000000800450c        0x8 /usr/lib/gcc/arm-none-eabi/10.3.1/../../../arm-none-eabi/lib/thumb/v7e-m+fp/hard/libg.a(lib_a-mlock.o)
                0x000000000800450c                __malloc_lock
                0x0000000008004510                __malloc_unlock
 .text          0x0000000008004514      0xaa0 /usr/lib/gcc/arm-none-eabi/10.3.1/../../../arm-none-eabi/lib/thumb/v7e-m+fp/hard/libg.a(lib_a-mprec.o)
                0x0000000008004514                _Balloc
                0x0000000008004560                _Bfree
                0x0000000008004574                __multadd
                0x000000000800461c                __s2b
                0x00000000080046d0                __hi0bits
                0x0000000008004710                __lo0bits
                0x0000000008004770                __i2b
                0x00000000080047cc                __multiply
                0x0000000008004928                __pow5mult
                0x00000000080049e8                __lshift
                0x0000000008004ad8                __mcmp
                0x0000000008004b1c                __mdiff
                0x0000000008004c68                __ulp
                0x0000000008004cc8                __b2d
                0x0000000008004d88                __d2b
                0x0000000008004e58                __ratio
                0x0000000008004eb4                _mprec_log10
                0x0000000008004ef4                __copybits
                0x0000000008004f50                __any_on
 .text          0x0000000008004fb4       0xb8 /usr/lib/gcc/arm-none-eabi/10.3.1/../../../arm-none-eabi/lib/thumb/v7e-m+fp/hard/libg.a(lib_a-putc.o)
                0x0000000008004fb4                _putc_r
                0x000000000800500c                putc
 .text          0x000000000800506c      0x3d8 /usr/lib/gcc/arm-none-eabi/10.3.1/../../../arm-none-eabi/lib/thumb/v7e-m+fp/hard/libg.a(lib_a-reallocr.o)
                0x000000000800506c                _realloc_r
 .text          0x0000000008005444       0x90 /usr/lib/gcc/arm-none-eabi/10.3.1/../../../arm-none-eabi/lib/thumb/v7e-m+fp/hard/libg.a(lib_a-stdio.o)
                0x0000000008005444                __sread
                0x0000000008005468                __seofread
                0x000000000800546c                __swrite
                0x00000000080054ac                __sseek
                0x00000000080054cc                __sclose
 .text          0x00000000080054d4      0xd44 /usr/lib/gcc/arm-none-eabi/10.3.1/../../../arm-none-eabi/lib/thumb/v7e-m+fp/hard/libg.a(lib_a-vfiprintf.o)
                0x000000000800554c                __sprint_r
                0x0000000008005564                _vfiprintf_r
                0x0000000008006190                vfiprintf
 .text          0x0000000008006218       0xc8 /usr/lib/gcc/arm-none-eabi/10.3.1/../../../arm-none-eabi/lib/thumb/v7e-m+fp/hard/libg.a(lib_a-wbuf.o)
                0x0000000008006218                __swbuf_r
                0x00000000080062c8                __swbuf
 .text          0x00000000080062e0       0x4c /usr/lib/gcc/arm-none-eabi/10.3.1/../../../arm-none-eabi/lib/thumb/v7e-m+fp/hard/libg.a(lib_a-assert.o)
                0x00000000080062e0                __assert_func
                0x0000000008006320                __assert
 .text          0x000000000800632c       0x60 /usr/lib/gcc/arm-none-eabi/10.3.1/../../../arm-none-eabi/lib/thumb/v7e-m+fp/hard/libg.a(lib_a-callocr.o)
                0x000000000800632c                _calloc_r
 .text          0x000000000800638c       0xd4 /usr/lib/gcc/arm-none-eabi/10.3.1/../../../arm-none-eabi/lib/thumb/v7e-m+fp/hard/libg.a(lib_a-fclose.o)
                0x00000000080063f0                _fclose_r
                0x0000000008006424                fclose
 .text          0x0000000008006460       0x44 /usr/lib/gcc/arm-none-eabi/10.3.1/../../../arm-none-eabi/lib/thumb/v7e-m+fp/hard/libg.a(lib_a-fiprintf.o)
                0x0000000008006460                _fiprintf_r
                0x000000000800647c                fiprintf
 .text          0x00000000080064a4      0x118 /usr/lib/gcc/arm-none-eabi/10.3.1/../../../arm-none-eabi/lib/thumb/v7e-m+fp/hard/libg.a(lib_a-fputwc.o)
                0x00000000080064a4                __fputwc
                0x000000000800654c                _fputwc_r
                0x0000000008006574                fputwc
 .text          0x00000000080065bc       0x8c /usr/lib/gcc/arm-none-eabi/10.3.1/../../../arm-none-eabi/lib/thumb/v7e-m+fp/hard/libg.a(lib_a-locale.o)
                0x00000000080065bc                _setlocale_r
                0x00000000080065fc                __locale_mb_cur_max
                0x0000000008006608                setlocale
 .text          0x0000000008006648       0x40 /usr/lib/gcc/arm-none-eabi/10.3.1/../../../arm-none-eabi/lib/thumb/v7e-m+fp/hard/libg.a(lib_a-mbtowc_r.o)
                0x0000000008006648                _mbtowc_r
                0x000000000800665c                __ascii_mbtowc
 *fill*         0x0000000008006688       0x18 
 .text          0x00000000080066a0      0x2dc /usr/lib/gcc/arm-none-eabi/10.3.1/../../../arm-none-eabi/lib/thumb/v7e-m+fp/hard/libg.a(lib_a-strcmp.o)
                0x00000000080066a8                strcmp
 .text          0x000000000800697c       0x88 /usr/lib/gcc/arm-none-eabi/10.3.1/../../../arm-none-eabi/lib/thumb/v7e-m+fp/hard/libg.a(lib_a-wcrtomb.o)
                0x000000000800697c                _wcrtomb_r
                0x00000000080069b8                wcrtomb
 .text          0x0000000008006a04       0x30 /usr/lib/gcc/arm-none-eabi/10.3.1/../../../arm-none-eabi/lib/thumb/v7e-m+fp/hard/libg.a(lib_a-wctomb_r.o)
                0x0000000008006a04                _wctomb_r
                0x0000000008006a18                __ascii_wctomb
 .text          0x0000000008006a34       0x10 /usr/lib/gcc/arm-none-eabi/10.3.1/../../../arm-none-eabi/lib/thumb/v7e-m+fp/hard/libg.a(lib_a-abort.o)
                0x0000000008006a34                abort
 .text          0x0000000008006a44      0x288 /usr/lib/gcc/arm-none-eabi/10.3.1/../../../arm-none-eabi/lib/thumb/v7e-m+fp/hard/libg.a(lib_a-signal.o)
                0x0000000008006a44                _init_signal_r
                0x0000000008006a74                _signal_r
                0x0000000008006ac0                _raise_r
                0x0000000008006b18                __sigtramp_r
                0x0000000008006b7c                raise
                0x0000000008006bd8                signal
                0x0000000008006c2c                _init_signal
                0x0000000008006c64                __sigtramp
 .text          0x0000000008006ccc       0x30 /usr/lib/gcc/arm-none-eabi/10.3.1/../../../arm-none-eabi/lib/thumb/v7e-m+fp/hard/libg.a(lib_a-signalr.o)
                0x0000000008006ccc                _kill_r
                0x0000000008006cf8                _getpid_r
 .text          0x0000000008006cfc      0x378 /usr/lib/gcc/arm-none-eabi/10.3.1/thumb/v7e-m+fp/hard/libgcc.a(_arm_addsubdf3.o)
                0x0000000008006cfc                __aeabi_drsub
                0x0000000008006d04                __aeabi_dsub
                0x0000000008006d04                __subdf3
                0x0000000008006d08                __adddf3
                0x0000000008006d08                __aeabi_dadd
                0x0000000008006f80                __aeabi_ui2d
                0x0000000008006f80                __floatunsidf
                0x0000000008006fa0                __floatsidf
                0x0000000008006fa0                __aeabi_i2d
                0x0000000008006fc4                __extendsfdf2
                0x0000000008006fc4                __aeabi_f2d
                0x0000000008007008                __aeabi_ul2d
                0x0000000008007008                __floatundidf
                0x0000000008007018                __floatdidf
                0x0000000008007018                __aeabi_l2d
 .text          0x0000000008007074      0x424 /usr/lib/gcc/arm-none-eabi/10.3.1/thumb/v7e-m+fp/hard/libgcc.a(_arm_muldivdf3.o)
                0x0000000008007074                __aeabi_dmul
                0x0000000008007074                __muldf3
                0x00000000080072c8                __aeabi_ddiv
                0x00000000080072c8                __divdf3
 .text          0x0000000008007498      0x110 /usr/lib/gcc/arm-none-eabi/10.3.1/thumb/v7e-m+fp/hard/libgcc.a(_arm_cmpdf2.o)
                0x0000000008007498                __gtdf2
                0x0000000008007498                __gedf2
                0x00000000080074a0                __ltdf2
                0x00000000080074a0                __ledf2
                0x00000000080074a8                __cmpdf2
                0x00000000080074a8                __eqdf2
                0x00000000080074a8                __nedf2
                0x0000000008007524                __aeabi_cdrcmple
                0x0000000008007534                __aeabi_cdcmple
                0x0000000008007534                __aeabi_cdcmpeq
                0x0000000008007544                __aeabi_dcmpeq
                0x0000000008007558                __aeabi_dcmplt
                0x000000000800756c                __aeabi_dcmple
                0x0000000008007580                __aeabi_dcmpge
                0x0000000008007594                __aeabi_dcmpgt
 .text          0x00000000080075a8       0x2c /usr/lib/gcc/arm-none-eabi/10.3.1/thumb/v7e-m+fp/hard/libgcc.a(_arm_unorddf2.o)
                0x00000000080075a8                __aeabi_dcmpun
                0x00000000080075a8                __unorddf2
 .text          0x00000000080075d4       0x50 /usr/lib/gcc/arm-none-eabi/10.3.1/thumb/v7e-m+fp/hard/libgcc.a(_arm_fixdfsi.o)
                0x00000000080075d4                __fixdfsi
                0x00000000080075d4                __aeabi_d2iz
 .text          0x0000000008007624       0x30 /usr/lib/gcc/arm-none-eabi/10.3.1/thumb/v7e-m+fp/hard/libgcc.a(_aeabi_uldivmod.o)
                0x0000000008007624                __aeabi_uldivmod
 .text          0x0000000008007654      0x2d0 /usr/lib/gcc/arm-none-eabi/10.3.1/thumb/v7e-m+fp/hard/libgcc.a(_udivmoddi4.o)
                0x0000000008007654                __udivmoddi4
 .text          0x0000000008007924        0x4 /usr/lib/gcc/arm-none-eabi/10.3.1/thumb/v7e-m+fp/hard/libgcc.a(_dvmd_tls.o)
                0x0000000008007924                __aeabi_ldiv0
                0x0000000008007924                __aeabi_idiv0
 .text          0x0000000008007928       0x10 /usr/lib/gcc/arm-none-eabi/10.3.1/../../../arm-none-eabi/lib/thumb/v7e-m+fp/hard/libnosys.a(getpid.o)
                0x0000000008007928                _getpid
 .text          0x0000000008007938       0x10 /usr/lib/gcc/arm-none-eabi/10.3.1/../../../arm-none-eabi/lib/thumb/v7e-m+fp/hard/libnosys.a(kill.o)
                0x0000000008007938                _kill
 .text          0x0000000008007948        0x4 /usr/lib/gcc/arm-none-eabi/10.3.1/../../../arm-none-eabi/lib/thumb/v7e-m+fp/hard/libnosys.a(_exit.o)
                0x0000000008007948                _exit
 *(.text*)
 .text.CmdLED   0x000000000800794c       0x5c build/main.o
                0x000000000800794c                CmdLED
 .text.CmdAccel
                0x00000000080079a8       0x28 build/main.o
                0x00000000080079a8                CmdAccel
 .text.CmdGyro  0x00000000080079d0       0x4c build/main.o
                0x00000000080079d0                CmdGyro
 .text.CmdButton
                0x0000000008007a1c       0x2c build/main.o
                0x0000000008007a1c                CmdButton
 .text.Error_Handler
                0x0000000008007a48        0xa build/main.o
                0x0000000008007a48                Error_Handler
 *fill*         0x0000000008007a52        0x2 
 .text.startup.main
                0x0000000008007a54       0x9c build/main.o
                0x0000000008007a54                main
 .text.SysTick_Handler
                0x0000000008007af0        0xe build/main.o
                0x0000000008007af0                SysTick_Handler
 *fill*         0x0000000008007afe        0x2 
 .text.CmdTest  0x0000000008007b00       0x30 build/mytest.o
                0x0000000008007b00                CmdTest
 .text.AddTest  0x0000000008007b30       0x4c build/mes/pt_hook.o
                0x0000000008007b30                AddTest
 .text._pt_A2   0x0000000008007b7c       0x50 build/mes/pt_hook.o
                0x0000000008007b7c                _pt_A2
 .text.CmdW     0x0000000008007bcc       0x1c build/monitor.o
                0x0000000008007bcc                CmdW
 .text.CmdR     0x0000000008007be8       0x20 build/monitor.o
                0x0000000008007be8                CmdR
 .text.parse    0x0000000008007c08       0xf8 build/parser.o
                0x0000000008007c08                parse
 .text.TaskInput
                0x0000000008007d00      0x13c build/parser.o
                0x0000000008007d00                TaskInput
 .text.fetch_uint32_arg
                0x0000000008007e3c       0x28 build/parser.o
                0x0000000008007e3c                fetch_uint32_arg
 .text.fetch_string_arg
                0x0000000008007e64       0x20 build/parser.o
                0x0000000008007e64                fetch_string_arg
 .text.DumpBuffer
                0x0000000008007e84       0xb0 build/dump.o
                0x0000000008007e84                DumpBuffer
 .text.CmdDump  0x0000000008007f34       0x54 build/dump.o
                0x0000000008007f34                CmdDump
 .text._sbrk_r  0x0000000008007f88       0x30 build/syscall.o
                0x0000000008007f88                _sbrk_r
 .text._close_r
                0x0000000008007fb8        0x6 build/syscall.o
                0x0000000008007fb8                _close_r
 .text._fstat_r
                0x0000000008007fbe        0xa build/syscall.o
                0x0000000008007fbe                _fstat_r
 .text._isatty_r
                0x0000000008007fc8        0x4 build/syscall.o
                0x0000000008007fc8                _isatty_r
 .text._lseek_r
                0x0000000008007fcc        0x4 build/syscall.o
                0x0000000008007fcc                _lseek_r
 .text.USBD_CDC_DataIn
                0x0000000008007fd0       0x7c build/terminal.o
 .text.CmdStats
                0x000000000800804c       0x4c build/terminal.o
                0x000000000800804c                CmdStats
 .text.TerminalInit
                0x0000000008008098       0x7c build/terminal.o
                0x0000000008008098                TerminalInit
 .text.TerminalRead
                0x0000000008008114       0x4c build/terminal.o
                0x0000000008008114                TerminalRead
 .text._read_r  0x0000000008008160        0xa build/terminal.o
                0x0000000008008160                _read_r
 .text.TerminalReadNonBlock
                0x000000000800816a       0x10 build/terminal.o
                0x000000000800816a                TerminalReadNonBlock
 .text.TerminalReadAnyNonBlock
                0x000000000800817a       0x12 build/terminal.o
                0x000000000800817a                TerminalReadAnyNonBlock
 .text.TerminalOutputBufferWrite
                0x000000000800818c       0xe8 build/terminal.o
                0x000000000800818c                TerminalOutputBufferWrite
 .text._write_r
                0x0000000008008274       0x40 build/terminal.o
                0x0000000008008274                _write_r
 .text.TerminalInputBufferWrite
                0x00000000080082b4       0x64 build/terminal.o
                0x00000000080082b4                TerminalInputBufferWrite
 .text.USB_LP_CAN_RX0_IRQHandler
                0x0000000008008318        0xc build/terminal.o
                0x0000000008008318                USB_LP_CAN_RX0_IRQHandler
 .text.Uncompress
                0x0000000008008324       0x7c build/decoder/decoder.o
 .text.DecodeReadRegister
                0x00000000080083a0       0x54 build/decoder/decoder.o
                0x00000000080083a0                DecodeReadRegister
 .text.DecodeWriteRegister
                0x00000000080083f4       0x54 build/decoder/decoder.o
                0x00000000080083f4                DecodeWriteRegister
 .text.DecodeField
                0x0000000008008448       0x50 build/decoder/decoder.o
                0x0000000008008448                DecodeField
 .text.DecodeRegister
                0x0000000008008498       0x60 build/decoder/decoder.o
                0x0000000008008498                DecodeRegister
 .text.DecodePeripheral
                0x00000000080084f8       0x54 build/decoder/decoder.o
                0x00000000080084f8                DecodePeripheral
 .text.DecodePrintPeripherals
                0x000000000800854c       0x54 build/decoder/decoder.o
                0x000000000800854c                DecodePrintPeripherals
 .text.DecodePrintRegisters
                0x00000000080085a0       0x64 build/decoder/decoder.o
                0x00000000080085a0                DecodePrintRegisters
 .text.CmdDecode
                0x0000000008008604      0x270 build/decoder/decoder.o
                0x0000000008008604                CmdDecode
 .text.SystemInit
                0x0000000008008874       0x68 build/Drivers/CMSIS/Device/ST/STM32F3xx/Source/Templates/system_stm32f3xx.o
                0x0000000008008874                SystemInit
 .text.HAL_RCC_OscConfig
                0x00000000080088dc      0x5bc build/Drivers/STM32F3xx_HAL_Driver/Src/stm32f3xx_hal_rcc.o
                0x00000000080088dc                HAL_RCC_OscConfig
 .text.HAL_RCC_ClockConfig
                0x0000000008008e98      0x2b0 build/Drivers/STM32F3xx_HAL_Driver/Src/stm32f3xx_hal_rcc.o
                0x0000000008008e98                HAL_RCC_ClockConfig
 .text.HAL_RCC_GetSysClockFreq
                0x0000000008009148       0x6c build/Drivers/STM32F3xx_HAL_Driver/Src/stm32f3xx_hal_rcc.o
                0x0000000008009148                HAL_RCC_GetSysClockFreq
 .text.HAL_RCC_GetHCLKFreq
                0x00000000080091b4       0x38 build/Drivers/STM32F3xx_HAL_Driver/Src/stm32f3xx_hal_rcc.o
                0x00000000080091b4                HAL_RCC_GetHCLKFreq
 .text.HAL_MspInit
                0x00000000080091ec        0x2 build/Drivers/STM32F3xx_HAL_Driver/Src/stm32f3xx_hal.o
                0x00000000080091ec                HAL_MspInit
 .text.HAL_InitTick
                0x00000000080091ee       0x28 build/Drivers/STM32F3xx_HAL_Driver/Src/stm32f3xx_hal.o
                0x00000000080091ee                HAL_InitTick
 *fill*         0x0000000008009216        0x2 
 .text.HAL_Init
                0x0000000008009218       0x24 build/Drivers/STM32F3xx_HAL_Driver/Src/stm32f3xx_hal.o
                0x0000000008009218                HAL_Init
 .text.HAL_IncTick
                0x000000000800923c       0x10 build/Drivers/STM32F3xx_HAL_Driver/Src/stm32f3xx_hal.o
                0x000000000800923c                HAL_IncTick
 .text.HAL_GetTick
                0x000000000800924c        0xc build/Drivers/STM32F3xx_HAL_Driver/Src/stm32f3xx_hal.o
                0x000000000800924c                HAL_GetTick
 .text.HAL_Delay
                0x0000000008009258       0x1a build/Drivers/STM32F3xx_HAL_Driver/Src/stm32f3xx_hal.o
                0x0000000008009258                HAL_Delay
 *fill*         0x0000000008009272        0x2 
 .text.HAL_NVIC_SetPriorityGrouping
                0x0000000008009274       0x24 build/Drivers/STM32F3xx_HAL_Driver/Src/stm32f3xx_hal_cortex.o
                0x0000000008009274                HAL_NVIC_SetPriorityGrouping
 .text.HAL_NVIC_SetPriority
                0x0000000008009298       0x68 build/Drivers/STM32F3xx_HAL_Driver/Src/stm32f3xx_hal_cortex.o
                0x0000000008009298                HAL_NVIC_SetPriority
 .text.HAL_NVIC_EnableIRQ
                0x0000000008009300       0x18 build/Drivers/STM32F3xx_HAL_Driver/Src/stm32f3xx_hal_cortex.o
                0x0000000008009300                HAL_NVIC_EnableIRQ
 .text.HAL_SYSTICK_Config
                0x0000000008009318       0x28 build/Drivers/STM32F3xx_HAL_Driver/Src/stm32f3xx_hal_cortex.o
                0x0000000008009318                HAL_SYSTICK_Config
 .text.HAL_GPIO_Init
                0x0000000008009340      0x188 build/Drivers/STM32F3xx_HAL_Driver/Src/stm32f3xx_hal_gpio.o
                0x0000000008009340                HAL_GPIO_Init
 .text.HAL_GPIO_ReadPin
                0x00000000080094c8        0xc build/Drivers/STM32F3xx_HAL_Driver/Src/stm32f3xx_hal_gpio.o
                0x00000000080094c8                HAL_GPIO_ReadPin
 .text.HAL_GPIO_WritePin
                0x00000000080094d4        0xa build/Drivers/STM32F3xx_HAL_Driver/Src/stm32f3xx_hal_gpio.o
                0x00000000080094d4                HAL_GPIO_WritePin
 .text.HAL_GPIO_TogglePin
                0x00000000080094de        0x8 build/Drivers/STM32F3xx_HAL_Driver/Src/stm32f3xx_hal_gpio.o
                0x00000000080094de                HAL_GPIO_TogglePin
 .text.HAL_PCD_Init
                0x00000000080094e6       0x92 build/Drivers/STM32F3xx_HAL_Driver/Src/stm32f3xx_hal_pcd.o
                0x00000000080094e6                HAL_PCD_Init
 .text.HAL_PCD_Start
                0x0000000008009578        0xc build/Drivers/STM32F3xx_HAL_Driver/Src/stm32f3xx_hal_pcd.o
                0x0000000008009578                HAL_PCD_Start
 .text.HAL_PCD_SetAddress
                0x0000000008009584       0x2c build/Drivers/STM32F3xx_HAL_Driver/Src/stm32f3xx_hal_pcd.o
                0x0000000008009584                HAL_PCD_SetAddress
 .text.HAL_PCD_EP_Open
                0x00000000080095b0      0x2e4 build/Drivers/STM32F3xx_HAL_Driver/Src/stm32f3xx_hal_pcd.o
                0x00000000080095b0                HAL_PCD_EP_Open
 .text.HAL_PCD_EP_Close
                0x0000000008009894      0x1b8 build/Drivers/STM32F3xx_HAL_Driver/Src/stm32f3xx_hal_pcd.o
                0x0000000008009894                HAL_PCD_EP_Close
 .text.HAL_PCD_EP_Receive
                0x0000000008009a4c       0xc8 build/Drivers/STM32F3xx_HAL_Driver/Src/stm32f3xx_hal_pcd.o
                0x0000000008009a4c                HAL_PCD_EP_Receive
 .text.HAL_PCD_EP_GetRxCount
                0x0000000008009b14       0x10 build/Drivers/STM32F3xx_HAL_Driver/Src/stm32f3xx_hal_pcd.o
                0x0000000008009b14                HAL_PCD_EP_GetRxCount
 .text.HAL_PCD_EP_Transmit
                0x0000000008009b24      0x116 build/Drivers/STM32F3xx_HAL_Driver/Src/stm32f3xx_hal_pcd.o
                0x0000000008009b24                HAL_PCD_EP_Transmit
 *fill*         0x0000000008009c3a        0x2 
 .text.HAL_PCD_IRQHandler
                0x0000000008009c3c      0x488 build/Drivers/STM32F3xx_HAL_Driver/Src/stm32f3xx_hal_pcd.o
                0x0000000008009c3c                HAL_PCD_IRQHandler
 .text.HAL_PCD_EP_SetStall
                0x000000000800a0c4       0xa0 build/Drivers/STM32F3xx_HAL_Driver/Src/stm32f3xx_hal_pcd.o
                0x000000000800a0c4                HAL_PCD_EP_SetStall
 .text.HAL_PCD_EP_ClrStall
                0x000000000800a164       0xbc build/Drivers/STM32F3xx_HAL_Driver/Src/stm32f3xx_hal_pcd.o
                0x000000000800a164                HAL_PCD_EP_ClrStall
 .text.HAL_PCDEx_PMAConfig
                0x000000000800a220       0x36 build/Drivers/STM32F3xx_HAL_Driver/Src/stm32f3xx_hal_pcd_ex.o
                0x000000000800a220                HAL_PCDEx_PMAConfig
 .text.PCD_WritePMA
                0x000000000800a256       0x1c build/Drivers/STM32F3xx_HAL_Driver/Src/stm32f3xx_hal_pcd_ex.o
                0x000000000800a256                PCD_WritePMA
 .text.PCD_ReadPMA
                0x000000000800a272       0x1c build/Drivers/STM32F3xx_HAL_Driver/Src/stm32f3xx_hal_pcd_ex.o
                0x000000000800a272                PCD_ReadPMA
 .text.HAL_PCDEx_SetConnectionState
                0x000000000800a28e        0x2 build/Drivers/STM32F3xx_HAL_Driver/Src/stm32f3xx_hal_pcd_ex.o
                0x000000000800a28e                HAL_PCDEx_SetConnectionState
 .text.I2C_TransferConfig
                0x000000000800a290       0x2a build/Drivers/STM32F3xx_HAL_Driver/Src/stm32f3xx_hal_i2c.o
 .text.I2C_IsAcknowledgeFailed
                0x000000000800a2ba       0x98 build/Drivers/STM32F3xx_HAL_Driver/Src/stm32f3xx_hal_i2c.o
 .text.I2C_WaitOnTXISFlagUntilTimeout
                0x000000000800a352       0x54 build/Drivers/STM32F3xx_HAL_Driver/Src/stm32f3xx_hal_i2c.o
 .text.I2C_WaitOnFlagUntilTimeout
                0x000000000800a3a6       0x64 build/Drivers/STM32F3xx_HAL_Driver/Src/stm32f3xx_hal_i2c.o
 .text.I2C_RequestMemoryWrite
                0x000000000800a40a       0x66 build/Drivers/STM32F3xx_HAL_Driver/Src/stm32f3xx_hal_i2c.o
 .text.I2C_RequestMemoryRead
                0x000000000800a470       0x64 build/Drivers/STM32F3xx_HAL_Driver/Src/stm32f3xx_hal_i2c.o
 .text.I2C_WaitOnSTOPFlagUntilTimeout
                0x000000000800a4d4       0x50 build/Drivers/STM32F3xx_HAL_Driver/Src/stm32f3xx_hal_i2c.o
 .text.HAL_I2C_MspInit
                0x000000000800a524        0x2 build/Drivers/STM32F3xx_HAL_Driver/Src/stm32f3xx_hal_i2c.o
                0x000000000800a524                HAL_I2C_MspInit
 .text.HAL_I2C_Init
                0x000000000800a526       0x90 build/Drivers/STM32F3xx_HAL_Driver/Src/stm32f3xx_hal_i2c.o
                0x000000000800a526                HAL_I2C_Init
 .text.HAL_I2C_MspDeInit
                0x000000000800a5b6        0x2 build/Drivers/STM32F3xx_HAL_Driver/Src/stm32f3xx_hal_i2c.o
                0x000000000800a5b6                HAL_I2C_MspDeInit
 .text.HAL_I2C_DeInit
                0x000000000800a5b8       0x2e build/Drivers/STM32F3xx_HAL_Driver/Src/stm32f3xx_hal_i2c.o
                0x000000000800a5b8                HAL_I2C_DeInit
 .text.HAL_I2C_Mem_Write
                0x000000000800a5e6      0x104 build/Drivers/STM32F3xx_HAL_Driver/Src/stm32f3xx_hal_i2c.o
                0x000000000800a5e6                HAL_I2C_Mem_Write
 .text.HAL_I2C_Mem_Read
                0x000000000800a6ea      0x10e build/Drivers/STM32F3xx_HAL_Driver/Src/stm32f3xx_hal_i2c.o
                0x000000000800a6ea                HAL_I2C_Mem_Read
 .text.HAL_I2C_GetState
                0x000000000800a7f8        0x6 build/Drivers/STM32F3xx_HAL_Driver/Src/stm32f3xx_hal_i2c.o
                0x000000000800a7f8                HAL_I2C_GetState
 .text.SPI_WaitFifoStateUntilTimeout
                0x000000000800a7fe       0x94 build/Drivers/STM32F3xx_HAL_Driver/Src/stm32f3xx_hal_spi.o
 .text.SPI_WaitFlagStateUntilTimeout
                0x000000000800a892       0x82 build/Drivers/STM32F3xx_HAL_Driver/Src/stm32f3xx_hal_spi.o
 .text.SPI_EndRxTxTransaction
                0x000000000800a914       0x4c build/Drivers/STM32F3xx_HAL_Driver/Src/stm32f3xx_hal_spi.o
 .text.HAL_SPI_MspInit
                0x000000000800a960        0x2 build/Drivers/STM32F3xx_HAL_Driver/Src/stm32f3xx_hal_spi.o
                0x000000000800a960                HAL_SPI_MspInit
 .text.HAL_SPI_Init
                0x000000000800a962       0xa4 build/Drivers/STM32F3xx_HAL_Driver/Src/stm32f3xx_hal_spi.o
                0x000000000800a962                HAL_SPI_Init
 .text.HAL_SPI_MspDeInit
                0x000000000800aa06        0x2 build/Drivers/STM32F3xx_HAL_Driver/Src/stm32f3xx_hal_spi.o
                0x000000000800aa06                HAL_SPI_MspDeInit
 .text.HAL_SPI_DeInit
                0x000000000800aa08       0x2a build/Drivers/STM32F3xx_HAL_Driver/Src/stm32f3xx_hal_spi.o
                0x000000000800aa08                HAL_SPI_DeInit
 .text.HAL_SPI_TransmitReceive
                0x000000000800aa32      0x270 build/Drivers/STM32F3xx_HAL_Driver/Src/stm32f3xx_hal_spi.o
                0x000000000800aa32                HAL_SPI_TransmitReceive
 .text.HAL_SPI_GetState
                0x000000000800aca2        0x6 build/Drivers/STM32F3xx_HAL_Driver/Src/stm32f3xx_hal_spi.o
                0x000000000800aca2                HAL_SPI_GetState
 .text.USBD_Init
                0x000000000800aca8       0x2a build/Drivers/STM32_USB_Device_Library/Core/Src/usbd_core.o
                0x000000000800aca8                USBD_Init
 .text.USBD_RegisterClass
                0x000000000800acd2        0xe build/Drivers/STM32_USB_Device_Library/Core/Src/usbd_core.o
                0x000000000800acd2                USBD_RegisterClass
 .text.USBD_Start
                0x000000000800ace0        0xa build/Drivers/STM32_USB_Device_Library/Core/Src/usbd_core.o
                0x000000000800ace0                USBD_Start
 .text.USBD_SetClassConfig
                0x000000000800acea       0x16 build/Drivers/STM32_USB_Device_Library/Core/Src/usbd_core.o
                0x000000000800acea                USBD_SetClassConfig
 .text.USBD_ClrClassConfig
                0x000000000800ad00        0xe build/Drivers/STM32_USB_Device_Library/Core/Src/usbd_core.o
                0x000000000800ad00                USBD_ClrClassConfig
 .text.USBD_LL_SetupStage
                0x000000000800ad0e       0x5a build/Drivers/STM32_USB_Device_Library/Core/Src/usbd_core.o
                0x000000000800ad0e                USBD_LL_SetupStage
 .text.USBD_LL_DataOutStage
                0x000000000800ad68       0x60 build/Drivers/STM32_USB_Device_Library/Core/Src/usbd_core.o
                0x000000000800ad68                USBD_LL_DataOutStage
 .text.USBD_LL_DataInStage
                0x000000000800adc8       0x8c build/Drivers/STM32_USB_Device_Library/Core/Src/usbd_core.o
                0x000000000800adc8                USBD_LL_DataInStage
 .text.USBD_LL_Reset
                0x000000000800ae54       0x3e build/Drivers/STM32_USB_Device_Library/Core/Src/usbd_core.o
                0x000000000800ae54                USBD_LL_Reset
 .text.USBD_LL_SetSpeed
                0x000000000800ae92        0x6 build/Drivers/STM32_USB_Device_Library/Core/Src/usbd_core.o
                0x000000000800ae92                USBD_LL_SetSpeed
 .text.USBD_LL_SOF
                0x000000000800ae98       0x18 build/Drivers/STM32_USB_Device_Library/Core/Src/usbd_core.o
                0x000000000800ae98                USBD_LL_SOF
 .text.USBD_CtlError.constprop.0
                0x000000000800aeb0       0x16 build/Drivers/STM32_USB_Device_Library/Core/Src/usbd_ctlreq.o
 *fill*         0x000000000800aec6        0x2 
 .text.USBD_StdDevReq
                0x000000000800aec8      0x1f4 build/Drivers/STM32_USB_Device_Library/Core/Src/usbd_ctlreq.o
                0x000000000800aec8                USBD_StdDevReq
 .text.USBD_StdItfReq
                0x000000000800b0bc       0x30 build/Drivers/STM32_USB_Device_Library/Core/Src/usbd_ctlreq.o
                0x000000000800b0bc                USBD_StdItfReq
 .text.USBD_StdEPReq
                0x000000000800b0ec       0xae build/Drivers/STM32_USB_Device_Library/Core/Src/usbd_ctlreq.o
                0x000000000800b0ec                USBD_StdEPReq
 .text.USBD_ParseSetupRequest
                0x000000000800b19a       0x28 build/Drivers/STM32_USB_Device_Library/Core/Src/usbd_ctlreq.o
                0x000000000800b19a                USBD_ParseSetupRequest
 .text.USBD_GetString
                0x000000000800b1c2       0x38 build/Drivers/STM32_USB_Device_Library/Core/Src/usbd_ctlreq.o
                0x000000000800b1c2                USBD_GetString
 .text.USBD_CtlSendData
                0x000000000800b1fa       0x1a build/Drivers/STM32_USB_Device_Library/Core/Src/usbd_ioreq.o
                0x000000000800b1fa                USBD_CtlSendData
 .text.USBD_CtlContinueSendData
                0x000000000800b214       0x10 build/Drivers/STM32_USB_Device_Library/Core/Src/usbd_ioreq.o
                0x000000000800b214                USBD_CtlContinueSendData
 .text.USBD_CtlPrepareRx
                0x000000000800b224       0x1a build/Drivers/STM32_USB_Device_Library/Core/Src/usbd_ioreq.o
                0x000000000800b224                USBD_CtlPrepareRx
 .text.USBD_CtlContinueRx
                0x000000000800b23e       0x10 build/Drivers/STM32_USB_Device_Library/Core/Src/usbd_ioreq.o
                0x000000000800b23e                USBD_CtlContinueRx
 .text.USBD_CtlSendStatus
                0x000000000800b24e       0x16 build/Drivers/STM32_USB_Device_Library/Core/Src/usbd_ioreq.o
                0x000000000800b24e                USBD_CtlSendStatus
 .text.USBD_CtlReceiveStatus
                0x000000000800b264       0x16 build/Drivers/STM32_USB_Device_Library/Core/Src/usbd_ioreq.o
                0x000000000800b264                USBD_CtlReceiveStatus
 .text.USBD_CDC_DataIn
                0x000000000800b27a       0x12 build/Drivers/STM32_USB_Device_Library/Class/CDC/Src/usbd_cdc.o
 .text.USBD_CDC_EP0_RxReady
                0x000000000800b28c       0x28 build/Drivers/STM32_USB_Device_Library/Class/CDC/Src/usbd_cdc.o
 .text.USBD_CDC_GetFSCfgDesc
                0x000000000800b2b4        0xc build/Drivers/STM32_USB_Device_Library/Class/CDC/Src/usbd_cdc.o
 .text.USBD_CDC_GetHSCfgDesc
                0x000000000800b2c0        0xc build/Drivers/STM32_USB_Device_Library/Class/CDC/Src/usbd_cdc.o
 .text.USBD_CDC_GetOtherSpeedCfgDesc
                0x000000000800b2cc        0xc build/Drivers/STM32_USB_Device_Library/Class/CDC/Src/usbd_cdc.o
 .text.USBD_CDC_GetDeviceQualifierDescriptor
                0x000000000800b2d8        0xc build/Drivers/STM32_USB_Device_Library/Class/CDC/Src/usbd_cdc.o
                0x000000000800b2d8                USBD_CDC_GetDeviceQualifierDescriptor
 .text.USBD_CDC_DataOut
                0x000000000800b2e4       0x2e build/Drivers/STM32_USB_Device_Library/Class/CDC/Src/usbd_cdc.o
 .text.USBD_CDC_Setup
                0x000000000800b312       0x56 build/Drivers/STM32_USB_Device_Library/Class/CDC/Src/usbd_cdc.o
 .text.USBD_CDC_DeInit
                0x000000000800b368       0x3a build/Drivers/STM32_USB_Device_Library/Class/CDC/Src/usbd_cdc.o
 .text.USBD_CDC_Init
                0x000000000800b3a2       0x8c build/Drivers/STM32_USB_Device_Library/Class/CDC/Src/usbd_cdc.o
 .text.USBD_CDC_RegisterInterface
                0x000000000800b42e        0xe build/Drivers/STM32_USB_Device_Library/Class/CDC/Src/usbd_cdc.o
                0x000000000800b42e                USBD_CDC_RegisterInterface
 .text.USBD_CDC_SetTxBuffer
                0x000000000800b43c       0x10 build/Drivers/STM32_USB_Device_Library/Class/CDC/Src/usbd_cdc.o
                0x000000000800b43c                USBD_CDC_SetTxBuffer
 .text.USBD_CDC_SetRxBuffer
                0x000000000800b44c        0xc build/Drivers/STM32_USB_Device_Library/Class/CDC/Src/usbd_cdc.o
                0x000000000800b44c                USBD_CDC_SetRxBuffer
 .text.USBD_CDC_TransmitPacket
                0x000000000800b458       0x2e build/Drivers/STM32_USB_Device_Library/Class/CDC/Src/usbd_cdc.o
                0x000000000800b458                USBD_CDC_TransmitPacket
 .text.USBD_CDC_ReceivePacket
                0x000000000800b486       0x2e build/Drivers/STM32_USB_Device_Library/Class/CDC/Src/usbd_cdc.o
                0x000000000800b486                USBD_CDC_ReceivePacket
 .text.HAL_PCD_MspInit
                0x000000000800b4b4       0x98 build/usbd_conf.o
                0x000000000800b4b4                HAL_PCD_MspInit
 .text.HAL_PCD_SetupStageCallback
                0x000000000800b54c        0xc build/usbd_conf.o
                0x000000000800b54c                HAL_PCD_SetupStageCallback
 .text.HAL_PCD_DataOutStageCallback
                0x000000000800b558       0x12 build/usbd_conf.o
                0x000000000800b558                HAL_PCD_DataOutStageCallback
 .text.HAL_PCD_DataInStageCallback
                0x000000000800b56a       0x10 build/usbd_conf.o
                0x000000000800b56a                HAL_PCD_DataInStageCallback
 .text.HAL_PCD_SOFCallback
                0x000000000800b57a        0x8 build/usbd_conf.o
                0x000000000800b57a                HAL_PCD_SOFCallback
 .text.HAL_PCD_ResetCallback
                0x000000000800b582       0x1a build/usbd_conf.o
                0x000000000800b582                HAL_PCD_ResetCallback
 .text.HAL_PCD_SuspendCallback
                0x000000000800b59c        0x2 build/usbd_conf.o
                0x000000000800b59c                HAL_PCD_SuspendCallback
 .text.HAL_PCD_ResumeCallback
                0x000000000800b59e        0x2 build/usbd_conf.o
                0x000000000800b59e                HAL_PCD_ResumeCallback
 .text.USBD_LL_Init
                0x000000000800b5a0       0x7c build/usbd_conf.o
                0x000000000800b5a0                USBD_LL_Init
 .text.USBD_LL_Start
                0x000000000800b61c        0xe build/usbd_conf.o
                0x000000000800b61c                USBD_LL_Start
 .text.USBD_LL_OpenEP
                0x000000000800b62a       0x14 build/usbd_conf.o
                0x000000000800b62a                USBD_LL_OpenEP
 .text.USBD_LL_CloseEP
                0x000000000800b63e        0xe build/usbd_conf.o
                0x000000000800b63e                USBD_LL_CloseEP
 .text.USBD_LL_StallEP
                0x000000000800b64c        0xe build/usbd_conf.o
                0x000000000800b64c                USBD_LL_StallEP
 .text.USBD_LL_ClearStallEP
                0x000000000800b65a        0xe build/usbd_conf.o
                0x000000000800b65a                USBD_LL_ClearStallEP
 .text.USBD_LL_IsStallEP
                0x000000000800b668       0x26 build/usbd_conf.o
                0x000000000800b668                USBD_LL_IsStallEP
 .text.USBD_LL_SetUSBAddress
                0x000000000800b68e        0xe build/usbd_conf.o
                0x000000000800b68e                USBD_LL_SetUSBAddress
 .text.USBD_LL_Transmit
                0x000000000800b69c        0xe build/usbd_conf.o
                0x000000000800b69c                USBD_LL_Transmit
 .text.USBD_LL_PrepareReceive
                0x000000000800b6aa        0xe build/usbd_conf.o
                0x000000000800b6aa                USBD_LL_PrepareReceive
 .text.USBD_LL_GetRxDataSize
                0x000000000800b6b8        0xc build/usbd_conf.o
                0x000000000800b6b8                USBD_LL_GetRxDataSize
 .text.USBD_static_malloc
                0x000000000800b6c4        0x8 build/usbd_conf.o
                0x000000000800b6c4                USBD_static_malloc
 .text.USBD_static_free
                0x000000000800b6cc        0x2 build/usbd_conf.o
                0x000000000800b6cc                USBD_static_free
 *fill*         0x000000000800b6ce        0x2 
 .text.USBD_VCP_DeviceDescriptor
                0x000000000800b6d0        0xc build/usbd_desc.o
                0x000000000800b6d0                USBD_VCP_DeviceDescriptor
 .text.USBD_VCP_LangIDStrDescriptor
                0x000000000800b6dc        0xc build/usbd_desc.o
                0x000000000800b6dc                USBD_VCP_LangIDStrDescriptor
 .text.IntToUnicode
                0x000000000800b6e8       0x2a build/usbd_desc.o
 *fill*         0x000000000800b712        0x2 
 .text.USBD_VCP_SerialStrDescriptor
                0x000000000800b714       0x3c build/usbd_desc.o
                0x000000000800b714                USBD_VCP_SerialStrDescriptor
 .text.USBD_VCP_ProductStrDescriptor
                0x000000000800b750       0x1c build/usbd_desc.o
                0x000000000800b750                USBD_VCP_ProductStrDescriptor
 .text.USBD_VCP_ManufacturerStrDescriptor
                0x000000000800b76c       0x1c build/usbd_desc.o
                0x000000000800b76c                USBD_VCP_ManufacturerStrDescriptor
 .text.USBD_VCP_ConfigStrDescriptor
                0x000000000800b788       0x1c build/usbd_desc.o
                0x000000000800b788                USBD_VCP_ConfigStrDescriptor
 .text.USBD_VCP_InterfaceStrDescriptor
                0x000000000800b7a4       0x1c build/usbd_desc.o
                0x000000000800b7a4                USBD_VCP_InterfaceStrDescriptor
 .text.CDC_Itf_DeInit
                0x000000000800b7c0        0x4 build/usbd_cdc_interface.o
 .text.CDC_Itf_Control
                0x000000000800b7c4       0x48 build/usbd_cdc_interface.o
 .text.CDC_Itf_Receive
                0x000000000800b80c       0x1c build/usbd_cdc_interface.o
 .text.CDC_Itf_Init
                0x000000000800b828       0x18 build/usbd_cdc_interface.o
 .text.SPIx_Init
                0x000000000800b840       0x88 build/Drivers/BSP/STM32F3-Discovery/stm32f3_discovery.o
 .text.SPIx_WriteRead
                0x000000000800b8c8       0x40 build/Drivers/BSP/STM32F3-Discovery/stm32f3_discovery.o
 .text.I2Cx_Init
                0x000000000800b908       0x74 build/Drivers/BSP/STM32F3-Discovery/stm32f3_discovery.o
 .text.BSP_LED_Init
                0x000000000800b97c       0x6c build/Drivers/BSP/STM32F3-Discovery/stm32f3_discovery.o
                0x000000000800b97c                BSP_LED_Init
 .text.BSP_LED_On
                0x000000000800b9e8       0x1c build/Drivers/BSP/STM32F3-Discovery/stm32f3_discovery.o
                0x000000000800b9e8                BSP_LED_On
 .text.BSP_LED_Off
                0x000000000800ba04       0x1c build/Drivers/BSP/STM32F3-Discovery/stm32f3_discovery.o
                0x000000000800ba04                BSP_LED_Off
 .text.BSP_LED_Toggle
                0x000000000800ba20       0x18 build/Drivers/BSP/STM32F3-Discovery/stm32f3_discovery.o
                0x000000000800ba20                BSP_LED_Toggle
 .text.BSP_PB_Init
                0x000000000800ba38       0x74 build/Drivers/BSP/STM32F3-Discovery/stm32f3_discovery.o
                0x000000000800ba38                BSP_PB_Init
 .text.BSP_PB_GetState
                0x000000000800baac       0x14 build/Drivers/BSP/STM32F3-Discovery/stm32f3_discovery.o
                0x000000000800baac                BSP_PB_GetState
 .text.GYRO_IO_Init
                0x000000000800bac0       0x60 build/Drivers/BSP/STM32F3-Discovery/stm32f3_discovery.o
                0x000000000800bac0                GYRO_IO_Init
 .text.GYRO_IO_Write
                0x000000000800bb20       0x44 build/Drivers/BSP/STM32F3-Discovery/stm32f3_discovery.o
                0x000000000800bb20                GYRO_IO_Write
 .text.GYRO_IO_Read
                0x000000000800bb64       0x48 build/Drivers/BSP/STM32F3-Discovery/stm32f3_discovery.o
                0x000000000800bb64                GYRO_IO_Read
 .text.COMPASSACCELERO_IO_Init
                0x000000000800bbac       0x64 build/Drivers/BSP/STM32F3-Discovery/stm32f3_discovery.o
                0x000000000800bbac                COMPASSACCELERO_IO_Init
 .text.COMPASSACCELERO_IO_ITConfig
                0x000000000800bc10       0x48 build/Drivers/BSP/STM32F3-Discovery/stm32f3_discovery.o
                0x000000000800bc10                COMPASSACCELERO_IO_ITConfig
 .text.COMPASSACCELERO_IO_Write
                0x000000000800bc58       0x3c build/Drivers/BSP/STM32F3-Discovery/stm32f3_discovery.o
                0x000000000800bc58                COMPASSACCELERO_IO_Write
 .text.COMPASSACCELERO_IO_Read
                0x000000000800bc94       0x40 build/Drivers/BSP/STM32F3-Discovery/stm32f3_discovery.o
                0x000000000800bc94                COMPASSACCELERO_IO_Read
 .text.BSP_ACCELERO_Init
                0x000000000800bcd4       0x40 build/Drivers/BSP/STM32F3-Discovery/stm32f3_discovery_accelerometer.o
                0x000000000800bcd4                BSP_ACCELERO_Init
 .text.BSP_ACCELERO_GetXYZ
                0x000000000800bd14       0x10 build/Drivers/BSP/STM32F3-Discovery/stm32f3_discovery_accelerometer.o
                0x000000000800bd14                BSP_ACCELERO_GetXYZ
 .text.BSP_GYRO_Init
                0x000000000800bd24       0x68 build/Drivers/BSP/STM32F3-Discovery/stm32f3_discovery_gyroscope.o
                0x000000000800bd24                BSP_GYRO_Init
 .text.BSP_GYRO_GetXYZ
                0x000000000800bd8c       0x10 build/Drivers/BSP/STM32F3-Discovery/stm32f3_discovery_gyroscope.o
                0x000000000800bd8c                BSP_GYRO_GetXYZ
 .text.LSM303DLHC_AccDeInit
                0x000000000800bd9c        0x2 build/Drivers/BSP/Components/lsm303dlhc/lsm303dlhc.o
                0x000000000800bd9c                LSM303DLHC_AccDeInit
 .text.LSM303DLHC_AccInit
                0x000000000800bd9e       0x20 build/Drivers/BSP/Components/lsm303dlhc/lsm303dlhc.o
                0x000000000800bd9e                LSM303DLHC_AccInit
 .text.LSM303DLHC_AccReadID
                0x000000000800bdbe       0x12 build/Drivers/BSP/Components/lsm303dlhc/lsm303dlhc.o
                0x000000000800bdbe                LSM303DLHC_AccReadID
 .text.LSM303DLHC_AccRebootCmd
                0x000000000800bdd0       0x1c build/Drivers/BSP/Components/lsm303dlhc/lsm303dlhc.o
                0x000000000800bdd0                LSM303DLHC_AccRebootCmd
 .text.LSM303DLHC_AccFilterConfig
                0x000000000800bdec       0x20 build/Drivers/BSP/Components/lsm303dlhc/lsm303dlhc.o
                0x000000000800bdec                LSM303DLHC_AccFilterConfig
 .text.LSM303DLHC_AccFilterCmd
                0x000000000800be0c       0x20 build/Drivers/BSP/Components/lsm303dlhc/lsm303dlhc.o
                0x000000000800be0c                LSM303DLHC_AccFilterCmd
 .text.LSM303DLHC_AccReadXYZ
                0x000000000800be2c       0xae build/Drivers/BSP/Components/lsm303dlhc/lsm303dlhc.o
                0x000000000800be2c                LSM303DLHC_AccReadXYZ
 .text.LSM303DLHC_AccFilterClickCmd
                0x000000000800beda       0x20 build/Drivers/BSP/Components/lsm303dlhc/lsm303dlhc.o
                0x000000000800beda                LSM303DLHC_AccFilterClickCmd
 .text.LSM303DLHC_AccIT1Enable
                0x000000000800befa       0x1c build/Drivers/BSP/Components/lsm303dlhc/lsm303dlhc.o
                0x000000000800befa                LSM303DLHC_AccIT1Enable
 .text.LSM303DLHC_AccClickITEnable
                0x000000000800bf16       0x44 build/Drivers/BSP/Components/lsm303dlhc/lsm303dlhc.o
                0x000000000800bf16                LSM303DLHC_AccClickITEnable
 .text.LSM303DLHC_AccZClickITConfig
                0x000000000800bf5a       0x1c build/Drivers/BSP/Components/lsm303dlhc/lsm303dlhc.o
                0x000000000800bf5a                LSM303DLHC_AccZClickITConfig
 .text.L3GD20_DeInit
                0x000000000800bf76        0x2 build/Drivers/BSP/Components/l3gd20/l3gd20.o
                0x000000000800bf76                L3GD20_DeInit
 .text.L3GD20_Init
                0x000000000800bf78       0x34 build/Drivers/BSP/Components/l3gd20/l3gd20.o
                0x000000000800bf78                L3GD20_Init
 .text.L3GD20_LowPower
                0x000000000800bfac       0x18 build/Drivers/BSP/Components/l3gd20/l3gd20.o
                0x000000000800bfac                L3GD20_LowPower
 .text.L3GD20_ReadID
                0x000000000800bfc4       0x1c build/Drivers/BSP/Components/l3gd20/l3gd20.o
                0x000000000800bfc4                L3GD20_ReadID
 .text.L3GD20_RebootCmd
                0x000000000800bfe0       0x2c build/Drivers/BSP/Components/l3gd20/l3gd20.o
                0x000000000800bfe0                L3GD20_RebootCmd
 .text.L3GD20_INT1InterruptConfig
                0x000000000800c00c       0x5e build/Drivers/BSP/Components/l3gd20/l3gd20.o
                0x000000000800c00c                L3GD20_INT1InterruptConfig
 .text.L3GD20_EnableIT
                0x000000000800c06a       0x40 build/Drivers/BSP/Components/l3gd20/l3gd20.o
                0x000000000800c06a                L3GD20_EnableIT
 .text.L3GD20_DisableIT
                0x000000000800c0aa       0x3c build/Drivers/BSP/Components/l3gd20/l3gd20.o
                0x000000000800c0aa                L3GD20_DisableIT
 .text.L3GD20_FilterConfig
                0x000000000800c0e6       0x2e build/Drivers/BSP/Components/l3gd20/l3gd20.o
                0x000000000800c0e6                L3GD20_FilterConfig
 .text.L3GD20_FilterCmd
                0x000000000800c114       0x2e build/Drivers/BSP/Components/l3gd20/l3gd20.o
                0x000000000800c114                L3GD20_FilterCmd
 *fill*         0x000000000800c142        0x2 
 .text.L3GD20_ReadXYZAngRate
                0x000000000800c144       0xf0 build/Drivers/BSP/Components/l3gd20/l3gd20.o
                0x000000000800c144                L3GD20_ReadXYZAngRate
 .text.I3G4250D_DeInit
                0x000000000800c234        0x2 build/Drivers/BSP/Components/i3g4250d/i3g4250d.o
                0x000000000800c234                I3G4250D_DeInit
 .text.I3G4250D_Init
                0x000000000800c236       0x34 build/Drivers/BSP/Components/i3g4250d/i3g4250d.o
                0x000000000800c236                I3G4250D_Init
 .text.I3G4250D_LowPower
                0x000000000800c26a       0x18 build/Drivers/BSP/Components/i3g4250d/i3g4250d.o
                0x000000000800c26a                I3G4250D_LowPower
 .text.I3G4250D_ReadID
                0x000000000800c282       0x1c build/Drivers/BSP/Components/i3g4250d/i3g4250d.o
                0x000000000800c282                I3G4250D_ReadID
 .text.I3G4250D_RebootCmd
                0x000000000800c29e       0x2c build/Drivers/BSP/Components/i3g4250d/i3g4250d.o
                0x000000000800c29e                I3G4250D_RebootCmd
 .text.I3G4250D_INT1InterruptConfig
                0x000000000800c2ca       0x5e build/Drivers/BSP/Components/i3g4250d/i3g4250d.o
                0x000000000800c2ca                I3G4250D_INT1InterruptConfig
 .text.I3G4250D_EnableIT
                0x000000000800c328       0x40 build/Drivers/BSP/Components/i3g4250d/i3g4250d.o
                0x000000000800c328                I3G4250D_EnableIT
 .text.I3G4250D_DisableIT
                0x000000000800c368       0x3c build/Drivers/BSP/Components/i3g4250d/i3g4250d.o
                0x000000000800c368                I3G4250D_DisableIT
 .text.I3G4250D_FilterConfig
                0x000000000800c3a4       0x2e build/Drivers/BSP/Components/i3g4250d/i3g4250d.o
                0x000000000800c3a4                I3G4250D_FilterConfig
 .text.I3G4250D_FilterCmd
                0x000000000800c3d2       0x2e build/Drivers/BSP/Components/i3g4250d/i3g4250d.o
                0x000000000800c3d2                I3G4250D_FilterCmd
 .text.I3G4250D_ReadXYZAngRate
                0x000000000800c400       0xf0 build/Drivers/BSP/Components/i3g4250d/i3g4250d.o
                0x000000000800c400                I3G4250D_ReadXYZAngRate
 .text.LSM303AGR_AccDeInit
                0x000000000800c4f0        0x2 build/Drivers/BSP/Components/lsm303agr/lsm303agr.o
                0x000000000800c4f0                LSM303AGR_AccDeInit
 .text.LSM303AGR_AccInit
                0x000000000800c4f2       0x20 build/Drivers/BSP/Components/lsm303agr/lsm303agr.o
                0x000000000800c4f2                LSM303AGR_AccInit
 .text.LSM303AGR_AccReadID
                0x000000000800c512       0x12 build/Drivers/BSP/Components/lsm303agr/lsm303agr.o
                0x000000000800c512                LSM303AGR_AccReadID
 .text.LSM303AGR_AccRebootCmd
                0x000000000800c524       0x1c build/Drivers/BSP/Components/lsm303agr/lsm303agr.o
                0x000000000800c524                LSM303AGR_AccRebootCmd
 .text.LSM303AGR_AccFilterConfig
                0x000000000800c540       0x20 build/Drivers/BSP/Components/lsm303agr/lsm303agr.o
                0x000000000800c540                LSM303AGR_AccFilterConfig
 .text.LSM303AGR_AccFilterCmd
                0x000000000800c560       0x20 build/Drivers/BSP/Components/lsm303agr/lsm303agr.o
                0x000000000800c560                LSM303AGR_AccFilterCmd
 .text.LSM303AGR_AccReadXYZ
                0x000000000800c580       0xae build/Drivers/BSP/Components/lsm303agr/lsm303agr.o
                0x000000000800c580                LSM303AGR_AccReadXYZ
 .text.LSM303AGR_AccFilterClickCmd
                0x000000000800c62e       0x20 build/Drivers/BSP/Components/lsm303agr/lsm303agr.o
                0x000000000800c62e                LSM303AGR_AccFilterClickCmd
 .text.LSM303AGR_AccIT1Enable
                0x000000000800c64e       0x1c build/Drivers/BSP/Components/lsm303agr/lsm303agr.o
                0x000000000800c64e                LSM303AGR_AccIT1Enable
 .text.LSM303AGR_AccClickITEnable
                0x000000000800c66a       0x44 build/Drivers/BSP/Components/lsm303agr/lsm303agr.o
                0x000000000800c66a                LSM303AGR_AccClickITEnable
 .text.LSM303AGR_AccZClickITConfig
                0x000000000800c6ae       0x1c build/Drivers/BSP/Components/lsm303agr/lsm303agr.o
                0x000000000800c6ae                LSM303AGR_AccZClickITConfig
 *fill*         0x000000000800c6ca        0x2 
 .text.Reset_Handler
                0x000000000800c6cc       0x50 build/Drivers/CMSIS/Device/ST/STM32F3xx/Source/Templates/gcc/startup_stm32f303xc.o
                0x000000000800c6cc                Reset_Handler
 .text.Default_Handler
                0x000000000800c71c        0x2 build/Drivers/CMSIS/Device/ST/STM32F3xx/Source/Templates/gcc/startup_stm32f303xc.o
                0x000000000800c71c                RTC_Alarm_IRQHandler
                0x000000000800c71c                TIM8_TRG_COM_IRQHandler
                0x000000000800c71c                TIM8_CC_IRQHandler
                0x000000000800c71c                DebugMon_Handler
                0x000000000800c71c                TIM1_CC_IRQHandler
                0x000000000800c71c                HardFault_Handler
                0x000000000800c71c                USB_HP_IRQHandler
                0x000000000800c71c                PVD_IRQHandler
                0x000000000800c71c                TAMP_STAMP_IRQHandler
                0x000000000800c71c                PendSV_Handler
                0x000000000800c71c                NMI_Handler
                0x000000000800c71c                EXTI3_IRQHandler
                0x000000000800c71c                USB_HP_CAN_TX_IRQHandler
                0x000000000800c71c                EXTI0_IRQHandler
                0x000000000800c71c                I2C2_EV_IRQHandler
                0x000000000800c71c                FPU_IRQHandler
                0x000000000800c71c                TIM1_UP_TIM16_IRQHandler
                0x000000000800c71c                UsageFault_Handler
                0x000000000800c71c                ADC1_2_IRQHandler
                0x000000000800c71c                SPI1_IRQHandler
                0x000000000800c71c                CAN_SCE_IRQHandler
                0x000000000800c71c                TIM6_DAC_IRQHandler
                0x000000000800c71c                TIM8_UP_IRQHandler
                0x000000000800c71c                DMA2_Channel2_IRQHandler
                0x000000000800c71c                DMA1_Channel4_IRQHandler
                0x000000000800c71c                USART3_IRQHandler
                0x000000000800c71c                DMA1_Channel7_IRQHandler
                0x000000000800c71c                UART5_IRQHandler
                0x000000000800c71c                ADC3_IRQHandler
                0x000000000800c71c                TIM4_IRQHandler
                0x000000000800c71c                CAN_RX1_IRQHandler
                0x000000000800c71c                DMA2_Channel1_IRQHandler
                0x000000000800c71c                I2C1_EV_IRQHandler
                0x000000000800c71c                DMA1_Channel6_IRQHandler
                0x000000000800c71c                UART4_IRQHandler
                0x000000000800c71c                DMA2_Channel4_IRQHandler
                0x000000000800c71c                TIM3_IRQHandler
                0x000000000800c71c                RCC_IRQHandler
                0x000000000800c71c                DMA1_Channel1_IRQHandler
                0x000000000800c71c                Default_Handler
                0x000000000800c71c                USBWakeUp_RMP_IRQHandler
                0x000000000800c71c                EXTI15_10_IRQHandler
                0x000000000800c71c                TIM7_IRQHandler
                0x000000000800c71c                EXTI9_5_IRQHandler
                0x000000000800c71c                RTC_WKUP_IRQHandler
                0x000000000800c71c                SPI2_IRQHandler
                0x000000000800c71c                MemManage_Handler
                0x000000000800c71c                SVC_Handler
                0x000000000800c71c                DMA2_Channel5_IRQHandler
                0x000000000800c71c                DMA1_Channel5_IRQHandler
                0x000000000800c71c                USB_LP_IRQHandler
                0x000000000800c71c                EXTI4_IRQHandler
                0x000000000800c71c                TIM1_TRG_COM_TIM17_IRQHandler
                0x000000000800c71c                DMA1_Channel3_IRQHandler
                0x000000000800c71c                ADC4_IRQHandler
                0x000000000800c71c                WWDG_IRQHandler
                0x000000000800c71c                TIM2_IRQHandler
                0x000000000800c71c                COMP7_IRQHandler
                0x000000000800c71c                COMP1_2_3_IRQHandler
                0x000000000800c71c                EXTI1_IRQHandler
                0x000000000800c71c                USART2_IRQHandler
                0x000000000800c71c                COMP4_5_6_IRQHandler
                0x000000000800c71c                I2C2_ER_IRQHandler
                0x000000000800c71c                DMA1_Channel2_IRQHandler
                0x000000000800c71c                TIM8_BRK_IRQHandler
                0x000000000800c71c                FLASH_IRQHandler
                0x000000000800c71c                BusFault_Handler
                0x000000000800c71c                USART1_IRQHandler
                0x000000000800c71c                SPI3_IRQHandler
                0x000000000800c71c                I2C1_ER_IRQHandler
                0x000000000800c71c                USBWakeUp_IRQHandler
                0x000000000800c71c                DMA2_Channel3_IRQHandler
                0x000000000800c71c                EXTI2_TSC_IRQHandler
                0x000000000800c71c                TIM1_BRK_TIM15_IRQHandler
 *fill*         0x000000000800c71e        0x2 
 .text.startup  0x000000000800c720       0x14 /usr/lib/gcc/arm-none-eabi/10.3.1/../../../arm-none-eabi/lib/thumb/v7e-m+fp/hard/libg.a(lib_a-__call_atexit.o)
 *(.glue_7)
 .glue_7        0x000000000800c734        0x0 linker stubs
 *(.glue_7t)
 .glue_7t       0x000000000800c734        0x0 linker stubs
 *(.eh_frame)
 .eh_frame      0x000000000800c734        0x0 /usr/lib/gcc/arm-none-eabi/10.3.1/thumb/v7e-m+fp/hard/crtbegin.o
 *(.init)
 .init          0x000000000800c734        0x4 /usr/lib/gcc/arm-none-eabi/10.3.1/thumb/v7e-m+fp/hard/crti.o
                0x000000000800c734                _init
 .init          0x000000000800c738        0x8 /usr/lib/gcc/arm-none-eabi/10.3.1/thumb/v7e-m+fp/hard/crtn.o
 *(.fini)
 .fini          0x000000000800c740        0x4 /usr/lib/gcc/arm-none-eabi/10.3.1/thumb/v7e-m+fp/hard/crti.o
                0x000000000800c740                _fini
 .fini          0x000000000800c744        0x8 /usr/lib/gcc/arm-none-eabi/10.3.1/thumb/v7e-m+fp/hard/crtn.o
                0x000000000800c74c                . = ALIGN (0x4)
                0x000000000800c74c                _etext = .

.vfp11_veneer   0x000000000800c74c        0x0
 .vfp11_veneer  0x000000000800c74c        0x0 linker stubs

.v4_bx          0x000000000800c74c        0x0
 .v4_bx         0x000000000800c74c        0x0 linker stubs

.iplt           0x000000000800c74c        0x0
 .iplt          0x000000000800c74c        0x0 /usr/lib/gcc/arm-none-eabi/10.3.1/thumb/v7e-m+fp/hard/crtbegin.o

.rodata         0x000000000800c750     0xfa94
                0x000000000800c750                . = ALIGN (0x4)
 *(.rodata)
 .rodata        0x000000000800c750      0x494 build/decoder/STM32F30x_decoder.o
 .rodata        0x000000000800cbe4      0x101 /usr/lib/gcc/arm-none-eabi/10.3.1/../../../arm-none-eabi/lib/thumb/v7e-m+fp/hard/libg.a(lib_a-ctype_.o)
                0x000000000800cbe4                _ctype_
 *fill*         0x000000000800cce5        0x3 
 .rodata        0x000000000800cce8        0x4 /usr/lib/gcc/arm-none-eabi/10.3.1/../../../arm-none-eabi/lib/thumb/v7e-m+fp/hard/libg.a(lib_a-impure.o)
                0x000000000800cce8                _global_impure_ptr
 .rodata        0x000000000800ccec       0x20 /usr/lib/gcc/arm-none-eabi/10.3.1/../../../arm-none-eabi/lib/thumb/v7e-m+fp/hard/libg.a(lib_a-vfprintf.o)
 *fill*         0x000000000800cd0c        0x4 
 .rodata        0x000000000800cd10      0x128 /usr/lib/gcc/arm-none-eabi/10.3.1/../../../arm-none-eabi/lib/thumb/v7e-m+fp/hard/libg.a(lib_a-mprec.o)
                0x000000000800cd20                __mprec_tens
                0x000000000800cde8                __mprec_tinytens
                0x000000000800ce10                __mprec_bigtens
 .rodata        0x000000000800ce38       0x20 /usr/lib/gcc/arm-none-eabi/10.3.1/../../../arm-none-eabi/lib/thumb/v7e-m+fp/hard/libg.a(lib_a-vfiprintf.o)
 *(.rodata*)
 .rodata.CmdLED.str1.1
                0x000000000800ce58       0x68 build/main.o
 .rodata.CmdAccel.str1.1
                0x000000000800cec0       0x33 build/main.o
 .rodata.CmdGyro.str1.1
                0x000000000800cef3       0x2f build/main.o
 .rodata.CmdButton.str1.1
                0x000000000800cf22       0x2a build/main.o
 .rodata.main.str1.1
                0x000000000800cf4c       0x41 build/main.o
 .rodata.str1.1
                0x000000000800cf8d       0x9d build/main.o
                                         0xa4 (size before relaxing)
 .rodata.LEDs   0x000000000800d02a        0x8 build/main.o
                0x000000000800d02a                LEDs
 .rodata.CmdTest.str1.1
                0x000000000800d032       0x47 build/mytest.o
 .rodata.str1.1
                0x000000000800d079       0x16 build/mytest.o
 .rodata.AddTest.str1.1
                0x000000000800d08f       0x4f build/mes/pt_hook.o
 .rodata._pt_A2.str1.1
                0x000000000800d0de       0x1d build/mes/pt_hook.o
 .rodata.str1.1
                0x000000000800d0fb       0x70 build/mes/pt_hook.o
 .rodata.CmdR.str1.1
                0x000000000800d16b       0x10 build/monitor.o
 .rodata.str1.1
                0x000000000800d17b       0x3b build/monitor.o
                                         0x3d (size before relaxing)
 .rodata.parse.str1.1
                0x000000000800d1b6       0xd6 build/parser.o
 .rodata.TaskInput.str1.1
                0x000000000800d28c        0xb build/parser.o
                                          0xe (size before relaxing)
 .rodata.__FUNCTION__.0
                0x000000000800d297        0x6 build/parser.o
 .rodata.DumpBuffer.str1.1
                0x000000000800d29d       0x16 build/dump.o
 .rodata.CmdDump.str1.1
                0x000000000800d2b3      0x1ca build/dump.o
 .rodata.str1.1
                0x000000000800d47d       0x1c build/dump.o
                                         0x1e (size before relaxing)
 .rodata.CmdStats.str1.1
                0x000000000800d499       0x78 build/terminal.o
 .rodata._write_r.str1.1
                0x000000000800d511       0x78 build/terminal.o
                                          0x2 (size before relaxing)
 .rodata.str1.1
                0x000000000800d511       0x32 build/terminal.o
 .rodata.Uncompress.str1.1
                0x000000000800d543       0x26 build/decoder/decoder.o
 .rodata.DecodeReadRegister.str1.1
                0x000000000800d569       0x35 build/decoder/decoder.o
 .rodata.DecodeField.str1.1
                0x000000000800d59e       0x35 build/decoder/decoder.o
 .rodata.DecodeRegister.str1.1
                0x000000000800d5d3       0x3b build/decoder/decoder.o
 .rodata.DecodePeripheral.str1.1
                0x000000000800d60e       0x28 build/decoder/decoder.o
 .rodata.DecodePrintPeripherals.str1.1
                0x000000000800d636        0x3 build/decoder/decoder.o
                                          0x9 (size before relaxing)
 .rodata.CmdDecode.str1.1
                0x000000000800d639      0x403 build/decoder/decoder.o
                                        0x405 (size before relaxing)
 .rodata.str1.1
                0x000000000800da3c       0x21 build/decoder/decoder.o
                                         0x28 (size before relaxing)
 .rodata.str1.1
                0x000000000800da5d     0x28bc build/decoder/STM32F30x_decoder.o
                                       0x2921 (size before relaxing)
 *fill*         0x0000000008010319        0x3 
 .rodata.ADC1_2_CCR_fields
                0x000000000801031c       0x40 build/decoder/STM32F30x_decoder.o
                0x000000000801031c                ADC1_2_CCR_fields
 .rodata.ADC1_2_CDR_fields
                0x000000000801035c       0x10 build/decoder/STM32F30x_decoder.o
                0x000000000801035c                ADC1_2_CDR_fields
 .rodata.ADC1_2_CSR_fields
                0x000000000801036c       0xb0 build/decoder/STM32F30x_decoder.o
                0x000000000801036c                ADC1_2_CSR_fields
 .rodata.ADC1_2_registers
                0x000000000801041c       0x30 build/decoder/STM32F30x_decoder.o
                0x000000000801041c                ADC1_2_registers
 .rodata.ADC1_AWD2CR_fields
                0x000000000801044c        0x8 build/decoder/STM32F30x_decoder.o
                0x000000000801044c                ADC1_AWD2CR_fields
 .rodata.ADC1_AWD3CR_fields
                0x0000000008010454        0x8 build/decoder/STM32F30x_decoder.o
                0x0000000008010454                ADC1_AWD3CR_fields
 .rodata.ADC1_CALFACT_fields
                0x000000000801045c       0x10 build/decoder/STM32F30x_decoder.o
                0x000000000801045c                ADC1_CALFACT_fields
 .rodata.ADC1_CFGR_fields
                0x000000000801046c       0x98 build/decoder/STM32F30x_decoder.o
                0x000000000801046c                ADC1_CFGR_fields
 .rodata.ADC1_CR_fields
                0x0000000008010504       0x50 build/decoder/STM32F30x_decoder.o
                0x0000000008010504                ADC1_CR_fields
 .rodata.ADC1_DIFSEL_fields
                0x0000000008010554       0x10 build/decoder/STM32F30x_decoder.o
                0x0000000008010554                ADC1_DIFSEL_fields
 .rodata.ADC1_DR_fields
                0x0000000008010564        0x8 build/decoder/STM32F30x_decoder.o
                0x0000000008010564                ADC1_DR_fields
 .rodata.ADC1_IER_fields
                0x000000000801056c       0x58 build/decoder/STM32F30x_decoder.o
                0x000000000801056c                ADC1_IER_fields
 .rodata.ADC1_ISR_fields
                0x00000000080105c4       0x58 build/decoder/STM32F30x_decoder.o
                0x00000000080105c4                ADC1_ISR_fields
 .rodata.ADC1_JDR1_fields
                0x000000000801061c        0x8 build/decoder/STM32F30x_decoder.o
                0x000000000801061c                ADC1_JDR1_fields
 .rodata.ADC1_JDR2_fields
                0x0000000008010624        0x8 build/decoder/STM32F30x_decoder.o
                0x0000000008010624                ADC1_JDR2_fields
 .rodata.ADC1_JDR3_fields
                0x000000000801062c        0x8 build/decoder/STM32F30x_decoder.o
                0x000000000801062c                ADC1_JDR3_fields
 .rodata.ADC1_JDR4_fields
                0x0000000008010634        0x8 build/decoder/STM32F30x_decoder.o
                0x0000000008010634                ADC1_JDR4_fields
 .rodata.ADC1_JSQR_fields
                0x000000000801063c       0x38 build/decoder/STM32F30x_decoder.o
                0x000000000801063c                ADC1_JSQR_fields
 .rodata.ADC1_OFR1_fields
                0x0000000008010674       0x18 build/decoder/STM32F30x_decoder.o
                0x0000000008010674                ADC1_OFR1_fields
 .rodata.ADC1_OFR2_fields
                0x000000000801068c       0x18 build/decoder/STM32F30x_decoder.o
                0x000000000801068c                ADC1_OFR2_fields
 .rodata.ADC1_OFR3_fields
                0x00000000080106a4       0x18 build/decoder/STM32F30x_decoder.o
                0x00000000080106a4                ADC1_OFR3_fields
 .rodata.ADC1_OFR4_fields
                0x00000000080106bc       0x18 build/decoder/STM32F30x_decoder.o
                0x00000000080106bc                ADC1_OFR4_fields
 .rodata.ADC1_SMPR1_fields
                0x00000000080106d4       0x48 build/decoder/STM32F30x_decoder.o
                0x00000000080106d4                ADC1_SMPR1_fields
 .rodata.ADC1_SMPR2_fields
                0x000000000801071c       0x48 build/decoder/STM32F30x_decoder.o
                0x000000000801071c                ADC1_SMPR2_fields
 .rodata.ADC1_SQR1_fields
                0x0000000008010764       0x28 build/decoder/STM32F30x_decoder.o
                0x0000000008010764                ADC1_SQR1_fields
 .rodata.ADC1_SQR2_fields
                0x000000000801078c       0x28 build/decoder/STM32F30x_decoder.o
                0x000000000801078c                ADC1_SQR2_fields
 .rodata.ADC1_SQR3_fields
                0x00000000080107b4       0x28 build/decoder/STM32F30x_decoder.o
                0x00000000080107b4                ADC1_SQR3_fields
 .rodata.ADC1_SQR4_fields
                0x00000000080107dc       0x10 build/decoder/STM32F30x_decoder.o
                0x00000000080107dc                ADC1_SQR4_fields
 .rodata.ADC1_TR1_fields
                0x00000000080107ec       0x10 build/decoder/STM32F30x_decoder.o
                0x00000000080107ec                ADC1_TR1_fields
 .rodata.ADC1_TR2_fields
                0x00000000080107fc       0x10 build/decoder/STM32F30x_decoder.o
                0x00000000080107fc                ADC1_TR2_fields
 .rodata.ADC1_TR3_fields
                0x000000000801080c       0x10 build/decoder/STM32F30x_decoder.o
                0x000000000801080c                ADC1_TR3_fields
 .rodata.ADC1_registers
                0x000000000801081c      0x1b0 build/decoder/STM32F30x_decoder.o
                0x000000000801081c                ADC1_registers
 .rodata.CAN_BTR_fields
                0x00000000080109cc       0x30 build/decoder/STM32F30x_decoder.o
                0x00000000080109cc                CAN_BTR_fields
 .rodata.CAN_ESR_fields
                0x00000000080109fc       0x30 build/decoder/STM32F30x_decoder.o
                0x00000000080109fc                CAN_ESR_fields
 .rodata.CAN_F0R1_fields
                0x0000000008010a2c      0x100 build/decoder/STM32F30x_decoder.o
                0x0000000008010a2c                CAN_F0R1_fields
 .rodata.CAN_F0R2_fields
                0x0000000008010b2c      0x100 build/decoder/STM32F30x_decoder.o
                0x0000000008010b2c                CAN_F0R2_fields
 .rodata.CAN_F10R1_fields
                0x0000000008010c2c      0x100 build/decoder/STM32F30x_decoder.o
                0x0000000008010c2c                CAN_F10R1_fields
 .rodata.CAN_F10R2_fields
                0x0000000008010d2c      0x100 build/decoder/STM32F30x_decoder.o
                0x0000000008010d2c                CAN_F10R2_fields
 .rodata.CAN_F11R1_fields
                0x0000000008010e2c      0x100 build/decoder/STM32F30x_decoder.o
                0x0000000008010e2c                CAN_F11R1_fields
 .rodata.CAN_F11R2_fields
                0x0000000008010f2c      0x100 build/decoder/STM32F30x_decoder.o
                0x0000000008010f2c                CAN_F11R2_fields
 .rodata.CAN_F12R1_fields
                0x000000000801102c      0x100 build/decoder/STM32F30x_decoder.o
                0x000000000801102c                CAN_F12R1_fields
 .rodata.CAN_F12R2_fields
                0x000000000801112c      0x100 build/decoder/STM32F30x_decoder.o
                0x000000000801112c                CAN_F12R2_fields
 .rodata.CAN_F13R1_fields
                0x000000000801122c      0x100 build/decoder/STM32F30x_decoder.o
                0x000000000801122c                CAN_F13R1_fields
 .rodata.CAN_F13R2_fields
                0x000000000801132c      0x100 build/decoder/STM32F30x_decoder.o
                0x000000000801132c                CAN_F13R2_fields
 .rodata.CAN_F14R1_fields
                0x000000000801142c      0x100 build/decoder/STM32F30x_decoder.o
                0x000000000801142c                CAN_F14R1_fields
 .rodata.CAN_F14R2_fields
                0x000000000801152c      0x100 build/decoder/STM32F30x_decoder.o
                0x000000000801152c                CAN_F14R2_fields
 .rodata.CAN_F15R1_fields
                0x000000000801162c      0x100 build/decoder/STM32F30x_decoder.o
                0x000000000801162c                CAN_F15R1_fields
 .rodata.CAN_F15R2_fields
                0x000000000801172c      0x100 build/decoder/STM32F30x_decoder.o
                0x000000000801172c                CAN_F15R2_fields
 .rodata.CAN_F16R1_fields
                0x000000000801182c      0x100 build/decoder/STM32F30x_decoder.o
                0x000000000801182c                CAN_F16R1_fields
 .rodata.CAN_F16R2_fields
                0x000000000801192c      0x100 build/decoder/STM32F30x_decoder.o
                0x000000000801192c                CAN_F16R2_fields
 .rodata.CAN_F17R1_fields
                0x0000000008011a2c      0x100 build/decoder/STM32F30x_decoder.o
                0x0000000008011a2c                CAN_F17R1_fields
 .rodata.CAN_F17R2_fields
                0x0000000008011b2c      0x100 build/decoder/STM32F30x_decoder.o
                0x0000000008011b2c                CAN_F17R2_fields
 .rodata.CAN_F18R1_fields
                0x0000000008011c2c      0x100 build/decoder/STM32F30x_decoder.o
                0x0000000008011c2c                CAN_F18R1_fields
 .rodata.CAN_F18R2_fields
                0x0000000008011d2c      0x100 build/decoder/STM32F30x_decoder.o
                0x0000000008011d2c                CAN_F18R2_fields
 .rodata.CAN_F19R1_fields
                0x0000000008011e2c      0x100 build/decoder/STM32F30x_decoder.o
                0x0000000008011e2c                CAN_F19R1_fields
 .rodata.CAN_F19R2_fields
                0x0000000008011f2c      0x100 build/decoder/STM32F30x_decoder.o
                0x0000000008011f2c                CAN_F19R2_fields
 .rodata.CAN_F1R1_fields
                0x000000000801202c      0x100 build/decoder/STM32F30x_decoder.o
                0x000000000801202c                CAN_F1R1_fields
 .rodata.CAN_F1R2_fields
                0x000000000801212c      0x100 build/decoder/STM32F30x_decoder.o
                0x000000000801212c                CAN_F1R2_fields
 .rodata.CAN_F20R1_fields
                0x000000000801222c      0x100 build/decoder/STM32F30x_decoder.o
                0x000000000801222c                CAN_F20R1_fields
 .rodata.CAN_F20R2_fields
                0x000000000801232c      0x100 build/decoder/STM32F30x_decoder.o
                0x000000000801232c                CAN_F20R2_fields
 .rodata.CAN_F21R1_fields
                0x000000000801242c      0x100 build/decoder/STM32F30x_decoder.o
                0x000000000801242c                CAN_F21R1_fields
 .rodata.CAN_F21R2_fields
                0x000000000801252c      0x100 build/decoder/STM32F30x_decoder.o
                0x000000000801252c                CAN_F21R2_fields
 .rodata.CAN_F22R1_fields
                0x000000000801262c      0x100 build/decoder/STM32F30x_decoder.o
                0x000000000801262c                CAN_F22R1_fields
 .rodata.CAN_F22R2_fields
                0x000000000801272c      0x100 build/decoder/STM32F30x_decoder.o
                0x000000000801272c                CAN_F22R2_fields
 .rodata.CAN_F23R1_fields
                0x000000000801282c      0x100 build/decoder/STM32F30x_decoder.o
                0x000000000801282c                CAN_F23R1_fields
 .rodata.CAN_F23R2_fields
                0x000000000801292c      0x100 build/decoder/STM32F30x_decoder.o
                0x000000000801292c                CAN_F23R2_fields
 .rodata.CAN_F24R1_fields
                0x0000000008012a2c      0x100 build/decoder/STM32F30x_decoder.o
                0x0000000008012a2c                CAN_F24R1_fields
 .rodata.CAN_F24R2_fields
                0x0000000008012b2c      0x100 build/decoder/STM32F30x_decoder.o
                0x0000000008012b2c                CAN_F24R2_fields
 .rodata.CAN_F25R1_fields
                0x0000000008012c2c      0x100 build/decoder/STM32F30x_decoder.o
                0x0000000008012c2c                CAN_F25R1_fields
 .rodata.CAN_F25R2_fields
                0x0000000008012d2c      0x100 build/decoder/STM32F30x_decoder.o
                0x0000000008012d2c                CAN_F25R2_fields
 .rodata.CAN_F26R1_fields
                0x0000000008012e2c      0x100 build/decoder/STM32F30x_decoder.o
                0x0000000008012e2c                CAN_F26R1_fields
 .rodata.CAN_F26R2_fields
                0x0000000008012f2c      0x100 build/decoder/STM32F30x_decoder.o
                0x0000000008012f2c                CAN_F26R2_fields
 .rodata.CAN_F27R1_fields
                0x000000000801302c      0x100 build/decoder/STM32F30x_decoder.o
                0x000000000801302c                CAN_F27R1_fields
 .rodata.CAN_F27R2_fields
                0x000000000801312c      0x100 build/decoder/STM32F30x_decoder.o
                0x000000000801312c                CAN_F27R2_fields
 .rodata.CAN_F2R1_fields
                0x000000000801322c      0x100 build/decoder/STM32F30x_decoder.o
                0x000000000801322c                CAN_F2R1_fields
 .rodata.CAN_F2R2_fields
                0x000000000801332c      0x100 build/decoder/STM32F30x_decoder.o
                0x000000000801332c                CAN_F2R2_fields
 .rodata.CAN_F3R1_fields
                0x000000000801342c      0x100 build/decoder/STM32F30x_decoder.o
                0x000000000801342c                CAN_F3R1_fields
 .rodata.CAN_F3R2_fields
                0x000000000801352c      0x100 build/decoder/STM32F30x_decoder.o
                0x000000000801352c                CAN_F3R2_fields
 .rodata.CAN_F4R1_fields
                0x000000000801362c      0x100 build/decoder/STM32F30x_decoder.o
                0x000000000801362c                CAN_F4R1_fields
 .rodata.CAN_F4R2_fields
                0x000000000801372c      0x100 build/decoder/STM32F30x_decoder.o
                0x000000000801372c                CAN_F4R2_fields
 .rodata.CAN_F5R1_fields
                0x000000000801382c      0x100 build/decoder/STM32F30x_decoder.o
                0x000000000801382c                CAN_F5R1_fields
 .rodata.CAN_F5R2_fields
                0x000000000801392c      0x100 build/decoder/STM32F30x_decoder.o
                0x000000000801392c                CAN_F5R2_fields
 .rodata.CAN_F6R1_fields
                0x0000000008013a2c      0x100 build/decoder/STM32F30x_decoder.o
                0x0000000008013a2c                CAN_F6R1_fields
 .rodata.CAN_F6R2_fields
                0x0000000008013b2c      0x100 build/decoder/STM32F30x_decoder.o
                0x0000000008013b2c                CAN_F6R2_fields
 .rodata.CAN_F7R1_fields
                0x0000000008013c2c      0x100 build/decoder/STM32F30x_decoder.o
                0x0000000008013c2c                CAN_F7R1_fields
 .rodata.CAN_F7R2_fields
                0x0000000008013d2c      0x100 build/decoder/STM32F30x_decoder.o
                0x0000000008013d2c                CAN_F7R2_fields
 .rodata.CAN_F8R1_fields
                0x0000000008013e2c      0x100 build/decoder/STM32F30x_decoder.o
                0x0000000008013e2c                CAN_F8R1_fields
 .rodata.CAN_F8R2_fields
                0x0000000008013f2c      0x100 build/decoder/STM32F30x_decoder.o
                0x0000000008013f2c                CAN_F8R2_fields
 .rodata.CAN_F9R1_fields
                0x000000000801402c      0x100 build/decoder/STM32F30x_decoder.o
                0x000000000801402c                CAN_F9R1_fields
 .rodata.CAN_F9R2_fields
                0x000000000801412c      0x100 build/decoder/STM32F30x_decoder.o
                0x000000000801412c                CAN_F9R2_fields
 .rodata.CAN_FA1R_fields
                0x000000000801422c       0xe0 build/decoder/STM32F30x_decoder.o
                0x000000000801422c                CAN_FA1R_fields
 .rodata.CAN_FFA1R_fields
                0x000000000801430c       0xe0 build/decoder/STM32F30x_decoder.o
                0x000000000801430c                CAN_FFA1R_fields
 .rodata.CAN_FM1R_fields
                0x00000000080143ec       0xe0 build/decoder/STM32F30x_decoder.o
                0x00000000080143ec                CAN_FM1R_fields
 .rodata.CAN_FMR_fields
                0x00000000080144cc       0x10 build/decoder/STM32F30x_decoder.o
                0x00000000080144cc                CAN_FMR_fields
 .rodata.CAN_FS1R_fields
                0x00000000080144dc       0xe0 build/decoder/STM32F30x_decoder.o
                0x00000000080144dc                CAN_FS1R_fields
 .rodata.CAN_IER_fields
                0x00000000080145bc       0x70 build/decoder/STM32F30x_decoder.o
                0x00000000080145bc                CAN_IER_fields
 .rodata.CAN_MCR_fields
                0x000000000801462c       0x50 build/decoder/STM32F30x_decoder.o
                0x000000000801462c                CAN_MCR_fields
 .rodata.CAN_MSR_fields
                0x000000000801467c       0x48 build/decoder/STM32F30x_decoder.o
                0x000000000801467c                CAN_MSR_fields
 .rodata.CAN_RDH0R_fields
                0x00000000080146c4       0x20 build/decoder/STM32F30x_decoder.o
                0x00000000080146c4                CAN_RDH0R_fields
 .rodata.CAN_RDH1R_fields
                0x00000000080146e4       0x20 build/decoder/STM32F30x_decoder.o
                0x00000000080146e4                CAN_RDH1R_fields
 .rodata.CAN_RDL0R_fields
                0x0000000008014704       0x20 build/decoder/STM32F30x_decoder.o
                0x0000000008014704                CAN_RDL0R_fields
 .rodata.CAN_RDL1R_fields
                0x0000000008014724       0x20 build/decoder/STM32F30x_decoder.o
                0x0000000008014724                CAN_RDL1R_fields
 .rodata.CAN_RDT0R_fields
                0x0000000008014744       0x18 build/decoder/STM32F30x_decoder.o
                0x0000000008014744                CAN_RDT0R_fields
 .rodata.CAN_RDT1R_fields