Archive member included to satisfy reference by file (symbol)

/usr/lib/gcc/arm-none-eabi/10.3.1/../../../arm-none-eabi/lib/thumb/v7e-m+fp/hard/libg.a(lib_a-atexit.o)
                              /usr/lib/gcc/arm-none-eabi/10.3.1/../../../arm-none-eabi/lib/thumb/v7e-m+fp/hard/crt0.o (atexit)
/usr/lib/gcc/arm-none-eabi/10.3.1/../../../arm-none-eabi/lib/thumb/v7e-m+fp/hard/libg.a(lib_a-ctype_.o)
                              build/parser.o (_ctype_)
/usr/lib/gcc/arm-none-eabi/10.3.1/../../../arm-none-eabi/lib/thumb/v7e-m+fp/hard/libg.a(lib_a-errno.o)
                              build/syscall.o (__errno)
/usr/lib/gcc/arm-none-eabi/10.3.1/../../../arm-none-eabi/lib/thumb/v7e-m+fp/hard/libg.a(lib_a-exit.o)
                              /usr/lib/gcc/arm-none-eabi/10.3.1/../../../arm-none-eabi/lib/thumb/v7e-m+fp/hard/crt0.o (exit)
/usr/lib/gcc/arm-none-eabi/10.3.1/../../../arm-none-eabi/lib/thumb/v7e-m+fp/hard/libg.a(lib_a-fini.o)
                              /usr/lib/gcc/arm-none-eabi/10.3.1/../../../arm-none-eabi/lib/thumb/v7e-m+fp/hard/crt0.o (__libc_fini_array)
/usr/lib/gcc/arm-none-eabi/10.3.1/../../../arm-none-eabi/lib/thumb/v7e-m+fp/hard/libg.a(lib_a-impure.o)
                              /usr/lib/gcc/arm-none-eabi/10.3.1/../../../arm-none-eabi/lib/thumb/v7e-m+fp/hard/libg.a(lib_a-exit.o) (_global_impure_ptr)
/usr/lib/gcc/arm-none-eabi/10.3.1/../../../arm-none-eabi/lib/thumb/v7e-m+fp/hard/libg.a(lib_a-init.o)
                              /usr/lib/gcc/arm-none-eabi/10.3.1/../../../arm-none-eabi/lib/thumb/v7e-m+fp/hard/crt0.o (__libc_init_array)
/usr/lib/gcc/arm-none-eabi/10.3.1/../../../arm-none-eabi/lib/thumb/v7e-m+fp/hard/libg.a(lib_a-memset.o)
                              /usr/lib/gcc/arm-none-eabi/10.3.1/../../../arm-none-eabi/lib/thumb/v7e-m+fp/hard/crt0.o (memset)
/usr/lib/gcc/arm-none-eabi/10.3.1/../../../arm-none-eabi/lib/thumb/v7e-m+fp/hard/libg.a(lib_a-printf.o)
                              build/main.o (printf)
/usr/lib/gcc/arm-none-eabi/10.3.1/../../../arm-none-eabi/lib/thumb/v7e-m+fp/hard/libg.a(lib_a-putchar.o)
                              build/parser.o (putchar)
/usr/lib/gcc/arm-none-eabi/10.3.1/../../../arm-none-eabi/lib/thumb/v7e-m+fp/hard/libg.a(lib_a-puts.o)
                              build/main.o (puts)
/usr/lib/gcc/arm-none-eabi/10.3.1/../../../arm-none-eabi/lib/thumb/v7e-m+fp/hard/libg.a(lib_a-setvbuf.o)
                              build/terminal.o (setvbuf)
/usr/lib/gcc/arm-none-eabi/10.3.1/../../../arm-none-eabi/lib/thumb/v7e-m+fp/hard/libg.a(lib_a-strcasecmp.o)
                              build/parser.o (strcasecmp)
/usr/lib/gcc/arm-none-eabi/10.3.1/../../../arm-none-eabi/lib/thumb/v7e-m+fp/hard/libg.a(lib_a-strcpy.o)
                              build/parser.o (strcpy)
/usr/lib/gcc/arm-none-eabi/10.3.1/../../../arm-none-eabi/lib/thumb/v7e-m+fp/hard/libg.a(lib_a-strlen.o)
                              build/parser.o (strlen)
/usr/lib/gcc/arm-none-eabi/10.3.1/../../../arm-none-eabi/lib/thumb/v7e-m+fp/hard/libg.a(lib_a-strtok.o)
                              build/parser.o (strtok)
/usr/lib/gcc/arm-none-eabi/10.3.1/../../../arm-none-eabi/lib/thumb/v7e-m+fp/hard/libg.a(lib_a-strtok_r.o)
                              /usr/lib/gcc/arm-none-eabi/10.3.1/../../../arm-none-eabi/lib/thumb/v7e-m+fp/hard/libg.a(lib_a-strtok.o) (__strtok_r)
/usr/lib/gcc/arm-none-eabi/10.3.1/../../../arm-none-eabi/lib/thumb/v7e-m+fp/hard/libg.a(lib_a-strtol.o)
                              build/parser.o (strtol)
/usr/lib/gcc/arm-none-eabi/10.3.1/../../../arm-none-eabi/lib/thumb/v7e-m+fp/hard/libg.a(lib_a-strtoul.o)
                              build/parser.o (strtoul)
/usr/lib/gcc/arm-none-eabi/10.3.1/../../../arm-none-eabi/lib/thumb/v7e-m+fp/hard/libg.a(lib_a-vfprintf.o)
                              /usr/lib/gcc/arm-none-eabi/10.3.1/../../../arm-none-eabi/lib/thumb/v7e-m+fp/hard/libg.a(lib_a-printf.o) (_vfprintf_r)
/usr/lib/gcc/arm-none-eabi/10.3.1/../../../arm-none-eabi/lib/thumb/v7e-m+fp/hard/libg.a(lib_a-wsetup.o)
                              /usr/lib/gcc/arm-none-eabi/10.3.1/../../../arm-none-eabi/lib/thumb/v7e-m+fp/hard/libg.a(lib_a-vfprintf.o) (__swsetup_r)
/usr/lib/gcc/arm-none-eabi/10.3.1/../../../arm-none-eabi/lib/thumb/v7e-m+fp/hard/libg.a(lib_a-__atexit.o)
                              /usr/lib/gcc/arm-none-eabi/10.3.1/../../../arm-none-eabi/lib/thumb/v7e-m+fp/hard/libg.a(lib_a-atexit.o) (__register_exitproc)
/usr/lib/gcc/arm-none-eabi/10.3.1/../../../arm-none-eabi/lib/thumb/v7e-m+fp/hard/libg.a(lib_a-__call_atexit.o)
                              /usr/lib/gcc/arm-none-eabi/10.3.1/../../../arm-none-eabi/lib/thumb/v7e-m+fp/hard/libg.a(lib_a-exit.o) (__call_exitprocs)
/usr/lib/gcc/arm-none-eabi/10.3.1/../../../arm-none-eabi/lib/thumb/v7e-m+fp/hard/libg.a(lib_a-dtoa.o)
                              /usr/lib/gcc/arm-none-eabi/10.3.1/../../../arm-none-eabi/lib/thumb/v7e-m+fp/hard/libg.a(lib_a-vfprintf.o) (_dtoa_r)
[...]
Memory Configuration

Name             Origin             Length             Attributes
FLASH            0x0000000008000000 0x0000000000040000 xr
RAM              0x0000000020000000 0x000000000000a000 xrw
CCMRAM           0x0000000010000000 0x0000000000002000 rw
*default*        0x0000000000000000 0xffffffffffffffff

Linker script and memory map

LOAD /usr/lib/gcc/arm-none-eabi/10.3.1/thumb/v7e-m+fp/hard/crti.o
LOAD /usr/lib/gcc/arm-none-eabi/10.3.1/thumb/v7e-m+fp/hard/crtbegin.o
LOAD /usr/lib/gcc/arm-none-eabi/10.3.1/../../../arm-none-eabi/lib/thumb/v7e-m+fp/hard/crt0.o
LOAD build/main.o
LOAD build/mycode.o
LOAD build/mytest.o
LOAD build/mes/pt_hook.o
LOAD build/mes/pt_asm.o
LOAD build/monitor.o
LOAD build/parser.o
LOAD build/dump.o
LOAD build/syscall.o
LOAD build/terminal.o
LOAD build/decoder/decoder.o
LOAD build/decoder/STM32F30x_decoder.o
LOAD build/Drivers/CMSIS/Device/ST/STM32F3xx/Source/Templates/system_stm32f3xx.o
LOAD build/Drivers/STM32F3xx_HAL_Driver/Src/stm32f3xx_hal_rcc.o
LOAD build/Drivers/STM32F3xx_HAL_Driver/Src/stm32f3xx_hal.o
LOAD build/Drivers/STM32F3xx_HAL_Driver/Src/stm32f3xx_hal_cortex.o
LOAD build/Drivers/STM32F3xx_HAL_Driver/Src/stm32f3xx_hal_uart.o
LOAD build/Drivers/STM32F3xx_HAL_Driver/Src/stm32f3xx_hal_gpio.o
LOAD build/Drivers/STM32F3xx_HAL_Driver/Src/stm32f3xx_hal_pcd.o
LOAD build/Drivers/STM32F3xx_HAL_Driver/Src/stm32f3xx_hal_pcd_ex.o
LOAD build/Drivers/STM32F3xx_HAL_Driver/Src/stm32f3xx_hal_i2c.o
LOAD build/Drivers/STM32F3xx_HAL_Driver/Src/stm32f3xx_hal_spi.o
LOAD build/Drivers/STM32_USB_Device_Library/Core/Src/usbd_core.o
LOAD build/Drivers/STM32_USB_Device_Library/Core/Src/usbd_ctlreq.o
LOAD build/Drivers/STM32_USB_Device_Library/Core/Src/usbd_ioreq.o
LOAD build/Drivers/STM32_USB_Device_Library/Class/CDC/Src/usbd_cdc.o
LOAD build/usbd_conf.o
LOAD build/usbd_desc.o
LOAD build/usbd_cdc_interface.o
LOAD build/Drivers/BSP/STM32F3-Discovery/stm32f3_discovery.o
LOAD build/Drivers/BSP/STM32F3-Discovery/stm32f3_discovery_accelerometer.o
LOAD build/Drivers/BSP/STM32F3-Discovery/stm32f3_discovery_gyroscope.o
LOAD build/Drivers/BSP/Components/lsm303dlhc/lsm303dlhc.o
LOAD build/Drivers/BSP/Components/l3gd20/l3gd20.o
LOAD build/Drivers/BSP/Components/i3g4250d/i3g4250d.o
LOAD build/Drivers/BSP/Components/lsm303agr/lsm303agr.o
LOAD build/Drivers/CMSIS/Device/ST/STM32F3xx/Source/Templates/gcc/startup_stm32f303xc.o
START GROUP
LOAD /usr/lib/gcc/arm-none-eabi/10.3.1/thumb/v7e-m+fp/hard/libgcc.a
LOAD /usr/lib/gcc/arm-none-eabi/10.3.1/../../../arm-none-eabi/lib/thumb/v7e-m+fp/hard/libg.a
LOAD /usr/lib/gcc/arm-none-eabi/10.3.1/../../../arm-none-eabi/lib/thumb/v7e-m+fp/hard/libc.a
END GROUP
START GROUP
LOAD /usr/lib/gcc/arm-none-eabi/10.3.1/thumb/v7e-m+fp/hard/libgcc.a
LOAD /usr/lib/gcc/arm-none-eabi/10.3.1/../../../arm-none-eabi/lib/thumb/v7e-m+fp/hard/libc.a
LOAD /usr/lib/gcc/arm-none-eabi/10.3.1/../../../arm-none-eabi/lib/thumb/v7e-m+fp/hard/libnosys.a
END GROUP
LOAD /usr/lib/gcc/arm-none-eabi/10.3.1/thumb/v7e-m+fp/hard/crtend.o
LOAD /usr/lib/gcc/arm-none-eabi/10.3.1/thumb/v7e-m+fp/hard/crtn.o
                0x0000000020008000                _estack = 0x20008000
                0x0000000000001000                _Min_Heap_Size = 0x1000
                0x0000000000000400                _Min_Stack_Size = 0x400

.isr_vector     0x0000000008000000      0x188
                0x0000000008000000                . = ALIGN (0x4)
 *(.isr_vector)
 .isr_vector    0x0000000008000000      0x188 build/Drivers/CMSIS/Device/ST/STM32F3xx/Source/Templates/gcc/startup_stm32f303xc.o
                0x0000000008000000                g_pfnVectors
                0x0000000008000188                . = ALIGN (0x4)

.text           0x00000000080001c0     0xc4fc
                0x00000000080001c0                . = ALIGN (0x4)
 *(.text)
 .text          0x00000000080001c0       0x88 /usr/lib/gcc/arm-none-eabi/10.3.1/thumb/v7e-m+fp/hard/crtbegin.o
 .text          0x0000000008000248       0x38 build/mycode.o
                0x0000000008000248                mytest
                0x0000000008000260                my_Tick
                0x0000000008000274                my_Loop
                0x0000000008000278                my_Init
 .text          0x0000000008000280       0x38 build/mes/pt_asm.o
                0x0000000008000280                add_test
                0x000000000800029c                busy_delay
 .text          0x00000000080002b8        0xc /usr/lib/gcc/arm-none-eabi/10.3.1/../../../arm-none-eabi/lib/thumb/v7e-m+fp/hard/libg.a(lib_a-atexit.o)
                0x00000000080002b8                atexit
 .text          0x00000000080002c4        0xc /usr/lib/gcc/arm-none-eabi/10.3.1/../../../arm-none-eabi/lib/thumb/v7e-m+fp/hard/libg.a(lib_a-errno.o)
                0x00000000080002c4                __errno
 .text          0x00000000080002d0       0x2c /usr/lib/gcc/arm-none-eabi/10.3.1/../../../arm-none-eabi/lib/thumb/v7e-m+fp/hard/libg.a(lib_a-fini.o)
                0x00000000080002d0                __libc_fini_array
 .text          0x00000000080002fc       0x48 /usr/lib/gcc/arm-none-eabi/10.3.1/../../../arm-none-eabi/lib/thumb/v7e-m+fp/hard/libg.a(lib_a-init.o)
                0x00000000080002fc                __libc_init_array
 .text          0x0000000008000344       0xa4 /usr/lib/gcc/arm-none-eabi/10.3.1/../../../arm-none-eabi/lib/thumb/v7e-m+fp/hard/libg.a(lib_a-memset.o)
                0x0000000008000344                memset
 .text          0x00000000080003e8       0x48 /usr/lib/gcc/arm-none-eabi/10.3.1/../../../arm-none-eabi/lib/thumb/v7e-m+fp/hard/libg.a(lib_a-printf.o)
                0x00000000080003e8                _printf_r
                0x0000000008000408                printf
 .text          0x0000000008000430       0x18 /usr/lib/gcc/arm-none-eabi/10.3.1/../../../arm-none-eabi/lib/thumb/v7e-m+fp/hard/libg.a(lib_a-putchar.o)
                0x0000000008000430                _putchar_r
                0x0000000008000438                putchar
 .text          0x0000000008000448       0x78 /usr/lib/gcc/arm-none-eabi/10.3.1/../../../arm-none-eabi/lib/thumb/v7e-m+fp/hard/libg.a(lib_a-puts.o)
                0x0000000008000448                _puts_r
                0x00000000080004b0                puts
 .text          0x00000000080004c0      0x174 /usr/lib/gcc/arm-none-eabi/10.3.1/../../../arm-none-eabi/lib/thumb/v7e-m+fp/hard/libg.a(lib_a-setvbuf.o)
                0x00000000080004c0                setvbuf
 .text          0x0000000008000634       0x4c /usr/lib/gcc/arm-none-eabi/10.3.1/../../../arm-none-eabi/lib/thumb/v7e-m+fp/hard/libg.a(lib_a-strcasecmp.o)
                0x0000000008000634                strcasecmp
 .text          0x0000000008000680       0xbc /usr/lib/gcc/arm-none-eabi/10.3.1/../../../arm-none-eabi/lib/thumb/v7e-m+fp/hard/libg.a(lib_a-strcpy.o)
                0x0000000008000680                strcpy
 *fill*         0x000000000800073c        0x4 
 .text          0x0000000008000740       0xdc /usr/lib/gcc/arm-none-eabi/10.3.1/../../../arm-none-eabi/lib/thumb/v7e-m+fp/hard/libg.a(lib_a-strlen.o)
                0x0000000008000740                strlen
 .text          0x000000000800081c       0x10 /usr/lib/gcc/arm-none-eabi/10.3.1/../../../arm-none-eabi/lib/thumb/v7e-m+fp/hard/libg.a(lib_a-strtok.o)
                0x000000000800081c                strtok
 .text          0x000000000800082c       0x6c /usr/lib/gcc/arm-none-eabi/10.3.1/../../../arm-none-eabi/lib/thumb/v7e-m+fp/hard/libg.a(lib_a-strtok_r.o)
                0x000000000800082c                __strtok_r
                0x0000000008000890                strtok_r
 .text          0x0000000008000898      0x170 /usr/lib/gcc/arm-none-eabi/10.3.1/../../../arm-none-eabi/lib/thumb/v7e-m+fp/hard/libg.a(lib_a-strtoul.o)
                0x00000000080009d4                _strtoul_r
                0x00000000080009d8                strtoul_l
                0x00000000080009f0                strtoul
 .text          0x0000000008000a08     0x159c /usr/lib/gcc/arm-none-eabi/10.3.1/../../../arm-none-eabi/lib/thumb/v7e-m+fp/hard/libg.a(lib_a-vfprintf.o)
                0x0000000008000a08                _vfprintf_r
                0x0000000008001f1c                vfprintf
 .text          0x0000000008001fa4       0xd4 /usr/lib/gcc/arm-none-eabi/10.3.1/../../../arm-none-eabi/lib/thumb/v7e-m+fp/hard/libg.a(lib_a-wsetup.o)
                0x0000000008001fa4                __swsetup_r
 .text          0x0000000008002078       0x68 /usr/lib/gcc/arm-none-eabi/10.3.1/../../../arm-none-eabi/lib/thumb/v7e-m+fp/hard/libg.a(lib_a-__atexit.o)
                0x0000000008002078                __register_exitproc
 .text          0x00000000080020e0     0x1064 /usr/lib/gcc/arm-none-eabi/10.3.1/../../../arm-none-eabi/lib/thumb/v7e-m+fp/hard/libg.a(lib_a-dtoa.o)
                0x0000000008002208                _dtoa_r
 .text          0x0000000008003144      0x1ac /usr/lib/gcc/arm-none-eabi/10.3.1/../../../arm-none-eabi/lib/thumb/v7e-m+fp/hard/libg.a(lib_a-fflush.o)
                0x0000000008003144                __sflush_r
                0x0000000008003274                _fflush_r
                0x00000000080032a0                fflush
 .text          0x00000000080032f0      0x218 /usr/lib/gcc/arm-none-eabi/10.3.1/../../../arm-none-eabi/lib/thumb/v7e-m+fp/hard/libg.a(lib_a-findfp.o)
                0x00000000080032f4                _cleanup_r
                0x00000000080033dc                __sfmoreglue
                0x000000000800340c                __sfp
                0x00000000080034b4                _cleanup
                0x00000000080034c8                __sinit
                0x00000000080034d0                __sfp_lock_acquire
                0x00000000080034d4                __sfp_lock_release
                0x00000000080034d8                __sinit_lock_acquire
                0x00000000080034dc                __sinit_lock_release
                0x00000000080034e0                __fp_lock_all
                0x00000000080034f4                __fp_unlock_all
 .text          0x0000000008003508      0x2ac /usr/lib/gcc/arm-none-eabi/10.3.1/../../../arm-none-eabi/lib/thumb/v7e-m+fp/hard/libg.a(lib_a-freer.o)
                0x0000000008003508                _malloc_trim_r
                0x00000000080035a8                _free_r
 .text          0x00000000080037b4      0x2f0 /usr/lib/gcc/arm-none-eabi/10.3.1/../../../arm-none-eabi/lib/thumb/v7e-m+fp/hard/libg.a(lib_a-fvwrite.o)
                0x00000000080037b4                __sfvwrite_r
 .text          0x0000000008003aa4       0x88 /usr/lib/gcc/arm-none-eabi/10.3.1/../../../arm-none-eabi/lib/thumb/v7e-m+fp/hard/libg.a(lib_a-fwalk.o)
                0x0000000008003aa4                _fwalk
                0x0000000008003ae4                _fwalk_reent
 .text          0x0000000008003b2c       0x14 /usr/lib/gcc/arm-none-eabi/10.3.1/../../../arm-none-eabi/lib/thumb/v7e-m+fp/hard/libg.a(lib_a-localeconv.o)
                0x0000000008003b2c                __localeconv_l
                0x0000000008003b30                _localeconv_r
                0x0000000008003b38                localeconv
 .text          0x0000000008003b40      0x140 /usr/lib/gcc/arm-none-eabi/10.3.1/../../../arm-none-eabi/lib/thumb/v7e-m+fp/hard/libg.a(lib_a-makebuf.o)
                0x0000000008003b40                __smakebuf_r
                0x0000000008003c20                __swhatbuf_r
 .text          0x0000000008003c80       0x20 /usr/lib/gcc/arm-none-eabi/10.3.1/../../../arm-none-eabi/lib/thumb/v7e-m+fp/hard/libg.a(lib_a-malloc.o)
                0x0000000008003c80                malloc
                0x0000000008003c90                free
 .text          0x0000000008003ca0      0x554 /usr/lib/gcc/arm-none-eabi/10.3.1/../../../arm-none-eabi/lib/thumb/v7e-m+fp/hard/libg.a(lib_a-mallocr.o)
                0x0000000008003ca0                _malloc_r
 *fill*         0x00000000080041f4        0xc 
 .text          0x0000000008004200       0xa0 /usr/lib/gcc/arm-none-eabi/10.3.1/../../../arm-none-eabi/lib/thumb/v7e-m+fp/hard/libg.a(lib_a-memchr.o)
                0x0000000008004200                memchr
 .text          0x00000000080042a0      0x134 /usr/lib/gcc/arm-none-eabi/10.3.1/../../../arm-none-eabi/lib/thumb/v7e-m+fp/hard/libg.a(lib_a-memcpy.o)
                0x00000000080042a0                memcpy
 .text          0x00000000080043d4       0xf8 /usr/lib/gcc/arm-none-eabi/10.3.1/../../../arm-none-eabi/lib/thumb/v7e-m+fp/hard/libg.a(lib_a-memmove.o)
                0x00000000080043d4                memmove
 .text          0x00000000080044cc        0x8 /usr/lib/gcc/arm-none-eabi/10.3.1/../../../arm-none-eabi/lib/thumb/v7e-m+fp/hard/libg.a(lib_a-mlock.o)
                0x00000000080044cc                __malloc_lock
                0x00000000080044d0                __malloc_unlock
 .text          0x00000000080044d4      0xaa0 /usr/lib/gcc/arm-none-eabi/10.3.1/../../../arm-none-eabi/lib/thumb/v7e-m+fp/hard/libg.a(lib_a-mprec.o)
                0x00000000080044d4                _Balloc
                0x0000000008004520                _Bfree
                0x0000000008004534                __multadd
                0x00000000080045dc                __s2b
                0x0000000008004690                __hi0bits
                0x00000000080046d0                __lo0bits
                0x0000000008004730                __i2b
                0x000000000800478c                __multiply
                0x00000000080048e8                __pow5mult
                0x00000000080049a8                __lshift
                0x0000000008004a98                __mcmp
                0x0000000008004adc                __mdiff
                0x0000000008004c28                __ulp
                0x0000000008004c88                __b2d
                0x0000000008004d48                __d2b
                0x0000000008004e18                __ratio
                0x0000000008004e74                _mprec_log10
                0x0000000008004eb4                __copybits
                0x0000000008004f10                __any_on
 .text          0x0000000008004f74       0xb8 /usr/lib/gcc/arm-none-eabi/10.3.1/../../../arm-none-eabi/lib/thumb/v7e-m+fp/hard/libg.a(lib_a-putc.o)
                0x0000000008004f74                _putc_r
                0x0000000008004fcc                putc
 .text          0x000000000800502c      0x3d8 /usr/lib/gcc/arm-none-eabi/10.3.1/../../../arm-none-eabi/lib/thumb/v7e-m+fp/hard/libg.a(lib_a-reallocr.o)
                0x000000000800502c                _realloc_r
 .text          0x0000000008005404       0x90 /usr/lib/gcc/arm-none-eabi/10.3.1/../../../arm-none-eabi/lib/thumb/v7e-m+fp/hard/libg.a(lib_a-stdio.o)
                0x0000000008005404                __sread
                0x0000000008005428                __seofread
                0x000000000800542c                __swrite
                0x000000000800546c                __sseek
                0x000000000800548c                __sclose
 .text          0x0000000008005494      0xd44 /usr/lib/gcc/arm-none-eabi/10.3.1/../../../arm-none-eabi/lib/thumb/v7e-m+fp/hard/libg.a(lib_a-vfiprintf.o)
                0x000000000800550c                __sprint_r
                0x0000000008005524                _vfiprintf_r
                0x0000000008006150                vfiprintf
 .text          0x00000000080061d8       0xc8 /usr/lib/gcc/arm-none-eabi/10.3.1/../../../arm-none-eabi/lib/thumb/v7e-m+fp/hard/libg.a(lib_a-wbuf.o)
                0x00000000080061d8                __swbuf_r
                0x0000000008006288                __swbuf
 .text          0x00000000080062a0       0x4c /usr/lib/gcc/arm-none-eabi/10.3.1/../../../arm-none-eabi/lib/thumb/v7e-m+fp/hard/libg.a(lib_a-assert.o)
                0x00000000080062a0                __assert_func
                0x00000000080062e0                __assert
 .text          0x00000000080062ec       0x60 /usr/lib/gcc/arm-none-eabi/10.3.1/../../../arm-none-eabi/lib/thumb/v7e-m+fp/hard/libg.a(lib_a-callocr.o)
                0x00000000080062ec                _calloc_r
 .text          0x000000000800634c       0xd4 /usr/lib/gcc/arm-none-eabi/10.3.1/../../../arm-none-eabi/lib/thumb/v7e-m+fp/hard/libg.a(lib_a-fclose.o)
                0x00000000080063b0                _fclose_r
                0x00000000080063e4                fclose
 .text          0x0000000008006420       0x44 /usr/lib/gcc/arm-none-eabi/10.3.1/../../../arm-none-eabi/lib/thumb/v7e-m+fp/hard/libg.a(lib_a-fiprintf.o)
                0x0000000008006420                _fiprintf_r
                0x000000000800643c                fiprintf
 .text          0x0000000008006464      0x118 /usr/lib/gcc/arm-none-eabi/10.3.1/../../../arm-none-eabi/lib/thumb/v7e-m+fp/hard/libg.a(lib_a-fputwc.o)
                0x0000000008006464                __fputwc
                0x000000000800650c                _fputwc_r
                0x0000000008006534                fputwc
 .text          0x000000000800657c       0x8c /usr/lib/gcc/arm-none-eabi/10.3.1/../../../arm-none-eabi/lib/thumb/v7e-m+fp/hard/libg.a(lib_a-locale.o)
                0x000000000800657c                _setlocale_r
                0x00000000080065bc                __locale_mb_cur_max
                0x00000000080065c8                setlocale
 .text          0x0000000008006608       0x40 /usr/lib/gcc/arm-none-eabi/10.3.1/../../../arm-none-eabi/lib/thumb/v7e-m+fp/hard/libg.a(lib_a-mbtowc_r.o)
                0x0000000008006608                _mbtowc_r
                0x000000000800661c                __ascii_mbtowc
 *fill*         0x0000000008006648       0x18 
 .text          0x0000000008006660      0x2dc /usr/lib/gcc/arm-none-eabi/10.3.1/../../../arm-none-eabi/lib/thumb/v7e-m+fp/hard/libg.a(lib_a-strcmp.o)
                0x0000000008006668                strcmp
 .text          0x000000000800693c       0x88 /usr/lib/gcc/arm-none-eabi/10.3.1/../../../arm-none-eabi/lib/thumb/v7e-m+fp/hard/libg.a(lib_a-wcrtomb.o)
                0x000000000800693c                _wcrtomb_r
                0x0000000008006978                wcrtomb
 .text          0x00000000080069c4       0x30 /usr/lib/gcc/arm-none-eabi/10.3.1/../../../arm-none-eabi/lib/thumb/v7e-m+fp/hard/libg.a(lib_a-wctomb_r.o)
                0x00000000080069c4                _wctomb_r
                0x00000000080069d8                __ascii_wctomb
 .text          0x00000000080069f4       0x10 /usr/lib/gcc/arm-none-eabi/10.3.1/../../../arm-none-eabi/lib/thumb/v7e-m+fp/hard/libg.a(lib_a-abort.o)
                0x00000000080069f4                abort
 .text          0x0000000008006a04      0x288 /usr/lib/gcc/arm-none-eabi/10.3.1/../../../arm-none-eabi/lib/thumb/v7e-m+fp/hard/libg.a(lib_a-signal.o)
                0x0000000008006a04                _init_signal_r
                0x0000000008006a34                _signal_r
                0x0000000008006a80                _raise_r
                0x0000000008006ad8                __sigtramp_r
                0x0000000008006b3c                raise
                0x0000000008006b98                signal
                0x0000000008006bec                _init_signal
                0x0000000008006c24                __sigtramp
 .text          0x0000000008006c8c       0x30 /usr/lib/gcc/arm-none-eabi/10.3.1/../../../arm-none-eabi/lib/thumb/v7e-m+fp/hard/libg.a(lib_a-signalr.o)
                0x0000000008006c8c                _kill_r
                0x0000000008006cb8                _getpid_r
 .text          0x0000000008006cbc      0x378 /usr/lib/gcc/arm-none-eabi/10.3.1/thumb/v7e-m+fp/hard/libgcc.a(_arm_addsubdf3.o)
                0x0000000008006cbc                __aeabi_drsub
                0x0000000008006cc4                __aeabi_dsub
                0x0000000008006cc4                __subdf3
                0x0000000008006cc8                __adddf3
                0x0000000008006cc8                __aeabi_dadd
                0x0000000008006f40                __aeabi_ui2d
                0x0000000008006f40                __floatunsidf
                0x0000000008006f60                __floatsidf
                0x0000000008006f60                __aeabi_i2d
                0x0000000008006f84                __extendsfdf2
                0x0000000008006f84                __aeabi_f2d
                0x0000000008006fc8                __aeabi_ul2d
                0x0000000008006fc8                __floatundidf
                0x0000000008006fd8                __floatdidf
                0x0000000008006fd8                __aeabi_l2d
 .text          0x0000000008007034      0x424 /usr/lib/gcc/arm-none-eabi/10.3.1/thumb/v7e-m+fp/hard/libgcc.a(_arm_muldivdf3.o)
                0x0000000008007034                __aeabi_dmul
                0x0000000008007034                __muldf3
                0x0000000008007288                __aeabi_ddiv
                0x0000000008007288                __divdf3
 .text          0x0000000008007458      0x110 /usr/lib/gcc/arm-none-eabi/10.3.1/thumb/v7e-m+fp/hard/libgcc.a(_arm_cmpdf2.o)
                0x0000000008007458                __gtdf2
                0x0000000008007458                __gedf2
                0x0000000008007460                __ltdf2
                0x0000000008007460                __ledf2
                0x0000000008007468                __cmpdf2
                0x0000000008007468                __eqdf2
                0x0000000008007468                __nedf2
                0x00000000080074e4                __aeabi_cdrcmple
                0x00000000080074f4                __aeabi_cdcmple
                0x00000000080074f4                __aeabi_cdcmpeq
                0x0000000008007504                __aeabi_dcmpeq
                0x0000000008007518                __aeabi_dcmplt
                0x000000000800752c                __aeabi_dcmple
                0x0000000008007540                __aeabi_dcmpge
                0x0000000008007554                __aeabi_dcmpgt
 .text          0x0000000008007568       0x2c /usr/lib/gcc/arm-none-eabi/10.3.1/thumb/v7e-m+fp/hard/libgcc.a(_arm_unorddf2.o)
                0x0000000008007568                __aeabi_dcmpun
                0x0000000008007568                __unorddf2
 .text          0x0000000008007594       0x50 /usr/lib/gcc/arm-none-eabi/10.3.1/thumb/v7e-m+fp/hard/libgcc.a(_arm_fixdfsi.o)
                0x0000000008007594                __fixdfsi
                0x0000000008007594                __aeabi_d2iz
 .text          0x00000000080075e4       0x30 /usr/lib/gcc/arm-none-eabi/10.3.1/thumb/v7e-m+fp/hard/libgcc.a(_aeabi_uldivmod.o)
                0x00000000080075e4                __aeabi_uldivmod
 .text          0x0000000008007614      0x2d0 /usr/lib/gcc/arm-none-eabi/10.3.1/thumb/v7e-m+fp/hard/libgcc.a(_udivmoddi4.o)
                0x0000000008007614                __udivmoddi4
 .text          0x00000000080078e4        0x4 /usr/lib/gcc/arm-none-eabi/10.3.1/thumb/v7e-m+fp/hard/libgcc.a(_dvmd_tls.o)
                0x00000000080078e4                __aeabi_ldiv0
                0x00000000080078e4                __aeabi_idiv0
 .text          0x00000000080078e8       0x10 /usr/lib/gcc/arm-none-eabi/10.3.1/../../../arm-none-eabi/lib/thumb/v7e-m+fp/hard/libnosys.a(getpid.o)
                0x00000000080078e8                _getpid
 .text          0x00000000080078f8       0x10 /usr/lib/gcc/arm-none-eabi/10.3.1/../../../arm-none-eabi/lib/thumb/v7e-m+fp/hard/libnosys.a(kill.o)
                0x00000000080078f8                _kill
 .text          0x0000000008007908        0x4 /usr/lib/gcc/arm-none-eabi/10.3.1/../../../arm-none-eabi/lib/thumb/v7e-m+fp/hard/libnosys.a(_exit.o)
                0x0000000008007908                _exit
 *(.text*)
 .text.CmdLED   0x000000000800790c       0x5c build/main.o
                0x000000000800790c                CmdLED
 .text.CmdAccel
                0x0000000008007968       0x28 build/main.o
                0x0000000008007968                CmdAccel
 .text.CmdGyro  0x0000000008007990       0x4c build/main.o
                0x0000000008007990                CmdGyro
 .text.CmdButton
                0x00000000080079dc       0x2c build/main.o
                0x00000000080079dc                CmdButton
 .text.Error_Handler
                0x0000000008007a08        0xa build/main.o
                0x0000000008007a08                Error_Handler
 *fill*         0x0000000008007a12        0x2 
 .text.startup.main
                0x0000000008007a14       0x9c build/main.o
                0x0000000008007a14                main
 .text.SysTick_Handler
                0x0000000008007ab0        0xe build/main.o
                0x0000000008007ab0                SysTick_Handler
 *fill*         0x0000000008007abe        0x2 
 .text.CmdTest  0x0000000008007ac0       0x30 build/mytest.o
                0x0000000008007ac0                CmdTest
 .text.AddTest  0x0000000008007af0       0x4c build/mes/pt_hook.o
                0x0000000008007af0                AddTest
 .text.CmdW     0x0000000008007b3c       0x1c build/monitor.o
                0x0000000008007b3c                CmdW
 .text.CmdR     0x0000000008007b58       0x20 build/monitor.o
                0x0000000008007b58                CmdR
 .text.parse    0x0000000008007b78       0xf8 build/parser.o
                0x0000000008007b78                parse
 .text.TaskInput
                0x0000000008007c70      0x13c build/parser.o
                0x0000000008007c70                TaskInput
 .text.fetch_uint32_arg
                0x0000000008007dac       0x28 build/parser.o
                0x0000000008007dac                fetch_uint32_arg
 .text.fetch_string_arg
                0x0000000008007dd4       0x20 build/parser.o
                0x0000000008007dd4                fetch_string_arg
 .text.DumpBuffer
                0x0000000008007df4       0xb0 build/dump.o
                0x0000000008007df4                DumpBuffer
 .text.CmdDump  0x0000000008007ea4       0x54 build/dump.o
                0x0000000008007ea4                CmdDump
 .text._sbrk_r  0x0000000008007ef8       0x30 build/syscall.o
                0x0000000008007ef8                _sbrk_r
 .text._close_r
                0x0000000008007f28        0x6 build/syscall.o
                0x0000000008007f28                _close_r
 .text._fstat_r
                0x0000000008007f2e        0xa build/syscall.o
                0x0000000008007f2e                _fstat_r
 .text._isatty_r
                0x0000000008007f38        0x4 build/syscall.o
                0x0000000008007f38                _isatty_r
 .text._lseek_r
                0x0000000008007f3c        0x4 build/syscall.o
                0x0000000008007f3c                _lseek_r
 .text.USBD_CDC_DataIn
                0x0000000008007f40       0x7c build/terminal.o
 .text.CmdStats
                0x0000000008007fbc       0x4c build/terminal.o
                0x0000000008007fbc                CmdStats
 .text.TerminalInit
                0x0000000008008008       0x7c build/terminal.o
                0x0000000008008008                TerminalInit
 .text.TerminalRead
                0x0000000008008084       0x4c build/terminal.o
                0x0000000008008084                TerminalRead
 .text._read_r  0x00000000080080d0        0xa build/terminal.o
                0x00000000080080d0                _read_r
 .text.TerminalReadNonBlock
                0x00000000080080da       0x10 build/terminal.o
                0x00000000080080da                TerminalReadNonBlock
 .text.TerminalReadAnyNonBlock
                0x00000000080080ea       0x12 build/terminal.o
                0x00000000080080ea                TerminalReadAnyNonBlock
 .text.TerminalOutputBufferWrite
                0x00000000080080fc       0xe8 build/terminal.o
                0x00000000080080fc                TerminalOutputBufferWrite
 .text._write_r
                0x00000000080081e4       0x40 build/terminal.o
                0x00000000080081e4                _write_r
 .text.TerminalInputBufferWrite
                0x0000000008008224       0x64 build/terminal.o
                0x0000000008008224                TerminalInputBufferWrite
 .text.USB_LP_CAN_RX0_IRQHandler
                0x0000000008008288        0xc build/terminal.o
                0x0000000008008288                USB_LP_CAN_RX0_IRQHandler
 .text.Uncompress
                0x0000000008008294       0x7c build/decoder/decoder.o
 .text.DecodeReadRegister
                0x0000000008008310       0x54 build/decoder/decoder.o
                0x0000000008008310                DecodeReadRegister
 .text.DecodeWriteRegister
                0x0000000008008364       0x54 build/decoder/decoder.o
                0x0000000008008364                DecodeWriteRegister
 .text.DecodeField
                0x00000000080083b8       0x50 build/decoder/decoder.o
                0x00000000080083b8                DecodeField
 .text.DecodeRegister
                0x0000000008008408       0x60 build/decoder/decoder.o
                0x0000000008008408                DecodeRegister
 .text.DecodePeripheral
                0x0000000008008468       0x54 build/decoder/decoder.o
                0x0000000008008468                DecodePeripheral
 .text.DecodePrintPeripherals
                0x00000000080084bc       0x54 build/decoder/decoder.o
                0x00000000080084bc                DecodePrintPeripherals
 .text.DecodePrintRegisters
                0x0000000008008510       0x64 build/decoder/decoder.o
                0x0000000008008510                DecodePrintRegisters
 .text.CmdDecode
                0x0000000008008574      0x270 build/decoder/decoder.o
                0x0000000008008574                CmdDecode
 .text.SystemInit
                0x00000000080087e4       0x68 build/Drivers/CMSIS/Device/ST/STM32F3xx/Source/Templates/system_stm32f3xx.o
                0x00000000080087e4                SystemInit
 .text.HAL_RCC_OscConfig
                0x000000000800884c      0x5bc build/Drivers/STM32F3xx_HAL_Driver/Src/stm32f3xx_hal_rcc.o
                0x000000000800884c                HAL_RCC_OscConfig
 .text.HAL_RCC_ClockConfig
                0x0000000008008e08      0x2b0 build/Drivers/STM32F3xx_HAL_Driver/Src/stm32f3xx_hal_rcc.o
                0x0000000008008e08                HAL_RCC_ClockConfig
 .text.HAL_RCC_GetSysClockFreq
                0x00000000080090b8       0x6c build/Drivers/STM32F3xx_HAL_Driver/Src/stm32f3xx_hal_rcc.o
                0x00000000080090b8                HAL_RCC_GetSysClockFreq
 .text.HAL_RCC_GetHCLKFreq
                0x0000000008009124       0x38 build/Drivers/STM32F3xx_HAL_Driver/Src/stm32f3xx_hal_rcc.o
                0x0000000008009124                HAL_RCC_GetHCLKFreq
 .text.HAL_MspInit
                0x000000000800915c        0x2 build/Drivers/STM32F3xx_HAL_Driver/Src/stm32f3xx_hal.o
                0x000000000800915c                HAL_MspInit
 .text.HAL_InitTick
                0x000000000800915e       0x28 build/Drivers/STM32F3xx_HAL_Driver/Src/stm32f3xx_hal.o
                0x000000000800915e                HAL_InitTick
 *fill*         0x0000000008009186        0x2 
 .text.HAL_Init
                0x0000000008009188       0x24 build/Drivers/STM32F3xx_HAL_Driver/Src/stm32f3xx_hal.o
                0x0000000008009188                HAL_Init
 .text.HAL_IncTick
                0x00000000080091ac       0x10 build/Drivers/STM32F3xx_HAL_Driver/Src/stm32f3xx_hal.o
                0x00000000080091ac                HAL_IncTick
 .text.HAL_GetTick
                0x00000000080091bc        0xc build/Drivers/STM32F3xx_HAL_Driver/Src/stm32f3xx_hal.o
                0x00000000080091bc                HAL_GetTick
 .text.HAL_Delay
                0x00000000080091c8       0x1a build/Drivers/STM32F3xx_HAL_Driver/Src/stm32f3xx_hal.o
                0x00000000080091c8                HAL_Delay
 *fill*         0x00000000080091e2        0x2 
 .text.HAL_NVIC_SetPriorityGrouping
                0x00000000080091e4       0x24 build/Drivers/STM32F3xx_HAL_Driver/Src/stm32f3xx_hal_cortex.o
                0x00000000080091e4                HAL_NVIC_SetPriorityGrouping
 .text.HAL_NVIC_SetPriority
                0x0000000008009208       0x68 build/Drivers/STM32F3xx_HAL_Driver/Src/stm32f3xx_hal_cortex.o
                0x0000000008009208                HAL_NVIC_SetPriority
 .text.HAL_NVIC_EnableIRQ
                0x0000000008009270       0x18 build/Drivers/STM32F3xx_HAL_Driver/Src/stm32f3xx_hal_cortex.o
                0x0000000008009270                HAL_NVIC_EnableIRQ
 .text.HAL_SYSTICK_Config
                0x0000000008009288       0x28 build/Drivers/STM32F3xx_HAL_Driver/Src/stm32f3xx_hal_cortex.o
                0x0000000008009288                HAL_SYSTICK_Config
 .text.HAL_GPIO_Init
                0x00000000080092b0      0x188 build/Drivers/STM32F3xx_HAL_Driver/Src/stm32f3xx_hal_gpio.o
                0x00000000080092b0                HAL_GPIO_Init
 .text.HAL_GPIO_ReadPin
                0x0000000008009438        0xc build/Drivers/STM32F3xx_HAL_Driver/Src/stm32f3xx_hal_gpio.o
                0x0000000008009438                HAL_GPIO_ReadPin
 .text.HAL_GPIO_WritePin
                0x0000000008009444        0xa build/Drivers/STM32F3xx_HAL_Driver/Src/stm32f3xx_hal_gpio.o
                0x0000000008009444                HAL_GPIO_WritePin
 .text.HAL_GPIO_TogglePin
                0x000000000800944e        0x8 build/Drivers/STM32F3xx_HAL_Driver/Src/stm32f3xx_hal_gpio.o
                0x000000000800944e                HAL_GPIO_TogglePin
 .text.HAL_PCD_Init
                0x0000000008009456       0x92 build/Drivers/STM32F3xx_HAL_Driver/Src/stm32f3xx_hal_pcd.o
                0x0000000008009456                HAL_PCD_Init
 .text.HAL_PCD_Start
                0x00000000080094e8        0xc build/Drivers/STM32F3xx_HAL_Driver/Src/stm32f3xx_hal_pcd.o
                0x00000000080094e8                HAL_PCD_Start
 .text.HAL_PCD_SetAddress
                0x00000000080094f4       0x2c build/Drivers/STM32F3xx_HAL_Driver/Src/stm32f3xx_hal_pcd.o
                0x00000000080094f4                HAL_PCD_SetAddress
 .text.HAL_PCD_EP_Open
                0x0000000008009520      0x2e4 build/Drivers/STM32F3xx_HAL_Driver/Src/stm32f3xx_hal_pcd.o
                0x0000000008009520                HAL_PCD_EP_Open
 .text.HAL_PCD_EP_Close
                0x0000000008009804      0x1b8 build/Drivers/STM32F3xx_HAL_Driver/Src/stm32f3xx_hal_pcd.o
                0x0000000008009804                HAL_PCD_EP_Close
 .text.HAL_PCD_EP_Receive
                0x00000000080099bc       0xc8 build/Drivers/STM32F3xx_HAL_Driver/Src/stm32f3xx_hal_pcd.o
                0x00000000080099bc                HAL_PCD_EP_Receive
 .text.HAL_PCD_EP_GetRxCount
                0x0000000008009a84       0x10 build/Drivers/STM32F3xx_HAL_Driver/Src/stm32f3xx_hal_pcd.o
                0x0000000008009a84                HAL_PCD_EP_GetRxCount
 .text.HAL_PCD_EP_Transmit
                0x0000000008009a94      0x116 build/Drivers/STM32F3xx_HAL_Driver/Src/stm32f3xx_hal_pcd.o
                0x0000000008009a94                HAL_PCD_EP_Transmit
 *fill*         0x0000000008009baa        0x2 
 .text.HAL_PCD_IRQHandler
                0x0000000008009bac      0x488 build/Drivers/STM32F3xx_HAL_Driver/Src/stm32f3xx_hal_pcd.o
                0x0000000008009bac                HAL_PCD_IRQHandler
 .text.HAL_PCD_EP_SetStall
                0x000000000800a034       0xa0 build/Drivers/STM32F3xx_HAL_Driver/Src/stm32f3xx_hal_pcd.o
                0x000000000800a034                HAL_PCD_EP_SetStall
 .text.HAL_PCD_EP_ClrStall
                0x000000000800a0d4       0xbc build/Drivers/STM32F3xx_HAL_Driver/Src/stm32f3xx_hal_pcd.o
                0x000000000800a0d4                HAL_PCD_EP_ClrStall
 .text.HAL_PCDEx_PMAConfig
                0x000000000800a190       0x36 build/Drivers/STM32F3xx_HAL_Driver/Src/stm32f3xx_hal_pcd_ex.o
                0x000000000800a190                HAL_PCDEx_PMAConfig
 .text.PCD_WritePMA
                0x000000000800a1c6       0x1c build/Drivers/STM32F3xx_HAL_Driver/Src/stm32f3xx_hal_pcd_ex.o
                0x000000000800a1c6                PCD_WritePMA
 .text.PCD_ReadPMA
                0x000000000800a1e2       0x1c build/Drivers/STM32F3xx_HAL_Driver/Src/stm32f3xx_hal_pcd_ex.o
                0x000000000800a1e2                PCD_ReadPMA
 .text.HAL_PCDEx_SetConnectionState
                0x000000000800a1fe        0x2 build/Drivers/STM32F3xx_HAL_Driver/Src/stm32f3xx_hal_pcd_ex.o
                0x000000000800a1fe                HAL_PCDEx_SetConnectionState
 .text.I2C_TransferConfig
                0x000000000800a200       0x2a build/Drivers/STM32F3xx_HAL_Driver/Src/stm32f3xx_hal_i2c.o
 .text.I2C_IsAcknowledgeFailed
                0x000000000800a22a       0x98 build/Drivers/STM32F3xx_HAL_Driver/Src/stm32f3xx_hal_i2c.o
 .text.I2C_WaitOnTXISFlagUntilTimeout
                0x000000000800a2c2       0x54 build/Drivers/STM32F3xx_HAL_Driver/Src/stm32f3xx_hal_i2c.o
 .text.I2C_WaitOnFlagUntilTimeout
                0x000000000800a316       0x64 build/Drivers/STM32F3xx_HAL_Driver/Src/stm32f3xx_hal_i2c.o
 .text.I2C_RequestMemoryWrite
                0x000000000800a37a       0x66 build/Drivers/STM32F3xx_HAL_Driver/Src/stm32f3xx_hal_i2c.o
 .text.I2C_RequestMemoryRead
                0x000000000800a3e0       0x64 build/Drivers/STM32F3xx_HAL_Driver/Src/stm32f3xx_hal_i2c.o
 .text.I2C_WaitOnSTOPFlagUntilTimeout
                0x000000000800a444       0x50 build/Drivers/STM32F3xx_HAL_Driver/Src/stm32f3xx_hal_i2c.o
 .text.HAL_I2C_MspInit
                0x000000000800a494        0x2 build/Drivers/STM32F3xx_HAL_Driver/Src/stm32f3xx_hal_i2c.o
                0x000000000800a494                HAL_I2C_MspInit
 .text.HAL_I2C_Init
                0x000000000800a496       0x90 build/Drivers/STM32F3xx_HAL_Driver/Src/stm32f3xx_hal_i2c.o
                0x000000000800a496                HAL_I2C_Init
 .text.HAL_I2C_MspDeInit
                0x000000000800a526        0x2 build/Drivers/STM32F3xx_HAL_Driver/Src/stm32f3xx_hal_i2c.o
                0x000000000800a526                HAL_I2C_MspDeInit
 .text.HAL_I2C_DeInit
                0x000000000800a528       0x2e build/Drivers/STM32F3xx_HAL_Driver/Src/stm32f3xx_hal_i2c.o
                0x000000000800a528                HAL_I2C_DeInit
 .text.HAL_I2C_Mem_Write
                0x000000000800a556      0x104 build/Drivers/STM32F3xx_HAL_Driver/Src/stm32f3xx_hal_i2c.o
                0x000000000800a556                HAL_I2C_Mem_Write
 .text.HAL_I2C_Mem_Read
                0x000000000800a65a      0x10e build/Drivers/STM32F3xx_HAL_Driver/Src/stm32f3xx_hal_i2c.o
                0x000000000800a65a                HAL_I2C_Mem_Read
 .text.HAL_I2C_GetState
                0x000000000800a768        0x6 build/Drivers/STM32F3xx_HAL_Driver/Src/stm32f3xx_hal_i2c.o
                0x000000000800a768                HAL_I2C_GetState
 .text.SPI_WaitFifoStateUntilTimeout
                0x000000000800a76e       0x94 build/Drivers/STM32F3xx_HAL_Driver/Src/stm32f3xx_hal_spi.o
 .text.SPI_WaitFlagStateUntilTimeout
                0x000000000800a802       0x82 build/Drivers/STM32F3xx_HAL_Driver/Src/stm32f3xx_hal_spi.o
 .text.SPI_EndRxTxTransaction
                0x000000000800a884       0x4c build/Drivers/STM32F3xx_HAL_Driver/Src/stm32f3xx_hal_spi.o
 .text.HAL_SPI_MspInit
                0x000000000800a8d0        0x2 build/Drivers/STM32F3xx_HAL_Driver/Src/stm32f3xx_hal_spi.o
                0x000000000800a8d0                HAL_SPI_MspInit
 .text.HAL_SPI_Init
                0x000000000800a8d2       0xa4 build/Drivers/STM32F3xx_HAL_Driver/Src/stm32f3xx_hal_spi.o
                0x000000000800a8d2                HAL_SPI_Init
 .text.HAL_SPI_MspDeInit
                0x000000000800a976        0x2 build/Drivers/STM32F3xx_HAL_Driver/Src/stm32f3xx_hal_spi.o
                0x000000000800a976                HAL_SPI_MspDeInit
 .text.HAL_SPI_DeInit
                0x000000000800a978       0x2a build/Drivers/STM32F3xx_HAL_Driver/Src/stm32f3xx_hal_spi.o
                0x000000000800a978                HAL_SPI_DeInit
 .text.HAL_SPI_TransmitReceive
                0x000000000800a9a2      0x270 build/Drivers/STM32F3xx_HAL_Driver/Src/stm32f3xx_hal_spi.o
                0x000000000800a9a2                HAL_SPI_TransmitReceive
 .text.HAL_SPI_GetState
                0x000000000800ac12        0x6 build/Drivers/STM32F3xx_HAL_Driver/Src/stm32f3xx_hal_spi.o
                0x000000000800ac12                HAL_SPI_GetState
 .text.USBD_Init
                0x000000000800ac18       0x2a build/Drivers/STM32_USB_Device_Library/Core/Src/usbd_core.o
                0x000000000800ac18                USBD_Init
 .text.USBD_RegisterClass
                0x000000000800ac42        0xe build/Drivers/STM32_USB_Device_Library/Core/Src/usbd_core.o
                0x000000000800ac42                USBD_RegisterClass
 .text.USBD_Start
                0x000000000800ac50        0xa build/Drivers/STM32_USB_Device_Library/Core/Src/usbd_core.o
                0x000000000800ac50                USBD_Start
 .text.USBD_SetClassConfig
                0x000000000800ac5a       0x16 build/Drivers/STM32_USB_Device_Library/Core/Src/usbd_core.o
                0x000000000800ac5a                USBD_SetClassConfig
 .text.USBD_ClrClassConfig
                0x000000000800ac70        0xe build/Drivers/STM32_USB_Device_Library/Core/Src/usbd_core.o
                0x000000000800ac70                USBD_ClrClassConfig
 .text.USBD_LL_SetupStage
                0x000000000800ac7e       0x5a build/Drivers/STM32_USB_Device_Library/Core/Src/usbd_core.o
                0x000000000800ac7e                USBD_LL_SetupStage
 .text.USBD_LL_DataOutStage
                0x000000000800acd8       0x60 build/Drivers/STM32_USB_Device_Library/Core/Src/usbd_core.o
                0x000000000800acd8                USBD_LL_DataOutStage
 .text.USBD_LL_DataInStage
                0x000000000800ad38       0x8c build/Drivers/STM32_USB_Device_Library/Core/Src/usbd_core.o
                0x000000000800ad38                USBD_LL_DataInStage
 .text.USBD_LL_Reset
                0x000000000800adc4       0x3e build/Drivers/STM32_USB_Device_Library/Core/Src/usbd_core.o
                0x000000000800adc4                USBD_LL_Reset
 .text.USBD_LL_SetSpeed
                0x000000000800ae02        0x6 build/Drivers/STM32_USB_Device_Library/Core/Src/usbd_core.o
                0x000000000800ae02                USBD_LL_SetSpeed
 .text.USBD_LL_SOF
                0x000000000800ae08       0x18 build/Drivers/STM32_USB_Device_Library/Core/Src/usbd_core.o
                0x000000000800ae08                USBD_LL_SOF
 .text.USBD_CtlError.constprop.0
                0x000000000800ae20       0x16 build/Drivers/STM32_USB_Device_Library/Core/Src/usbd_ctlreq.o
 *fill*         0x000000000800ae36        0x2 
 .text.USBD_StdDevReq
                0x000000000800ae38      0x1f4 build/Drivers/STM32_USB_Device_Library/Core/Src/usbd_ctlreq.o
                0x000000000800ae38                USBD_StdDevReq
 .text.USBD_StdItfReq
                0x000000000800b02c       0x30 build/Drivers/STM32_USB_Device_Library/Core/Src/usbd_ctlreq.o
                0x000000000800b02c                USBD_StdItfReq
 .text.USBD_StdEPReq
                0x000000000800b05c       0xae build/Drivers/STM32_USB_Device_Library/Core/Src/usbd_ctlreq.o
                0x000000000800b05c                USBD_StdEPReq
 .text.USBD_ParseSetupRequest
                0x000000000800b10a       0x28 build/Drivers/STM32_USB_Device_Library/Core/Src/usbd_ctlreq.o
                0x000000000800b10a                USBD_ParseSetupRequest
 .text.USBD_GetString
                0x000000000800b132       0x38 build/Drivers/STM32_USB_Device_Library/Core/Src/usbd_ctlreq.o
                0x000000000800b132                USBD_GetString
 .text.USBD_CtlSendData
                0x000000000800b16a       0x1a build/Drivers/STM32_USB_Device_Library/Core/Src/usbd_ioreq.o
                0x000000000800b16a                USBD_CtlSendData
 .text.USBD_CtlContinueSendData
                0x000000000800b184       0x10 build/Drivers/STM32_USB_Device_Library/Core/Src/usbd_ioreq.o
                0x000000000800b184                USBD_CtlContinueSendData
 .text.USBD_CtlPrepareRx
                0x000000000800b194       0x1a build/Drivers/STM32_USB_Device_Library/Core/Src/usbd_ioreq.o
                0x000000000800b194                USBD_CtlPrepareRx
 .text.USBD_CtlContinueRx
                0x000000000800b1ae       0x10 build/Drivers/STM32_USB_Device_Library/Core/Src/usbd_ioreq.o
                0x000000000800b1ae                USBD_CtlContinueRx
 .text.USBD_CtlSendStatus
                0x000000000800b1be       0x16 build/Drivers/STM32_USB_Device_Library/Core/Src/usbd_ioreq.o
                0x000000000800b1be                USBD_CtlSendStatus
 .text.USBD_CtlReceiveStatus
                0x000000000800b1d4       0x16 build/Drivers/STM32_USB_Device_Library/Core/Src/usbd_ioreq.o
                0x000000000800b1d4                USBD_CtlReceiveStatus
 .text.USBD_CDC_DataIn
                0x000000000800b1ea       0x12 build/Drivers/STM32_USB_Device_Library/Class/CDC/Src/usbd_cdc.o
 .text.USBD_CDC_EP0_RxReady
                0x000000000800b1fc       0x28 build/Drivers/STM32_USB_Device_Library/Class/CDC/Src/usbd_cdc.o
 .text.USBD_CDC_GetFSCfgDesc
                0x000000000800b224        0xc build/Drivers/STM32_USB_Device_Library/Class/CDC/Src/usbd_cdc.o
 .text.USBD_CDC_GetHSCfgDesc
                0x000000000800b230        0xc build/Drivers/STM32_USB_Device_Library/Class/CDC/Src/usbd_cdc.o
 .text.USBD_CDC_GetOtherSpeedCfgDesc
                0x000000000800b23c        0xc build/Drivers/STM32_USB_Device_Library/Class/CDC/Src/usbd_cdc.o
 .text.USBD_CDC_GetDeviceQualifierDescriptor
                0x000000000800b248        0xc build/Drivers/STM32_USB_Device_Library/Class/CDC/Src/usbd_cdc.o
                0x000000000800b248                USBD_CDC_GetDeviceQualifierDescriptor
 .text.USBD_CDC_DataOut
                0x000000000800b254       0x2e build/Drivers/STM32_USB_Device_Library/Class/CDC/Src/usbd_cdc.o
 .text.USBD_CDC_Setup
                0x000000000800b282       0x56 build/Drivers/STM32_USB_Device_Library/Class/CDC/Src/usbd_cdc.o
 .text.USBD_CDC_DeInit
                0x000000000800b2d8       0x3a build/Drivers/STM32_USB_Device_Library/Class/CDC/Src/usbd_cdc.o
 .text.USBD_CDC_Init
                0x000000000800b312       0x8c build/Drivers/STM32_USB_Device_Library/Class/CDC/Src/usbd_cdc.o
 .text.USBD_CDC_RegisterInterface
                0x000000000800b39e        0xe build/Drivers/STM32_USB_Device_Library/Class/CDC/Src/usbd_cdc.o
                0x000000000800b39e                USBD_CDC_RegisterInterface
 .text.USBD_CDC_SetTxBuffer
                0x000000000800b3ac       0x10 build/Drivers/STM32_USB_Device_Library/Class/CDC/Src/usbd_cdc.o
                0x000000000800b3ac                USBD_CDC_SetTxBuffer
 .text.USBD_CDC_SetRxBuffer
                0x000000000800b3bc        0xc build/Drivers/STM32_USB_Device_Library/Class/CDC/Src/usbd_cdc.o
                0x000000000800b3bc                USBD_CDC_SetRxBuffer
 .text.USBD_CDC_TransmitPacket
                0x000000000800b3c8       0x2e build/Drivers/STM32_USB_Device_Library/Class/CDC/Src/usbd_cdc.o
                0x000000000800b3c8                USBD_CDC_TransmitPacket
 .text.USBD_CDC_ReceivePacket
                0x000000000800b3f6       0x2e build/Drivers/STM32_USB_Device_Library/Class/CDC/Src/usbd_cdc.o
                0x000000000800b3f6                USBD_CDC_ReceivePacket
 .text.HAL_PCD_MspInit
                0x000000000800b424       0x98 build/usbd_conf.o
                0x000000000800b424                HAL_PCD_MspInit
 .text.HAL_PCD_SetupStageCallback
                0x000000000800b4bc        0xc build/usbd_conf.o
                0x000000000800b4bc                HAL_PCD_SetupStageCallback
 .text.HAL_PCD_DataOutStageCallback
                0x000000000800b4c8       0x12 build/usbd_conf.o
                0x000000000800b4c8                HAL_PCD_DataOutStageCallback
 .text.HAL_PCD_DataInStageCallback
                0x000000000800b4da       0x10 build/usbd_conf.o
                0x000000000800b4da                HAL_PCD_DataInStageCallback
 .text.HAL_PCD_SOFCallback
                0x000000000800b4ea        0x8 build/usbd_conf.o
                0x000000000800b4ea                HAL_PCD_SOFCallback
 .text.HAL_PCD_ResetCallback
                0x000000000800b4f2       0x1a build/usbd_conf.o
                0x000000000800b4f2                HAL_PCD_ResetCallback
 .text.HAL_PCD_SuspendCallback
                0x000000000800b50c        0x2 build/usbd_conf.o
                0x000000000800b50c                HAL_PCD_SuspendCallback
 .text.HAL_PCD_ResumeCallback
                0x000000000800b50e        0x2 build/usbd_conf.o
                0x000000000800b50e                HAL_PCD_ResumeCallback
 .text.USBD_LL_Init
                0x000000000800b510       0x7c build/usbd_conf.o
                0x000000000800b510                USBD_LL_Init
 .text.USBD_LL_Start
                0x000000000800b58c        0xe build/usbd_conf.o
                0x000000000800b58c                USBD_LL_Start
 .text.USBD_LL_OpenEP
                0x000000000800b59a       0x14 build/usbd_conf.o
                0x000000000800b59a                USBD_LL_OpenEP
 .text.USBD_LL_CloseEP
                0x000000000800b5ae        0xe build/usbd_conf.o
                0x000000000800b5ae                USBD_LL_CloseEP
 .text.USBD_LL_StallEP
                0x000000000800b5bc        0xe build/usbd_conf.o
                0x000000000800b5bc                USBD_LL_StallEP
 .text.USBD_LL_ClearStallEP
                0x000000000800b5ca        0xe build/usbd_conf.o
                0x000000000800b5ca                USBD_LL_ClearStallEP
 .text.USBD_LL_IsStallEP
                0x000000000800b5d8       0x26 build/usbd_conf.o
                0x000000000800b5d8                USBD_LL_IsStallEP
 .text.USBD_LL_SetUSBAddress
                0x000000000800b5fe        0xe build/usbd_conf.o
                0x000000000800b5fe                USBD_LL_SetUSBAddress
 .text.USBD_LL_Transmit
                0x000000000800b60c        0xe build/usbd_conf.o
                0x000000000800b60c                USBD_LL_Transmit
 .text.USBD_LL_PrepareReceive
                0x000000000800b61a        0xe build/usbd_conf.o
                0x000000000800b61a                USBD_LL_PrepareReceive
 .text.USBD_LL_GetRxDataSize
                0x000000000800b628        0xc build/usbd_conf.o
                0x000000000800b628                USBD_LL_GetRxDataSize
 .text.USBD_static_malloc
                0x000000000800b634        0x8 build/usbd_conf.o
                0x000000000800b634                USBD_static_malloc
 .text.USBD_static_free
                0x000000000800b63c        0x2 build/usbd_conf.o
                0x000000000800b63c                USBD_static_free
 *fill*         0x000000000800b63e        0x2 
 .text.USBD_VCP_DeviceDescriptor
                0x000000000800b640        0xc build/usbd_desc.o
                0x000000000800b640                USBD_VCP_DeviceDescriptor
 .text.USBD_VCP_LangIDStrDescriptor
                0x000000000800b64c        0xc build/usbd_desc.o
                0x000000000800b64c                USBD_VCP_LangIDStrDescriptor
 .text.IntToUnicode
                0x000000000800b658       0x2a build/usbd_desc.o
 *fill*         0x000000000800b682        0x2 
 .text.USBD_VCP_SerialStrDescriptor
                0x000000000800b684       0x3c build/usbd_desc.o
                0x000000000800b684                USBD_VCP_SerialStrDescriptor
 .text.USBD_VCP_ProductStrDescriptor
                0x000000000800b6c0       0x1c build/usbd_desc.o
                0x000000000800b6c0                USBD_VCP_ProductStrDescriptor
 .text.USBD_VCP_ManufacturerStrDescriptor
                0x000000000800b6dc       0x1c build/usbd_desc.o
                0x000000000800b6dc                USBD_VCP_ManufacturerStrDescriptor
 .text.USBD_VCP_ConfigStrDescriptor
                0x000000000800b6f8       0x1c build/usbd_desc.o
                0x000000000800b6f8                USBD_VCP_ConfigStrDescriptor
 .text.USBD_VCP_InterfaceStrDescriptor
                0x000000000800b714       0x1c build/usbd_desc.o
                0x000000000800b714                USBD_VCP_InterfaceStrDescriptor
 .text.CDC_Itf_DeInit
                0x000000000800b730        0x4 build/usbd_cdc_interface.o
 .text.CDC_Itf_Control
                0x000000000800b734       0x48 build/usbd_cdc_interface.o
 .text.CDC_Itf_Receive
                0x000000000800b77c       0x1c build/usbd_cdc_interface.o
 .text.CDC_Itf_Init
                0x000000000800b798       0x18 build/usbd_cdc_interface.o
 .text.SPIx_Init
                0x000000000800b7b0       0x88 build/Drivers/BSP/STM32F3-Discovery/stm32f3_discovery.o
 .text.SPIx_WriteRead
                0x000000000800b838       0x40 build/Drivers/BSP/STM32F3-Discovery/stm32f3_discovery.o
 .text.I2Cx_Init
                0x000000000800b878       0x74 build/Drivers/BSP/STM32F3-Discovery/stm32f3_discovery.o
 .text.BSP_LED_Init
                0x000000000800b8ec       0x6c build/Drivers/BSP/STM32F3-Discovery/stm32f3_discovery.o
                0x000000000800b8ec                BSP_LED_Init
 .text.BSP_LED_On
                0x000000000800b958       0x1c build/Drivers/BSP/STM32F3-Discovery/stm32f3_discovery.o
                0x000000000800b958                BSP_LED_On
 .text.BSP_LED_Off
                0x000000000800b974       0x1c build/Drivers/BSP/STM32F3-Discovery/stm32f3_discovery.o
                0x000000000800b974                BSP_LED_Off
 .text.BSP_LED_Toggle
                0x000000000800b990       0x18 build/Drivers/BSP/STM32F3-Discovery/stm32f3_discovery.o
                0x000000000800b990                BSP_LED_Toggle
 .text.BSP_PB_Init
                0x000000000800b9a8       0x74 build/Drivers/BSP/STM32F3-Discovery/stm32f3_discovery.o
                0x000000000800b9a8                BSP_PB_Init
 .text.BSP_PB_GetState
                0x000000000800ba1c       0x14 build/Drivers/BSP/STM32F3-Discovery/stm32f3_discovery.o
                0x000000000800ba1c                BSP_PB_GetState
 .text.GYRO_IO_Init
                0x000000000800ba30       0x60 build/Drivers/BSP/STM32F3-Discovery/stm32f3_discovery.o
                0x000000000800ba30                GYRO_IO_Init
 .text.GYRO_IO_Write
                0x000000000800ba90       0x44 build/Drivers/BSP/STM32F3-Discovery/stm32f3_discovery.o
                0x000000000800ba90                GYRO_IO_Write
 .text.GYRO_IO_Read
                0x000000000800bad4       0x48 build/Drivers/BSP/STM32F3-Discovery/stm32f3_discovery.o
                0x000000000800bad4                GYRO_IO_Read
 .text.COMPASSACCELERO_IO_Init
                0x000000000800bb1c       0x64 build/Drivers/BSP/STM32F3-Discovery/stm32f3_discovery.o
                0x000000000800bb1c                COMPASSACCELERO_IO_Init
 .text.COMPASSACCELERO_IO_ITConfig
                0x000000000800bb80       0x48 build/Drivers/BSP/STM32F3-Discovery/stm32f3_discovery.o
                0x000000000800bb80                COMPASSACCELERO_IO_ITConfig
 .text.COMPASSACCELERO_IO_Write
                0x000000000800bbc8       0x3c build/Drivers/BSP/STM32F3-Discovery/stm32f3_discovery.o
                0x000000000800bbc8                COMPASSACCELERO_IO_Write
 .text.COMPASSACCELERO_IO_Read
                0x000000000800bc04       0x40 build/Drivers/BSP/STM32F3-Discovery/stm32f3_discovery.o
                0x000000000800bc04                COMPASSACCELERO_IO_Read
 .text.BSP_ACCELERO_Init
                0x000000000800bc44       0x40 build/Drivers/BSP/STM32F3-Discovery/stm32f3_discovery_accelerometer.o
                0x000000000800bc44                BSP_ACCELERO_Init
 .text.BSP_ACCELERO_GetXYZ
                0x000000000800bc84       0x10 build/Drivers/BSP/STM32F3-Discovery/stm32f3_discovery_accelerometer.o
                0x000000000800bc84                BSP_ACCELERO_GetXYZ
 .text.BSP_GYRO_Init
                0x000000000800bc94       0x68 build/Drivers/BSP/STM32F3-Discovery/stm32f3_discovery_gyroscope.o
                0x000000000800bc94                BSP_GYRO_Init
 .text.BSP_GYRO_GetXYZ
                0x000000000800bcfc       0x10 build/Drivers/BSP/STM32F3-Discovery/stm32f3_discovery_gyroscope.o
                0x000000000800bcfc                BSP_GYRO_GetXYZ
 .text.LSM303DLHC_AccDeInit
                0x000000000800bd0c        0x2 build/Drivers/BSP/Components/lsm303dlhc/lsm303dlhc.o
                0x000000000800bd0c                LSM303DLHC_AccDeInit
 .text.LSM303DLHC_AccInit
                0x000000000800bd0e       0x20 build/Drivers/BSP/Components/lsm303dlhc/lsm303dlhc.o
                0x000000000800bd0e                LSM303DLHC_AccInit
 .text.LSM303DLHC_AccReadID
                0x000000000800bd2e       0x12 build/Drivers/BSP/Components/lsm303dlhc/lsm303dlhc.o
                0x000000000800bd2e                LSM303DLHC_AccReadID
 .text.LSM303DLHC_AccRebootCmd
                0x000000000800bd40       0x1c build/Drivers/BSP/Components/lsm303dlhc/lsm303dlhc.o
                0x000000000800bd40                LSM303DLHC_AccRebootCmd
 .text.LSM303DLHC_AccFilterConfig
                0x000000000800bd5c       0x20 build/Drivers/BSP/Components/lsm303dlhc/lsm303dlhc.o
                0x000000000800bd5c                LSM303DLHC_AccFilterConfig
 .text.LSM303DLHC_AccFilterCmd
                0x000000000800bd7c       0x20 build/Drivers/BSP/Components/lsm303dlhc/lsm303dlhc.o
                0x000000000800bd7c                LSM303DLHC_AccFilterCmd
 .text.LSM303DLHC_AccReadXYZ
                0x000000000800bd9c       0xae build/Drivers/BSP/Components/lsm303dlhc/lsm303dlhc.o
                0x000000000800bd9c                LSM303DLHC_AccReadXYZ
 .text.LSM303DLHC_AccFilterClickCmd
                0x000000000800be4a       0x20 build/Drivers/BSP/Components/lsm303dlhc/lsm303dlhc.o
                0x000000000800be4a                LSM303DLHC_AccFilterClickCmd
 .text.LSM303DLHC_AccIT1Enable
                0x000000000800be6a       0x1c build/Drivers/BSP/Components/lsm303dlhc/lsm303dlhc.o
                0x000000000800be6a                LSM303DLHC_AccIT1Enable
 .text.LSM303DLHC_AccClickITEnable
                0x000000000800be86       0x44 build/Drivers/BSP/Components/lsm303dlhc/lsm303dlhc.o
                0x000000000800be86                LSM303DLHC_AccClickITEnable
 .text.LSM303DLHC_AccZClickITConfig
                0x000000000800beca       0x1c build/Drivers/BSP/Components/lsm303dlhc/lsm303dlhc.o
                0x000000000800beca                LSM303DLHC_AccZClickITConfig
 .text.L3GD20_DeInit
                0x000000000800bee6        0x2 build/Drivers/BSP/Components/l3gd20/l3gd20.o
                0x000000000800bee6                L3GD20_DeInit
 .text.L3GD20_Init
                0x000000000800bee8       0x34 build/Drivers/BSP/Components/l3gd20/l3gd20.o
                0x000000000800bee8                L3GD20_Init
 .text.L3GD20_LowPower
                0x000000000800bf1c       0x18 build/Drivers/BSP/Components/l3gd20/l3gd20.o
                0x000000000800bf1c                L3GD20_LowPower
 .text.L3GD20_ReadID
                0x000000000800bf34       0x1c build/Drivers/BSP/Components/l3gd20/l3gd20.o
                0x000000000800bf34                L3GD20_ReadID
 .text.L3GD20_RebootCmd
                0x000000000800bf50       0x2c build/Drivers/BSP/Components/l3gd20/l3gd20.o
                0x000000000800bf50                L3GD20_RebootCmd
 .text.L3GD20_INT1InterruptConfig
                0x000000000800bf7c       0x5e build/Drivers/BSP/Components/l3gd20/l3gd20.o
                0x000000000800bf7c                L3GD20_INT1InterruptConfig
 .text.L3GD20_EnableIT
                0x000000000800bfda       0x40 build/Drivers/BSP/Components/l3gd20/l3gd20.o
                0x000000000800bfda                L3GD20_EnableIT
 .text.L3GD20_DisableIT
                0x000000000800c01a       0x3c build/Drivers/BSP/Components/l3gd20/l3gd20.o
                0x000000000800c01a                L3GD20_DisableIT
 .text.L3GD20_FilterConfig
                0x000000000800c056       0x2e build/Drivers/BSP/Components/l3gd20/l3gd20.o
                0x000000000800c056                L3GD20_FilterConfig
 .text.L3GD20_FilterCmd
                0x000000000800c084       0x2e build/Drivers/BSP/Components/l3gd20/l3gd20.o
                0x000000000800c084                L3GD20_FilterCmd
 *fill*         0x000000000800c0b2        0x2 
 .text.L3GD20_ReadXYZAngRate
                0x000000000800c0b4       0xf0 build/Drivers/BSP/Components/l3gd20/l3gd20.o
                0x000000000800c0b4                L3GD20_ReadXYZAngRate
 .text.I3G4250D_DeInit
                0x000000000800c1a4        0x2 build/Drivers/BSP/Components/i3g4250d/i3g4250d.o
                0x000000000800c1a4                I3G4250D_DeInit
 .text.I3G4250D_Init
                0x000000000800c1a6       0x34 build/Drivers/BSP/Components/i3g4250d/i3g4250d.o
                0x000000000800c1a6                I3G4250D_Init
 .text.I3G4250D_LowPower
                0x000000000800c1da       0x18 build/Drivers/BSP/Components/i3g4250d/i3g4250d.o
                0x000000000800c1da                I3G4250D_LowPower
 .text.I3G4250D_ReadID
                0x000000000800c1f2       0x1c build/Drivers/BSP/Components/i3g4250d/i3g4250d.o
                0x000000000800c1f2                I3G4250D_ReadID
 .text.I3G4250D_RebootCmd
                0x000000000800c20e       0x2c build/Drivers/BSP/Components/i3g4250d/i3g4250d.o
                0x000000000800c20e                I3G4250D_RebootCmd
 .text.I3G4250D_INT1InterruptConfig
                0x000000000800c23a       0x5e build/Drivers/BSP/Components/i3g4250d/i3g4250d.o
                0x000000000800c23a                I3G4250D_INT1InterruptConfig
 .text.I3G4250D_EnableIT
                0x000000000800c298       0x40 build/Drivers/BSP/Components/i3g4250d/i3g4250d.o
                0x000000000800c298                I3G4250D_EnableIT
 .text.I3G4250D_DisableIT
                0x000000000800c2d8       0x3c build/Drivers/BSP/Components/i3g4250d/i3g4250d.o
                0x000000000800c2d8                I3G4250D_DisableIT
 .text.I3G4250D_FilterConfig
                0x000000000800c314       0x2e build/Drivers/BSP/Components/i3g4250d/i3g4250d.o
                0x000000000800c314                I3G4250D_FilterConfig
 .text.I3G4250D_FilterCmd
                0x000000000800c342       0x2e build/Drivers/BSP/Components/i3g4250d/i3g4250d.o
                0x000000000800c342                I3G4250D_FilterCmd
 .text.I3G4250D_ReadXYZAngRate
                0x000000000800c370       0xf0 build/Drivers/BSP/Components/i3g4250d/i3g4250d.o
                0x000000000800c370                I3G4250D_ReadXYZAngRate
 .text.LSM303AGR_AccDeInit
                0x000000000800c460        0x2 build/Drivers/BSP/Components/lsm303agr/lsm303agr.o
                0x000000000800c460                LSM303AGR_AccDeInit
 .text.LSM303AGR_AccInit
                0x000000000800c462       0x20 build/Drivers/BSP/Components/lsm303agr/lsm303agr.o
                0x000000000800c462                LSM303AGR_AccInit
 .text.LSM303AGR_AccReadID
                0x000000000800c482       0x12 build/Drivers/BSP/Components/lsm303agr/lsm303agr.o
                0x000000000800c482                LSM303AGR_AccReadID
 .text.LSM303AGR_AccRebootCmd
                0x000000000800c494       0x1c build/Drivers/BSP/Components/lsm303agr/lsm303agr.o
                0x000000000800c494                LSM303AGR_AccRebootCmd
 .text.LSM303AGR_AccFilterConfig
                0x000000000800c4b0       0x20 build/Drivers/BSP/Components/lsm303agr/lsm303agr.o
                0x000000000800c4b0                LSM303AGR_AccFilterConfig
 .text.LSM303AGR_AccFilterCmd
                0x000000000800c4d0       0x20 build/Drivers/BSP/Components/lsm303agr/lsm303agr.o
                0x000000000800c4d0                LSM303AGR_AccFilterCmd
 .text.LSM303AGR_AccReadXYZ
                0x000000000800c4f0       0xae build/Drivers/BSP/Components/lsm303agr/lsm303agr.o
                0x000000000800c4f0                LSM303AGR_AccReadXYZ
 .text.LSM303AGR_AccFilterClickCmd
                0x000000000800c59e       0x20 build/Drivers/BSP/Components/lsm303agr/lsm303agr.o
                0x000000000800c59e                LSM303AGR_AccFilterClickCmd
 .text.LSM303AGR_AccIT1Enable
                0x000000000800c5be       0x1c build/Drivers/BSP/Components/lsm303agr/lsm303agr.o
                0x000000000800c5be                LSM303AGR_AccIT1Enable
 .text.LSM303AGR_AccClickITEnable
                0x000000000800c5da       0x44 build/Drivers/BSP/Components/lsm303agr/lsm303agr.o
                0x000000000800c5da                LSM303AGR_AccClickITEnable
 .text.LSM303AGR_AccZClickITConfig
                0x000000000800c61e       0x1c build/Drivers/BSP/Components/lsm303agr/lsm303agr.o
                0x000000000800c61e                LSM303AGR_AccZClickITConfig
 *fill*         0x000000000800c63a        0x2 
 .text.Reset_Handler
                0x000000000800c63c       0x50 build/Drivers/CMSIS/Device/ST/STM32F3xx/Source/Templates/gcc/startup_stm32f303xc.o
                0x000000000800c63c                Reset_Handler
 .text.Default_Handler
                0x000000000800c68c        0x2 build/Drivers/CMSIS/Device/ST/STM32F3xx/Source/Templates/gcc/startup_stm32f303xc.o
                0x000000000800c68c                RTC_Alarm_IRQHandler
                0x000000000800c68c                TIM8_TRG_COM_IRQHandler
                0x000000000800c68c                TIM8_CC_IRQHandler
                0x000000000800c68c                DebugMon_Handler
                0x000000000800c68c                TIM1_CC_IRQHandler
                0x000000000800c68c                HardFault_Handler
                0x000000000800c68c                USB_HP_IRQHandler
                0x000000000800c68c                PVD_IRQHandler
                0x000000000800c68c                TAMP_STAMP_IRQHandler
                0x000000000800c68c                PendSV_Handler
                0x000000000800c68c                NMI_Handler
                0x000000000800c68c                EXTI3_IRQHandler
                0x000000000800c68c                USB_HP_CAN_TX_IRQHandler
                0x000000000800c68c                EXTI0_IRQHandler
                0x000000000800c68c                I2C2_EV_IRQHandler
                0x000000000800c68c                FPU_IRQHandler
                0x000000000800c68c                TIM1_UP_TIM16_IRQHandler
                0x000000000800c68c                UsageFault_Handler
                0x000000000800c68c                ADC1_2_IRQHandler
                0x000000000800c68c                SPI1_IRQHandler
                0x000000000800c68c                CAN_SCE_IRQHandler
                0x000000000800c68c                TIM6_DAC_IRQHandler
                0x000000000800c68c                TIM8_UP_IRQHandler
                0x000000000800c68c                DMA2_Channel2_IRQHandler
                0x000000000800c68c                DMA1_Channel4_IRQHandler
                0x000000000800c68c                USART3_IRQHandler
                0x000000000800c68c                DMA1_Channel7_IRQHandler
                0x000000000800c68c                UART5_IRQHandler
                0x000000000800c68c                ADC3_IRQHandler
                0x000000000800c68c                TIM4_IRQHandler
                0x000000000800c68c                CAN_RX1_IRQHandler
                0x000000000800c68c                DMA2_Channel1_IRQHandler
                0x000000000800c68c                I2C1_EV_IRQHandler
                0x000000000800c68c                DMA1_Channel6_IRQHandler
                0x000000000800c68c                UART4_IRQHandler
                0x000000000800c68c                DMA2_Channel4_IRQHandler
                0x000000000800c68c                TIM3_IRQHandler
                0x000000000800c68c                RCC_IRQHandler
                0x000000000800c68c                DMA1_Channel1_IRQHandler
                0x000000000800c68c                Default_Handler
                0x000000000800c68c                USBWakeUp_RMP_IRQHandler
                0x000000000800c68c                EXTI15_10_IRQHandler
                0x000000000800c68c                TIM7_IRQHandler
                0x000000000800c68c                EXTI9_5_IRQHandler
                0x000000000800c68c                RTC_WKUP_IRQHandler
                0x000000000800c68c                SPI2_IRQHandler
                0x000000000800c68c                MemManage_Handler
                0x000000000800c68c                SVC_Handler
                0x000000000800c68c                DMA2_Channel5_IRQHandler
                0x000000000800c68c                DMA1_Channel5_IRQHandler
                0x000000000800c68c                USB_LP_IRQHandler
                0x000000000800c68c                EXTI4_IRQHandler
                0x000000000800c68c                TIM1_TRG_COM_TIM17_IRQHandler
                0x000000000800c68c                DMA1_Channel3_IRQHandler
                0x000000000800c68c                ADC4_IRQHandler
                0x000000000800c68c                WWDG_IRQHandler
                0x000000000800c68c                TIM2_IRQHandler
                0x000000000800c68c                COMP7_IRQHandler
                0x000000000800c68c                COMP1_2_3_IRQHandler
                0x000000000800c68c                EXTI1_IRQHandler
                0x000000000800c68c                USART2_IRQHandler
                0x000000000800c68c                COMP4_5_6_IRQHandler
                0x000000000800c68c                I2C2_ER_IRQHandler
                0x000000000800c68c                DMA1_Channel2_IRQHandler
                0x000000000800c68c                TIM8_BRK_IRQHandler
                0x000000000800c68c                FLASH_IRQHandler
                0x000000000800c68c                BusFault_Handler
                0x000000000800c68c                USART1_IRQHandler
                0x000000000800c68c                SPI3_IRQHandler
                0x000000000800c68c                I2C1_ER_IRQHandler
                0x000000000800c68c                USBWakeUp_IRQHandler
                0x000000000800c68c                DMA2_Channel3_IRQHandler
                0x000000000800c68c                EXTI2_TSC_IRQHandler
                0x000000000800c68c                TIM1_BRK_TIM15_IRQHandler
 *fill*         0x000000000800c68e        0x2 
 .text.startup  0x000000000800c690       0x14 /usr/lib/gcc/arm-none-eabi/10.3.1/../../../arm-none-eabi/lib/thumb/v7e-m+fp/hard/libg.a(lib_a-__call_atexit.o)
 *(.glue_7)
 .glue_7        0x000000000800c6a4        0x0 linker stubs
 *(.glue_7t)
 .glue_7t       0x000000000800c6a4        0x0 linker stubs
 *(.eh_frame)
 .eh_frame      0x000000000800c6a4        0x0 /usr/lib/gcc/arm-none-eabi/10.3.1/thumb/v7e-m+fp/hard/crtbegin.o
 *(.init)
 .init          0x000000000800c6a4        0x4 /usr/lib/gcc/arm-none-eabi/10.3.1/thumb/v7e-m+fp/hard/crti.o
                0x000000000800c6a4                _init
 .init          0x000000000800c6a8        0x8 /usr/lib/gcc/arm-none-eabi/10.3.1/thumb/v7e-m+fp/hard/crtn.o
 *(.fini)
 .fini          0x000000000800c6b0        0x4 /usr/lib/gcc/arm-none-eabi/10.3.1/thumb/v7e-m+fp/hard/crti.o
                0x000000000800c6b0                _fini
 .fini          0x000000000800c6b4        0x8 /usr/lib/gcc/arm-none-eabi/10.3.1/thumb/v7e-m+fp/hard/crtn.o
                0x000000000800c6bc                . = ALIGN (0x4)
                0x000000000800c6bc                _etext = .

.vfp11_veneer   0x000000000800c6bc        0x0
 .vfp11_veneer  0x000000000800c6bc        0x0 linker stubs

.v4_bx          0x000000000800c6bc        0x0
 .v4_bx         0x000000000800c6bc        0x0 linker stubs

.iplt           0x000000000800c6bc        0x0
 .iplt          0x000000000800c6bc        0x0 /usr/lib/gcc/arm-none-eabi/10.3.1/thumb/v7e-m+fp/hard/crtbegin.o

.rodata         0x000000000800c6c0     0xfa24
                0x000000000800c6c0                . = ALIGN (0x4)
 *(.rodata)
 .rodata        0x000000000800c6c0      0x494 build/decoder/STM32F30x_decoder.o
 .rodata        0x000000000800cb54      0x101 /usr/lib/gcc/arm-none-eabi/10.3.1/../../../arm-none-eabi/lib/thumb/v7e-m+fp/hard/libg.a(lib_a-ctype_.o)
                0x000000000800cb54                _ctype_
 *fill*         0x000000000800cc55        0x3 
 .rodata        0x000000000800cc58        0x4 /usr/lib/gcc/arm-none-eabi/10.3.1/../../../arm-none-eabi/lib/thumb/v7e-m+fp/hard/libg.a(lib_a-impure.o)
                0x000000000800cc58                _global_impure_ptr
 .rodata        0x000000000800cc5c       0x20 /usr/lib/gcc/arm-none-eabi/10.3.1/../../../arm-none-eabi/lib/thumb/v7e-m+fp/hard/libg.a(lib_a-vfprintf.o)
 *fill*         0x000000000800cc7c        0x4 
 .rodata        0x000000000800cc80      0x128 /usr/lib/gcc/arm-none-eabi/10.3.1/../../../arm-none-eabi/lib/thumb/v7e-m+fp/hard/libg.a(lib_a-mprec.o)
                0x000000000800cc90                __mprec_tens
                0x000000000800cd58                __mprec_tinytens
                0x000000000800cd80                __mprec_bigtens
 .rodata        0x000000000800cda8       0x20 /usr/lib/gcc/arm-none-eabi/10.3.1/../../../arm-none-eabi/lib/thumb/v7e-m+fp/hard/libg.a(lib_a-vfiprintf.o)
 *(.rodata*)
 .rodata.CmdLED.str1.1
                0x000000000800cdc8       0x68 build/main.o
 .rodata.CmdAccel.str1.1
                0x000000000800ce30       0x33 build/main.o
 .rodata.CmdGyro.str1.1
                0x000000000800ce63       0x2f build/main.o
 .rodata.CmdButton.str1.1
                0x000000000800ce92       0x2a build/main.o
 .rodata.main.str1.1
                0x000000000800cebc       0x41 build/main.o
 .rodata.str1.1
                0x000000000800cefd       0x9d build/main.o
                                         0xa4 (size before relaxing)
 .rodata.LEDs   0x000000000800cf9a        0x8 build/main.o
                0x000000000800cf9a                LEDs
 .rodata.CmdTest.str1.1
                0x000000000800cfa2       0x47 build/mytest.o
 .rodata.str1.1
                0x000000000800cfe9       0x16 build/mytest.o
 .rodata.AddTest.str1.1
                0x000000000800cfff       0x4f build/mes/pt_hook.o
 .rodata.str1.1
                0x000000000800d04e       0x1e build/mes/pt_hook.o
 .rodata.CmdR.str1.1
                0x000000000800d06c       0x10 build/monitor.o
 .rodata.str1.1
                0x000000000800d07c       0x3b build/monitor.o
                                         0x3d (size before relaxing)
 .rodata.parse.str1.1
                0x000000000800d0b7       0xd6 build/parser.o
 .rodata.TaskInput.str1.1
                0x000000000800d18d        0xb build/parser.o
                                          0xe (size before relaxing)
 .rodata.__FUNCTION__.0
                0x000000000800d198        0x6 build/parser.o
 .rodata.DumpBuffer.str1.1
                0x000000000800d19e       0x16 build/dump.o
 .rodata.CmdDump.str1.1
                0x000000000800d1b4      0x1ca build/dump.o
 .rodata.str1.1
                0x000000000800d37e       0x1c build/dump.o
                                         0x1e (size before relaxing)
 .rodata.CmdStats.str1.1
                0x000000000800d39a       0x78 build/terminal.o
 .rodata._write_r.str1.1
                0x000000000800d412       0x78 build/terminal.o
                                          0x2 (size before relaxing)
 .rodata.str1.1
                0x000000000800d412       0x32 build/terminal.o
 .rodata.Uncompress.str1.1
                0x000000000800d444       0x26 build/decoder/decoder.o
 .rodata.DecodeReadRegister.str1.1
                0x000000000800d46a       0x35 build/decoder/decoder.o
 .rodata.DecodeField.str1.1
                0x000000000800d49f       0x35 build/decoder/decoder.o
 .rodata.DecodeRegister.str1.1
                0x000000000800d4d4       0x3b build/decoder/decoder.o
 .rodata.DecodePeripheral.str1.1
                0x000000000800d50f       0x28 build/decoder/decoder.o
 .rodata.DecodePrintPeripherals.str1.1
                0x000000000800d537        0x3 build/decoder/decoder.o
                                          0x9 (size before relaxing)
 .rodata.CmdDecode.str1.1
                0x000000000800d53a      0x403 build/decoder/decoder.o
                                        0x405 (size before relaxing)
 .rodata.str1.1
                0x000000000800d93d       0x21 build/decoder/decoder.o
                                         0x28 (size before relaxing)
 .rodata.str1.1
                0x000000000800d95e     0x28bc build/decoder/STM32F30x_decoder.o
                                       0x2921 (size before relaxing)
 *fill*         0x000000000801021a        0x2 
 .rodata.ADC1_2_CCR_fields
                0x000000000801021c       0x40 build/decoder/STM32F30x_decoder.o
                0x000000000801021c                ADC1_2_CCR_fields
 .rodata.ADC1_2_CDR_fields
                0x000000000801025c       0x10 build/decoder/STM32F30x_decoder.o
                0x000000000801025c                ADC1_2_CDR_fields
 .rodata.ADC1_2_CSR_fields
                0x000000000801026c       0xb0 build/decoder/STM32F30x_decoder.o
                0x000000000801026c                ADC1_2_CSR_fields
 .rodata.ADC1_2_registers
                0x000000000801031c       0x30 build/decoder/STM32F30x_decoder.o
                0x000000000801031c                ADC1_2_registers
 .rodata.ADC1_AWD2CR_fields
                0x000000000801034c        0x8 build/decoder/STM32F30x_decoder.o
                0x000000000801034c                ADC1_AWD2CR_fields
 .rodata.ADC1_AWD3CR_fields
                0x0000000008010354        0x8 build/decoder/STM32F30x_decoder.o
                0x0000000008010354                ADC1_AWD3CR_fields
 .rodata.ADC1_CALFACT_fields
                0x000000000801035c       0x10 build/decoder/STM32F30x_decoder.o
                0x000000000801035c                ADC1_CALFACT_fields
 .rodata.ADC1_CFGR_fields
                0x000000000801036c       0x98 build/decoder/STM32F30x_decoder.o
                0x000000000801036c                ADC1_CFGR_fields
 .rodata.ADC1_CR_fields
                0x0000000008010404       0x50 build/decoder/STM32F30x_decoder.o
                0x0000000008010404                ADC1_CR_fields
 .rodata.ADC1_DIFSEL_fields
                0x0000000008010454       0x10 build/decoder/STM32F30x_decoder.o
                0x0000000008010454                ADC1_DIFSEL_fields
 .rodata.ADC1_DR_fields
                0x0000000008010464        0x8 build/decoder/STM32F30x_decoder.o
                0x0000000008010464                ADC1_DR_fields
 .rodata.ADC1_IER_fields
                0x000000000801046c       0x58 build/decoder/STM32F30x_decoder.o
                0x000000000801046c                ADC1_IER_fields
 .rodata.ADC1_ISR_fields
                0x00000000080104c4       0x58 build/decoder/STM32F30x_decoder.o
                0x00000000080104c4                ADC1_ISR_fields
 .rodata.ADC1_JDR1_fields
                0x000000000801051c        0x8 build/decoder/STM32F30x_decoder.o
                0x000000000801051c                ADC1_JDR1_fields
 .rodata.ADC1_JDR2_fields
                0x0000000008010524        0x8 build/decoder/STM32F30x_decoder.o
                0x0000000008010524                ADC1_JDR2_fields
 .rodata.ADC1_JDR3_fields
                0x000000000801052c        0x8 build/decoder/STM32F30x_decoder.o
                0x000000000801052c                ADC1_JDR3_fields
 .rodata.ADC1_JDR4_fields
                0x0000000008010534        0x8 build/decoder/STM32F30x_decoder.o
                0x0000000008010534                ADC1_JDR4_fields
 .rodata.ADC1_JSQR_fields
                0x000000000801053c       0x38 build/decoder/STM32F30x_decoder.o
                0x000000000801053c                ADC1_JSQR_fields
 .rodata.ADC1_OFR1_fields
                0x0000000008010574       0x18 build/decoder/STM32F30x_decoder.o
                0x0000000008010574                ADC1_OFR1_fields
 .rodata.ADC1_OFR2_fields
                0x000000000801058c       0x18 build/decoder/STM32F30x_decoder.o
                0x000000000801058c                ADC1_OFR2_fields
 .rodata.ADC1_OFR3_fields
                0x00000000080105a4       0x18 build/decoder/STM32F30x_decoder.o
                0x00000000080105a4                ADC1_OFR3_fields
 .rodata.ADC1_OFR4_fields
                0x00000000080105bc       0x18 build/decoder/STM32F30x_decoder.o
                0x00000000080105bc                ADC1_OFR4_fields
 .rodata.ADC1_SMPR1_fields
                0x00000000080105d4       0x48 build/decoder/STM32F30x_decoder.o
                0x00000000080105d4                ADC1_SMPR1_fields
 .rodata.ADC1_SMPR2_fields
                0x000000000801061c       0x48 build/decoder/STM32F30x_decoder.o
                0x000000000801061c                ADC1_SMPR2_fields
 .rodata.ADC1_SQR1_fields
                0x0000000008010664       0x28 build/decoder/STM32F30x_decoder.o
                0x0000000008010664                ADC1_SQR1_fields
 .rodata.ADC1_SQR2_fields
                0x000000000801068c       0x28 build/decoder/STM32F30x_decoder.o
                0x000000000801068c                ADC1_SQR2_fields
 .rodata.ADC1_SQR3_fields
                0x00000000080106b4       0x28 build/decoder/STM32F30x_decoder.o
                0x00000000080106b4                ADC1_SQR3_fields
 .rodata.ADC1_SQR4_fields
                0x00000000080106dc       0x10 build/decoder/STM32F30x_decoder.o
                0x00000000080106dc                ADC1_SQR4_fields
 .rodata.ADC1_TR1_fields
                0x00000000080106ec       0x10 build/decoder/STM32F30x_decoder.o
                0x00000000080106ec                ADC1_TR1_fields
 .rodata.ADC1_TR2_fields
                0x00000000080106fc       0x10 build/decoder/STM32F30x_decoder.o
                0x00000000080106fc                ADC1_TR2_fields
 .rodata.ADC1_TR3_fields
                0x000000000801070c       0x10 build/decoder/STM32F30x_decoder.o
                0x000000000801070c                ADC1_TR3_fields
 .rodata.ADC1_registers
                0x000000000801071c      0x1b0 build/decoder/STM32F30x_decoder.o
                0x000000000801071c                ADC1_registers
 .rodata.CAN_BTR_fields
                0x00000000080108cc       0x30 build/decoder/STM32F30x_decoder.o
                0x00000000080108cc                CAN_BTR_fields
 .rodata.CAN_ESR_fields
                0x00000000080108fc       0x30 build/decoder/STM32F30x_decoder.o
                0x00000000080108fc                CAN_ESR_fields
 .rodata.CAN_F0R1_fields
                0x000000000801092c      0x100 build/decoder/STM32F30x_decoder.o
                0x000000000801092c                CAN_F0R1_fields
 .rodata.CAN_F0R2_fields
                0x0000000008010a2c      0x100 build/decoder/STM32F30x_decoder.o
                0x0000000008010a2c                CAN_F0R2_fields
 .rodata.CAN_F10R1_fields
                0x0000000008010b2c      0x100 build/decoder/STM32F30x_decoder.o
                0x0000000008010b2c                CAN_F10R1_fields
 .rodata.CAN_F10R2_fields
                0x0000000008010c2c      0x100 build/decoder/STM32F30x_decoder.o
                0x0000000008010c2c                CAN_F10R2_fields
 .rodata.CAN_F11R1_fields
                0x0000000008010d2c      0x100 build/decoder/STM32F30x_decoder.o
                0x0000000008010d2c                CAN_F11R1_fields
 .rodata.CAN_F11R2_fields
                0x0000000008010e2c      0x100 build/decoder/STM32F30x_decoder.o
                0x0000000008010e2c                CAN_F11R2_fields
 .rodata.CAN_F12R1_fields
                0x0000000008010f2c      0x100 build/decoder/STM32F30x_decoder.o
                0x0000000008010f2c                CAN_F12R1_fields
 .rodata.CAN_F12R2_fields
                0x000000000801102c      0x100 build/decoder/STM32F30x_decoder.o
                0x000000000801102c                CAN_F12R2_fields
 .rodata.CAN_F13R1_fields
                0x000000000801112c      0x100 build/decoder/STM32F30x_decoder.o
                0x000000000801112c                CAN_F13R1_fields
 .rodata.CAN_F13R2_fields
                0x000000000801122c      0x100 build/decoder/STM32F30x_decoder.o
                0x000000000801122c                CAN_F13R2_fields
 .rodata.CAN_F14R1_fields
                0x000000000801132c      0x100 build/decoder/STM32F30x_decoder.o
                0x000000000801132c                CAN_F14R1_fields
 .rodata.CAN_F14R2_fields
                0x000000000801142c      0x100 build/decoder/STM32F30x_decoder.o
                0x000000000801142c                CAN_F14R2_fields
 .rodata.CAN_F15R1_fields
                0x000000000801152c      0x100 build/decoder/STM32F30x_decoder.o
                0x000000000801152c                CAN_F15R1_fields
 .rodata.CAN_F15R2_fields
                0x000000000801162c      0x100 build/decoder/STM32F30x_decoder.o
                0x000000000801162c                CAN_F15R2_fields
 .rodata.CAN_F16R1_fields
                0x000000000801172c      0x100 build/decoder/STM32F30x_decoder.o
                0x000000000801172c                CAN_F16R1_fields
 .rodata.CAN_F16R2_fields
                0x000000000801182c      0x100 build/decoder/STM32F30x_decoder.o
                0x000000000801182c                CAN_F16R2_fields
 .rodata.CAN_F17R1_fields
                0x000000000801192c      0x100 build/decoder/STM32F30x_decoder.o
                0x000000000801192c                CAN_F17R1_fields
 .rodata.CAN_F17R2_fields
                0x0000000008011a2c      0x100 build/decoder/STM32F30x_decoder.o
                0x0000000008011a2c                CAN_F17R2_fields
 .rodata.CAN_F18R1_fields
                0x0000000008011b2c      0x100 build/decoder/STM32F30x_decoder.o
                0x0000000008011b2c                CAN_F18R1_fields
 .rodata.CAN_F18R2_fields
                0x0000000008011c2c      0x100 build/decoder/STM32F30x_decoder.o
                0x0000000008011c2c                CAN_F18R2_fields
 .rodata.CAN_F19R1_fields
                0x0000000008011d2c      0x100 build/decoder/STM32F30x_decoder.o
                0x0000000008011d2c                CAN_F19R1_fields
 .rodata.CAN_F19R2_fields
                0x0000000008011e2c      0x100 build/decoder/STM32F30x_decoder.o
                0x0000000008011e2c                CAN_F19R2_fields
 .rodata.CAN_F1R1_fields
                0x0000000008011f2c      0x100 build/decoder/STM32F30x_decoder.o
                0x0000000008011f2c                CAN_F1R1_fields
 .rodata.CAN_F1R2_fields
                0x000000000801202c      0x100 build/decoder/STM32F30x_decoder.o
                0x000000000801202c                CAN_F1R2_fields
 .rodata.CAN_F20R1_fields
                0x000000000801212c      0x100 build/decoder/STM32F30x_decoder.o
                0x000000000801212c                CAN_F20R1_fields
 .rodata.CAN_F20R2_fields
                0x000000000801222c      0x100 build/decoder/STM32F30x_decoder.o
                0x000000000801222c                CAN_F20R2_fields
 .rodata.CAN_F21R1_fields
                0x000000000801232c      0x100 build/decoder/STM32F30x_decoder.o
                0x000000000801232c                CAN_F21R1_fields
 .rodata.CAN_F21R2_fields
                0x000000000801242c      0x100 build/decoder/STM32F30x_decoder.o
                0x000000000801242c                CAN_F21R2_fields
 .rodata.CAN_F22R1_fields
                0x000000000801252c      0x100 build/decoder/STM32F30x_decoder.o
                0x000000000801252c                CAN_F22R1_fields
 .rodata.CAN_F22R2_fields
                0x000000000801262c      0x100 build/decoder/STM32F30x_decoder.o
                0x000000000801262c                CAN_F22R2_fields
 .rodata.CAN_F23R1_fields
                0x000000000801272c      0x100 build/decoder/STM32F30x_decoder.o
                0x000000000801272c                CAN_F23R1_fields
 .rodata.CAN_F23R2_fields
                0x000000000801282c      0x100 build/decoder/STM32F30x_decoder.o
                0x000000000801282c                CAN_F23R2_fields
 .rodata.CAN_F24R1_fields
                0x000000000801292c      0x100 build/decoder/STM32F30x_decoder.o
                0x000000000801292c                CAN_F24R1_fields
 .rodata.CAN_F24R2_fields
                0x0000000008012a2c      0x100 build/decoder/STM32F30x_decoder.o
                0x0000000008012a2c                CAN_F24R2_fields
 .rodata.CAN_F25R1_fields
                0x0000000008012b2c      0x100 build/decoder/STM32F30x_decoder.o
                0x0000000008012b2c                CAN_F25R1_fields
 .rodata.CAN_F25R2_fields
                0x0000000008012c2c      0x100 build/decoder/STM32F30x_decoder.o
                0x0000000008012c2c                CAN_F25R2_fields
 .rodata.CAN_F26R1_fields
                0x0000000008012d2c      0x100 build/decoder/STM32F30x_decoder.o
                0x0000000008012d2c                CAN_F26R1_fields
 .rodata.CAN_F26R2_fields
                0x0000000008012e2c      0x100 build/decoder/STM32F30x_decoder.o
                0x0000000008012e2c                CAN_F26R2_fields
 .rodata.CAN_F27R1_fields
                0x0000000008012f2c      0x100 build/decoder/STM32F30x_decoder.o
                0x0000000008012f2c                CAN_F27R1_fields
 .rodata.CAN_F27R2_fields
                0x000000000801302c      0x100 build/decoder/STM32F30x_decoder.o
                0x000000000801302c                CAN_F27R2_fields
 .rodata.CAN_F2R1_fields
                0x000000000801312c      0x100 build/decoder/STM32F30x_decoder.o
                0x000000000801312c                CAN_F2R1_fields
 .rodata.CAN_F2R2_fields
                0x000000000801322c      0x100 build/decoder/STM32F30x_decoder.o
                0x000000000801322c                CAN_F2R2_fields
 .rodata.CAN_F3R1_fields
                0x000000000801332c      0x100 build/decoder/STM32F30x_decoder.o
                0x000000000801332c                CAN_F3R1_fields
 .rodata.CAN_F3R2_fields
                0x000000000801342c      0x100 build/decoder/STM32F30x_decoder.o
                0x000000000801342c                CAN_F3R2_fields
 .rodata.CAN_F4R1_fields
                0x000000000801352c      0x100 build/decoder/STM32F30x_decoder.o
                0x000000000801352c                CAN_F4R1_fields
 .rodata.CAN_F4R2_fields
                0x000000000801362c      0x100 build/decoder/STM32F30x_decoder.o
                0x000000000801362c                CAN_F4R2_fields
 .rodata.CAN_F5R1_fields
                0x000000000801372c      0x100 build/decoder/STM32F30x_decoder.o
                0x000000000801372c                CAN_F5R1_fields
 .rodata.CAN_F5R2_fields
                0x000000000801382c      0x100 build/decoder/STM32F30x_decoder.o
                0x000000000801382c                CAN_F5R2_fields
 .rodata.CAN_F6R1_fields
                0x000000000801392c      0x100 build/decoder/STM32F30x_decoder.o
                0x000000000801392c                CAN_F6R1_fields
 .rodata.CAN_F6R2_fields
                0x0000000008013a2c      0x100 build/decoder/STM32F30x_decoder.o
                0x0000000008013a2c                CAN_F6R2_fields
 .rodata.CAN_F7R1_fields
                0x0000000008013b2c      0x100 build/decoder/STM32F30x_decoder.o
                0x0000000008013b2c                CAN_F7R1_fields
 .rodata.CAN_F7R2_fields
                0x0000000008013c2c      0x100 build/decoder/STM32F30x_decoder.o
                0x0000000008013c2c                CAN_F7R2_fields
 .rodata.CAN_F8R1_fields
                0x0000000008013d2c      0x100 build/decoder/STM32F30x_decoder.o
                0x0000000008013d2c                CAN_F8R1_fields
 .rodata.CAN_F8R2_fields
                0x0000000008013e2c      0x100 build/decoder/STM32F30x_decoder.o
                0x0000000008013e2c                CAN_F8R2_fields
 .rodata.CAN_F9R1_fields
                0x0000000008013f2c      0x100 build/decoder/STM32F30x_decoder.o
                0x0000000008013f2c                CAN_F9R1_fields
 .rodata.CAN_F9R2_fields
                0x000000000801402c      0x100 build/decoder/STM32F30x_decoder.o
                0x000000000801402c                CAN_F9R2_fields
 .rodata.CAN_FA1R_fields
                0x000000000801412c       0xe0 build/decoder/STM32F30x_decoder.o
                0x000000000801412c                CAN_FA1R_fields
 .rodata.CAN_FFA1R_fields
                0x000000000801420c       0xe0 build/decoder/STM32F30x_decoder.o
                0x000000000801420c                CAN_FFA1R_fields
 .rodata.CAN_FM1R_fields
                0x00000000080142ec       0xe0 build/decoder/STM32F30x_decoder.o
                0x00000000080142ec                CAN_FM1R_fields
 .rodata.CAN_FMR_fields
                0x00000000080143cc       0x10 build/decoder/STM32F30x_decoder.o
                0x00000000080143cc                CAN_FMR_fields
 .rodata.CAN_FS1R_fields
                0x00000000080143dc       0xe0 build/decoder/STM32F30x_decoder.o
                0x00000000080143dc                CAN_FS1R_fields
 .rodata.CAN_IER_fields
                0x00000000080144bc       0x70 build/decoder/STM32F30x_decoder.o
                0x00000000080144bc                CAN_IER_fields
 .rodata.CAN_MCR_fields
                0x000000000801452c       0x50 build/decoder/STM32F30x_decoder.o
                0x000000000801452c                CAN_MCR_fields
 .rodata.CAN_MSR_fields
                0x000000000801457c       0x48 build/decoder/STM32F30x_decoder.o
                0x000000000801457c                CAN_MSR_fields
 .rodata.CAN_RDH0R_fields
                0x00000000080145c4       0x20 build/decoder/STM32F30x_decoder.o
                0x00000000080145c4                CAN_RDH0R_fields
 .rodata.CAN_RDH1R_fields
                0x00000000080145e4       0x20 build/decoder/STM32F30x_decoder.o
                0x00000000080145e4                CAN_RDH1R_fields
 .rodata.CAN_RDL0R_fields
                0x0000000008014604       0x20 build/decoder/STM32F30x_decoder.o
                0x0000000008014604                CAN_RDL0R_fields
 .rodata.CAN_RDL1R_fields
                0x0000000008014624       0x20 build/decoder/STM32F30x_decoder.o
                0x0000000008014624                CAN_RDL1R_fields
 .rodata.CAN_RDT0R_fields
                0x0000000008014644       0x18 build/decoder/STM32F30x_decoder.o
                0x0000000008014644                CAN_RDT0R_fields
 .rodata.CAN_RDT1R_fields
                0x000000000801465c       0x18 build/decoder/STM32F30x_decoder.o
                0x000000000801465c                CAN_RDT1R_fields
 .rodata.CAN_RF0R_fields