Archive member included to satisfy reference by file (symbol)

/usr/lib/gcc/arm-none-eabi/10.3.1/../../../arm-none-eabi/lib/thumb/v7e-m+fp/hard/libg.a(lib_a-atexit.o)
                              /usr/lib/gcc/arm-none-eabi/10.3.1/../../../arm-none-eabi/lib/thumb/v7e-m+fp/hard/crt0.o (atexit)
/usr/lib/gcc/arm-none-eabi/10.3.1/../../../arm-none-eabi/lib/thumb/v7e-m+fp/hard/libg.a(lib_a-ctype_.o)
                              build/parser.o (_ctype_)
/usr/lib/gcc/arm-none-eabi/10.3.1/../../../arm-none-eabi/lib/thumb/v7e-m+fp/hard/libg.a(lib_a-errno.o)
                              build/syscall.o (__errno)
/usr/lib/gcc/arm-none-eabi/10.3.1/../../../arm-none-eabi/lib/thumb/v7e-m+fp/hard/libg.a(lib_a-exit.o)
                              /usr/lib/gcc/arm-none-eabi/10.3.1/../../../arm-none-eabi/lib/thumb/v7e-m+fp/hard/crt0.o (exit)
/usr/lib/gcc/arm-none-eabi/10.3.1/../../../arm-none-eabi/lib/thumb/v7e-m+fp/hard/libg.a(lib_a-fini.o)
                              /usr/lib/gcc/arm-none-eabi/10.3.1/../../../arm-none-eabi/lib/thumb/v7e-m+fp/hard/crt0.o (__libc_fini_array)
/usr/lib/gcc/arm-none-eabi/10.3.1/../../../arm-none-eabi/lib/thumb/v7e-m+fp/hard/libg.a(lib_a-impure.o)
                              /usr/lib/gcc/arm-none-eabi/10.3.1/../../../arm-none-eabi/lib/thumb/v7e-m+fp/hard/libg.a(lib_a-exit.o) (_global_impure_ptr)
/usr/lib/gcc/arm-none-eabi/10.3.1/../../../arm-none-eabi/lib/thumb/v7e-m+fp/hard/libg.a(lib_a-init.o)
                              /usr/lib/gcc/arm-none-eabi/10.3.1/../../../arm-none-eabi/lib/thumb/v7e-m+fp/hard/crt0.o (__libc_init_array)
/usr/lib/gcc/arm-none-eabi/10.3.1/../../../arm-none-eabi/lib/thumb/v7e-m+fp/hard/libg.a(lib_a-memset.o)
                              /usr/lib/gcc/arm-none-eabi/10.3.1/../../../arm-none-eabi/lib/thumb/v7e-m+fp/hard/crt0.o (memset)
/usr/lib/gcc/arm-none-eabi/10.3.1/../../../arm-none-eabi/lib/thumb/v7e-m+fp/hard/libg.a(lib_a-printf.o)
                              build/main.o (printf)
/usr/lib/gcc/arm-none-eabi/10.3.1/../../../arm-none-eabi/lib/thumb/v7e-m+fp/hard/libg.a(lib_a-putchar.o)
                              build/parser.o (putchar)
/usr/lib/gcc/arm-none-eabi/10.3.1/../../../arm-none-eabi/lib/thumb/v7e-m+fp/hard/libg.a(lib_a-puts.o)
                              build/main.o (puts)
/usr/lib/gcc/arm-none-eabi/10.3.1/../../../arm-none-eabi/lib/thumb/v7e-m+fp/hard/libg.a(lib_a-setvbuf.o)
                              build/terminal.o (setvbuf)
/usr/lib/gcc/arm-none-eabi/10.3.1/../../../arm-none-eabi/lib/thumb/v7e-m+fp/hard/libg.a(lib_a-strcasecmp.o)
                              build/parser.o (strcasecmp)
/usr/lib/gcc/arm-none-eabi/10.3.1/../../../arm-none-eabi/lib/thumb/v7e-m+fp/hard/libg.a(lib_a-strcpy.o)
                              build/parser.o (strcpy)
/usr/lib/gcc/arm-none-eabi/10.3.1/../../../arm-none-eabi/lib/thumb/v7e-m+fp/hard/libg.a(lib_a-strlen.o)
                              build/parser.o (strlen)
/usr/lib/gcc/arm-none-eabi/10.3.1/../../../arm-none-eabi/lib/thumb/v7e-m+fp/hard/libg.a(lib_a-strtok.o)
                              build/parser.o (strtok)
/usr/lib/gcc/arm-none-eabi/10.3.1/../../../arm-none-eabi/lib/thumb/v7e-m+fp/hard/libg.a(lib_a-strtok_r.o)
                              /usr/lib/gcc/arm-none-eabi/10.3.1/../../../arm-none-eabi/lib/thumb/v7e-m+fp/hard/libg.a(lib_a-strtok.o) (__strtok_r)
/usr/lib/gcc/arm-none-eabi/10.3.1/../../../arm-none-eabi/lib/thumb/v7e-m+fp/hard/libg.a(lib_a-strtol.o)
                              build/parser.o (strtol)
/usr/lib/gcc/arm-none-eabi/10.3.1/../../../arm-none-eabi/lib/thumb/v7e-m+fp/hard/libg.a(lib_a-strtoul.o)
                              build/parser.o (strtoul)
/usr/lib/gcc/arm-none-eabi/10.3.1/../../../arm-none-eabi/lib/thumb/v7e-m+fp/hard/libg.a(lib_a-vfprintf.o)
                              /usr/lib/gcc/arm-none-eabi/10.3.1/../../../arm-none-eabi/lib/thumb/v7e-m+fp/hard/libg.a(lib_a-printf.o) (_vfprintf_r)
/usr/lib/gcc/arm-none-eabi/10.3.1/../../../arm-none-eabi/lib/thumb/v7e-m+fp/hard/libg.a(lib_a-wsetup.o)
                              /usr/lib/gcc/arm-none-eabi/10.3.1/../../../arm-none-eabi/lib/thumb/v7e-m+fp/hard/libg.a(lib_a-vfprintf.o) (__swsetup_r)
/usr/lib/gcc/arm-none-eabi/10.3.1/../../../arm-none-eabi/lib/thumb/v7e-m+fp/hard/libg.a(lib_a-__atexit.o)
                              /usr/lib/gcc/arm-none-eabi/10.3.1/../../../arm-none-eabi/lib/thumb/v7e-m+fp/hard/libg.a(lib_a-atexit.o) (__register_exitproc)
/usr/lib/gcc/arm-none-eabi/10.3.1/../../../arm-none-eabi/lib/thumb/v7e-m+fp/hard/libg.a(lib_a-__call_atexit.o)
                              /usr/lib/gcc/arm-none-eabi/10.3.1/../../../arm-none-eabi/lib/thumb/v7e-m+fp/hard/libg.a(lib_a-exit.o) (__call_exitprocs)
/usr/lib/gcc/arm-none-eabi/10.3.1/../../../arm-none-eabi/lib/thumb/v7e-m+fp/hard/libg.a(lib_a-dtoa.o)
                              /usr/lib/gcc/arm-none-eabi/10.3.1/../../../arm-none-eabi/lib/thumb/v7e-m+fp/hard/libg.a(lib_a-vfprintf.o) (_dtoa_r)
[...]
Memory Configuration

Name             Origin             Length             Attributes
FLASH            0x0000000008000000 0x0000000000040000 xr
RAM              0x0000000020000000 0x000000000000a000 xrw
CCMRAM           0x0000000010000000 0x0000000000002000 rw
*default*        0x0000000000000000 0xffffffffffffffff

Linker script and memory map

LOAD /usr/lib/gcc/arm-none-eabi/10.3.1/thumb/v7e-m+fp/hard/crti.o
LOAD /usr/lib/gcc/arm-none-eabi/10.3.1/thumb/v7e-m+fp/hard/crtbegin.o
LOAD /usr/lib/gcc/arm-none-eabi/10.3.1/../../../arm-none-eabi/lib/thumb/v7e-m+fp/hard/crt0.o
LOAD build/main.o
LOAD build/mycode.o
LOAD build/mytest.o
LOAD build/mes/pt_hook.o
LOAD build/mes/pt_asm.o
LOAD build/monitor.o
LOAD build/parser.o
LOAD build/dump.o
LOAD build/syscall.o
LOAD build/terminal.o
LOAD build/decoder/decoder.o
LOAD build/decoder/STM32F30x_decoder.o
LOAD build/Drivers/CMSIS/Device/ST/STM32F3xx/Source/Templates/system_stm32f3xx.o
LOAD build/Drivers/STM32F3xx_HAL_Driver/Src/stm32f3xx_hal_rcc.o
LOAD build/Drivers/STM32F3xx_HAL_Driver/Src/stm32f3xx_hal.o
LOAD build/Drivers/STM32F3xx_HAL_Driver/Src/stm32f3xx_hal_cortex.o
LOAD build/Drivers/STM32F3xx_HAL_Driver/Src/stm32f3xx_hal_uart.o
LOAD build/Drivers/STM32F3xx_HAL_Driver/Src/stm32f3xx_hal_gpio.o
LOAD build/Drivers/STM32F3xx_HAL_Driver/Src/stm32f3xx_hal_pcd.o
LOAD build/Drivers/STM32F3xx_HAL_Driver/Src/stm32f3xx_hal_pcd_ex.o
LOAD build/Drivers/STM32F3xx_HAL_Driver/Src/stm32f3xx_hal_i2c.o
LOAD build/Drivers/STM32F3xx_HAL_Driver/Src/stm32f3xx_hal_spi.o
LOAD build/Drivers/STM32_USB_Device_Library/Core/Src/usbd_core.o
LOAD build/Drivers/STM32_USB_Device_Library/Core/Src/usbd_ctlreq.o
LOAD build/Drivers/STM32_USB_Device_Library/Core/Src/usbd_ioreq.o
LOAD build/Drivers/STM32_USB_Device_Library/Class/CDC/Src/usbd_cdc.o
LOAD build/usbd_conf.o
LOAD build/usbd_desc.o
LOAD build/usbd_cdc_interface.o
LOAD build/Drivers/BSP/STM32F3-Discovery/stm32f3_discovery.o
LOAD build/Drivers/BSP/STM32F3-Discovery/stm32f3_discovery_accelerometer.o
LOAD build/Drivers/BSP/STM32F3-Discovery/stm32f3_discovery_gyroscope.o
LOAD build/Drivers/BSP/Components/lsm303dlhc/lsm303dlhc.o
LOAD build/Drivers/BSP/Components/l3gd20/l3gd20.o
LOAD build/Drivers/BSP/Components/i3g4250d/i3g4250d.o
LOAD build/Drivers/BSP/Components/lsm303agr/lsm303agr.o
LOAD build/Drivers/CMSIS/Device/ST/STM32F3xx/Source/Templates/gcc/startup_stm32f303xc.o
START GROUP
LOAD /usr/lib/gcc/arm-none-eabi/10.3.1/thumb/v7e-m+fp/hard/libgcc.a
LOAD /usr/lib/gcc/arm-none-eabi/10.3.1/../../../arm-none-eabi/lib/thumb/v7e-m+fp/hard/libg.a
LOAD /usr/lib/gcc/arm-none-eabi/10.3.1/../../../arm-none-eabi/lib/thumb/v7e-m+fp/hard/libc.a
END GROUP
START GROUP
LOAD /usr/lib/gcc/arm-none-eabi/10.3.1/thumb/v7e-m+fp/hard/libgcc.a
LOAD /usr/lib/gcc/arm-none-eabi/10.3.1/../../../arm-none-eabi/lib/thumb/v7e-m+fp/hard/libc.a
LOAD /usr/lib/gcc/arm-none-eabi/10.3.1/../../../arm-none-eabi/lib/thumb/v7e-m+fp/hard/libnosys.a
END GROUP
LOAD /usr/lib/gcc/arm-none-eabi/10.3.1/thumb/v7e-m+fp/hard/crtend.o
LOAD /usr/lib/gcc/arm-none-eabi/10.3.1/thumb/v7e-m+fp/hard/crtn.o
                0x0000000020008000                _estack = 0x20008000
                0x0000000000001000                _Min_Heap_Size = 0x1000
                0x0000000000000400                _Min_Stack_Size = 0x400

.isr_vector     0x0000000008000000      0x188
                0x0000000008000000                . = ALIGN (0x4)
 *(.isr_vector)
 .isr_vector    0x0000000008000000      0x188 build/Drivers/CMSIS/Device/ST/STM32F3xx/Source/Templates/gcc/startup_stm32f303xc.o
                0x0000000008000000                g_pfnVectors
                0x0000000008000188                . = ALIGN (0x4)

.text           0x00000000080001c0     0xc54c
                0x00000000080001c0                . = ALIGN (0x4)
 *(.text)
 .text          0x00000000080001c0       0x88 /usr/lib/gcc/arm-none-eabi/10.3.1/thumb/v7e-m+fp/hard/crtbegin.o
 .text          0x0000000008000248       0x38 build/mycode.o
                0x0000000008000248                mytest
                0x0000000008000260                my_Tick
                0x0000000008000274                my_Loop
                0x0000000008000278                my_Init
 .text          0x0000000008000280       0x3c build/mes/pt_asm.o
                0x0000000008000280                add_test
                0x00000000080002b4                pt_led_demo_a2
 .text          0x00000000080002bc        0xc /usr/lib/gcc/arm-none-eabi/10.3.1/../../../arm-none-eabi/lib/thumb/v7e-m+fp/hard/libg.a(lib_a-atexit.o)
                0x00000000080002bc                atexit
 .text          0x00000000080002c8        0xc /usr/lib/gcc/arm-none-eabi/10.3.1/../../../arm-none-eabi/lib/thumb/v7e-m+fp/hard/libg.a(lib_a-errno.o)
                0x00000000080002c8                __errno
 .text          0x00000000080002d4       0x2c /usr/lib/gcc/arm-none-eabi/10.3.1/../../../arm-none-eabi/lib/thumb/v7e-m+fp/hard/libg.a(lib_a-fini.o)
                0x00000000080002d4                __libc_fini_array
 .text          0x0000000008000300       0x48 /usr/lib/gcc/arm-none-eabi/10.3.1/../../../arm-none-eabi/lib/thumb/v7e-m+fp/hard/libg.a(lib_a-init.o)
                0x0000000008000300                __libc_init_array
 .text          0x0000000008000348       0xa4 /usr/lib/gcc/arm-none-eabi/10.3.1/../../../arm-none-eabi/lib/thumb/v7e-m+fp/hard/libg.a(lib_a-memset.o)
                0x0000000008000348                memset
 .text          0x00000000080003ec       0x48 /usr/lib/gcc/arm-none-eabi/10.3.1/../../../arm-none-eabi/lib/thumb/v7e-m+fp/hard/libg.a(lib_a-printf.o)
                0x00000000080003ec                _printf_r
                0x000000000800040c                printf
 .text          0x0000000008000434       0x18 /usr/lib/gcc/arm-none-eabi/10.3.1/../../../arm-none-eabi/lib/thumb/v7e-m+fp/hard/libg.a(lib_a-putchar.o)
                0x0000000008000434                _putchar_r
                0x000000000800043c                putchar
 .text          0x000000000800044c       0x78 /usr/lib/gcc/arm-none-eabi/10.3.1/../../../arm-none-eabi/lib/thumb/v7e-m+fp/hard/libg.a(lib_a-puts.o)
                0x000000000800044c                _puts_r
                0x00000000080004b4                puts
 .text          0x00000000080004c4      0x174 /usr/lib/gcc/arm-none-eabi/10.3.1/../../../arm-none-eabi/lib/thumb/v7e-m+fp/hard/libg.a(lib_a-setvbuf.o)
                0x00000000080004c4                setvbuf
 .text          0x0000000008000638       0x4c /usr/lib/gcc/arm-none-eabi/10.3.1/../../../arm-none-eabi/lib/thumb/v7e-m+fp/hard/libg.a(lib_a-strcasecmp.o)
                0x0000000008000638                strcasecmp
 .text          0x0000000008000684       0xbc /usr/lib/gcc/arm-none-eabi/10.3.1/../../../arm-none-eabi/lib/thumb/v7e-m+fp/hard/libg.a(lib_a-strcpy.o)
                0x0000000008000684                strcpy
 .text          0x0000000008000740       0xdc /usr/lib/gcc/arm-none-eabi/10.3.1/../../../arm-none-eabi/lib/thumb/v7e-m+fp/hard/libg.a(lib_a-strlen.o)
                0x0000000008000740                strlen
 .text          0x000000000800081c       0x10 /usr/lib/gcc/arm-none-eabi/10.3.1/../../../arm-none-eabi/lib/thumb/v7e-m+fp/hard/libg.a(lib_a-strtok.o)
                0x000000000800081c                strtok
 .text          0x000000000800082c       0x6c /usr/lib/gcc/arm-none-eabi/10.3.1/../../../arm-none-eabi/lib/thumb/v7e-m+fp/hard/libg.a(lib_a-strtok_r.o)
                0x000000000800082c                __strtok_r
                0x0000000008000890                strtok_r
 .text          0x0000000008000898      0x170 /usr/lib/gcc/arm-none-eabi/10.3.1/../../../arm-none-eabi/lib/thumb/v7e-m+fp/hard/libg.a(lib_a-strtoul.o)
                0x00000000080009d4                _strtoul_r
                0x00000000080009d8                strtoul_l
                0x00000000080009f0                strtoul
 .text          0x0000000008000a08     0x159c /usr/lib/gcc/arm-none-eabi/10.3.1/../../../arm-none-eabi/lib/thumb/v7e-m+fp/hard/libg.a(lib_a-vfprintf.o)
                0x0000000008000a08                _vfprintf_r
                0x0000000008001f1c                vfprintf
 .text          0x0000000008001fa4       0xd4 /usr/lib/gcc/arm-none-eabi/10.3.1/../../../arm-none-eabi/lib/thumb/v7e-m+fp/hard/libg.a(lib_a-wsetup.o)
                0x0000000008001fa4                __swsetup_r
 .text          0x0000000008002078       0x68 /usr/lib/gcc/arm-none-eabi/10.3.1/../../../arm-none-eabi/lib/thumb/v7e-m+fp/hard/libg.a(lib_a-__atexit.o)
                0x0000000008002078                __register_exitproc
 .text          0x00000000080020e0     0x1064 /usr/lib/gcc/arm-none-eabi/10.3.1/../../../arm-none-eabi/lib/thumb/v7e-m+fp/hard/libg.a(lib_a-dtoa.o)
                0x0000000008002208                _dtoa_r
 .text          0x0000000008003144      0x1ac /usr/lib/gcc/arm-none-eabi/10.3.1/../../../arm-none-eabi/lib/thumb/v7e-m+fp/hard/libg.a(lib_a-fflush.o)
                0x0000000008003144                __sflush_r
                0x0000000008003274                _fflush_r
                0x00000000080032a0                fflush
 .text          0x00000000080032f0      0x218 /usr/lib/gcc/arm-none-eabi/10.3.1/../../../arm-none-eabi/lib/thumb/v7e-m+fp/hard/libg.a(lib_a-findfp.o)
                0x00000000080032f4                _cleanup_r
                0x00000000080033dc                __sfmoreglue
                0x000000000800340c                __sfp
                0x00000000080034b4                _cleanup
                0x00000000080034c8                __sinit
                0x00000000080034d0                __sfp_lock_acquire
                0x00000000080034d4                __sfp_lock_release
                0x00000000080034d8                __sinit_lock_acquire
                0x00000000080034dc                __sinit_lock_release
                0x00000000080034e0                __fp_lock_all
                0x00000000080034f4                __fp_unlock_all
 .text          0x0000000008003508      0x2ac /usr/lib/gcc/arm-none-eabi/10.3.1/../../../arm-none-eabi/lib/thumb/v7e-m+fp/hard/libg.a(lib_a-freer.o)
                0x0000000008003508                _malloc_trim_r
                0x00000000080035a8                _free_r
 .text          0x00000000080037b4      0x2f0 /usr/lib/gcc/arm-none-eabi/10.3.1/../../../arm-none-eabi/lib/thumb/v7e-m+fp/hard/libg.a(lib_a-fvwrite.o)
                0x00000000080037b4                __sfvwrite_r
 .text          0x0000000008003aa4       0x88 /usr/lib/gcc/arm-none-eabi/10.3.1/../../../arm-none-eabi/lib/thumb/v7e-m+fp/hard/libg.a(lib_a-fwalk.o)
                0x0000000008003aa4                _fwalk
                0x0000000008003ae4                _fwalk_reent
 .text          0x0000000008003b2c       0x14 /usr/lib/gcc/arm-none-eabi/10.3.1/../../../arm-none-eabi/lib/thumb/v7e-m+fp/hard/libg.a(lib_a-localeconv.o)
                0x0000000008003b2c                __localeconv_l
                0x0000000008003b30                _localeconv_r
                0x0000000008003b38                localeconv
 .text          0x0000000008003b40      0x140 /usr/lib/gcc/arm-none-eabi/10.3.1/../../../arm-none-eabi/lib/thumb/v7e-m+fp/hard/libg.a(lib_a-makebuf.o)
                0x0000000008003b40                __smakebuf_r
                0x0000000008003c20                __swhatbuf_r
 .text          0x0000000008003c80       0x20 /usr/lib/gcc/arm-none-eabi/10.3.1/../../../arm-none-eabi/lib/thumb/v7e-m+fp/hard/libg.a(lib_a-malloc.o)
                0x0000000008003c80                malloc
                0x0000000008003c90                free
 .text          0x0000000008003ca0      0x554 /usr/lib/gcc/arm-none-eabi/10.3.1/../../../arm-none-eabi/lib/thumb/v7e-m+fp/hard/libg.a(lib_a-mallocr.o)
                0x0000000008003ca0                _malloc_r
 *fill*         0x00000000080041f4        0xc 
 .text          0x0000000008004200       0xa0 /usr/lib/gcc/arm-none-eabi/10.3.1/../../../arm-none-eabi/lib/thumb/v7e-m+fp/hard/libg.a(lib_a-memchr.o)
                0x0000000008004200                memchr
 .text          0x00000000080042a0      0x134 /usr/lib/gcc/arm-none-eabi/10.3.1/../../../arm-none-eabi/lib/thumb/v7e-m+fp/hard/libg.a(lib_a-memcpy.o)
                0x00000000080042a0                memcpy
 .text          0x00000000080043d4       0xf8 /usr/lib/gcc/arm-none-eabi/10.3.1/../../../arm-none-eabi/lib/thumb/v7e-m+fp/hard/libg.a(lib_a-memmove.o)
                0x00000000080043d4                memmove
 .text          0x00000000080044cc        0x8 /usr/lib/gcc/arm-none-eabi/10.3.1/../../../arm-none-eabi/lib/thumb/v7e-m+fp/hard/libg.a(lib_a-mlock.o)
                0x00000000080044cc                __malloc_lock
                0x00000000080044d0                __malloc_unlock
 .text          0x00000000080044d4      0xaa0 /usr/lib/gcc/arm-none-eabi/10.3.1/../../../arm-none-eabi/lib/thumb/v7e-m+fp/hard/libg.a(lib_a-mprec.o)
                0x00000000080044d4                _Balloc
                0x0000000008004520                _Bfree
                0x0000000008004534                __multadd
                0x00000000080045dc                __s2b
                0x0000000008004690                __hi0bits
                0x00000000080046d0                __lo0bits
                0x0000000008004730                __i2b
                0x000000000800478c                __multiply
                0x00000000080048e8                __pow5mult
                0x00000000080049a8                __lshift
                0x0000000008004a98                __mcmp
                0x0000000008004adc                __mdiff
                0x0000000008004c28                __ulp
                0x0000000008004c88                __b2d
                0x0000000008004d48                __d2b
                0x0000000008004e18                __ratio
                0x0000000008004e74                _mprec_log10
                0x0000000008004eb4                __copybits
                0x0000000008004f10                __any_on
 .text          0x0000000008004f74       0xb8 /usr/lib/gcc/arm-none-eabi/10.3.1/../../../arm-none-eabi/lib/thumb/v7e-m+fp/hard/libg.a(lib_a-putc.o)
                0x0000000008004f74                _putc_r
                0x0000000008004fcc                putc
 .text          0x000000000800502c      0x3d8 /usr/lib/gcc/arm-none-eabi/10.3.1/../../../arm-none-eabi/lib/thumb/v7e-m+fp/hard/libg.a(lib_a-reallocr.o)
                0x000000000800502c                _realloc_r
 .text          0x0000000008005404       0x90 /usr/lib/gcc/arm-none-eabi/10.3.1/../../../arm-none-eabi/lib/thumb/v7e-m+fp/hard/libg.a(lib_a-stdio.o)
                0x0000000008005404                __sread
                0x0000000008005428                __seofread
                0x000000000800542c                __swrite
                0x000000000800546c                __sseek
                0x000000000800548c                __sclose
 .text          0x0000000008005494      0xd44 /usr/lib/gcc/arm-none-eabi/10.3.1/../../../arm-none-eabi/lib/thumb/v7e-m+fp/hard/libg.a(lib_a-vfiprintf.o)
                0x000000000800550c                __sprint_r
                0x0000000008005524                _vfiprintf_r
                0x0000000008006150                vfiprintf
 .text          0x00000000080061d8       0xc8 /usr/lib/gcc/arm-none-eabi/10.3.1/../../../arm-none-eabi/lib/thumb/v7e-m+fp/hard/libg.a(lib_a-wbuf.o)
                0x00000000080061d8                __swbuf_r
                0x0000000008006288                __swbuf
 .text          0x00000000080062a0       0x4c /usr/lib/gcc/arm-none-eabi/10.3.1/../../../arm-none-eabi/lib/thumb/v7e-m+fp/hard/libg.a(lib_a-assert.o)
                0x00000000080062a0                __assert_func
                0x00000000080062e0                __assert
 .text          0x00000000080062ec       0x60 /usr/lib/gcc/arm-none-eabi/10.3.1/../../../arm-none-eabi/lib/thumb/v7e-m+fp/hard/libg.a(lib_a-callocr.o)
                0x00000000080062ec                _calloc_r
 .text          0x000000000800634c       0xd4 /usr/lib/gcc/arm-none-eabi/10.3.1/../../../arm-none-eabi/lib/thumb/v7e-m+fp/hard/libg.a(lib_a-fclose.o)
                0x00000000080063b0                _fclose_r
                0x00000000080063e4                fclose
 .text          0x0000000008006420       0x44 /usr/lib/gcc/arm-none-eabi/10.3.1/../../../arm-none-eabi/lib/thumb/v7e-m+fp/hard/libg.a(lib_a-fiprintf.o)
                0x0000000008006420                _fiprintf_r
                0x000000000800643c                fiprintf
 .text          0x0000000008006464      0x118 /usr/lib/gcc/arm-none-eabi/10.3.1/../../../arm-none-eabi/lib/thumb/v7e-m+fp/hard/libg.a(lib_a-fputwc.o)
                0x0000000008006464                __fputwc
                0x000000000800650c                _fputwc_r
                0x0000000008006534                fputwc
 .text          0x000000000800657c       0x8c /usr/lib/gcc/arm-none-eabi/10.3.1/../../../arm-none-eabi/lib/thumb/v7e-m+fp/hard/libg.a(lib_a-locale.o)
                0x000000000800657c                _setlocale_r
                0x00000000080065bc                __locale_mb_cur_max
                0x00000000080065c8                setlocale
 .text          0x0000000008006608       0x40 /usr/lib/gcc/arm-none-eabi/10.3.1/../../../arm-none-eabi/lib/thumb/v7e-m+fp/hard/libg.a(lib_a-mbtowc_r.o)
                0x0000000008006608                _mbtowc_r
                0x000000000800661c                __ascii_mbtowc
 *fill*         0x0000000008006648       0x18 
 .text          0x0000000008006660      0x2dc /usr/lib/gcc/arm-none-eabi/10.3.1/../../../arm-none-eabi/lib/thumb/v7e-m+fp/hard/libg.a(lib_a-strcmp.o)
                0x0000000008006668                strcmp
 .text          0x000000000800693c       0x88 /usr/lib/gcc/arm-none-eabi/10.3.1/../../../arm-none-eabi/lib/thumb/v7e-m+fp/hard/libg.a(lib_a-wcrtomb.o)
                0x000000000800693c                _wcrtomb_r
                0x0000000008006978                wcrtomb
 .text          0x00000000080069c4       0x30 /usr/lib/gcc/arm-none-eabi/10.3.1/../../../arm-none-eabi/lib/thumb/v7e-m+fp/hard/libg.a(lib_a-wctomb_r.o)
                0x00000000080069c4                _wctomb_r
                0x00000000080069d8                __ascii_wctomb
 .text          0x00000000080069f4       0x10 /usr/lib/gcc/arm-none-eabi/10.3.1/../../../arm-none-eabi/lib/thumb/v7e-m+fp/hard/libg.a(lib_a-abort.o)
                0x00000000080069f4                abort
 .text          0x0000000008006a04      0x288 /usr/lib/gcc/arm-none-eabi/10.3.1/../../../arm-none-eabi/lib/thumb/v7e-m+fp/hard/libg.a(lib_a-signal.o)
                0x0000000008006a04                _init_signal_r
                0x0000000008006a34                _signal_r
                0x0000000008006a80                _raise_r
                0x0000000008006ad8                __sigtramp_r
                0x0000000008006b3c                raise
                0x0000000008006b98                signal
                0x0000000008006bec                _init_signal
                0x0000000008006c24                __sigtramp
 .text          0x0000000008006c8c       0x30 /usr/lib/gcc/arm-none-eabi/10.3.1/../../../arm-none-eabi/lib/thumb/v7e-m+fp/hard/libg.a(lib_a-signalr.o)
                0x0000000008006c8c                _kill_r
                0x0000000008006cb8                _getpid_r
 .text          0x0000000008006cbc      0x378 /usr/lib/gcc/arm-none-eabi/10.3.1/thumb/v7e-m+fp/hard/libgcc.a(_arm_addsubdf3.o)
                0x0000000008006cbc                __aeabi_drsub
                0x0000000008006cc4                __aeabi_dsub
                0x0000000008006cc4                __subdf3
                0x0000000008006cc8                __adddf3
                0x0000000008006cc8                __aeabi_dadd
                0x0000000008006f40                __aeabi_ui2d
                0x0000000008006f40                __floatunsidf
                0x0000000008006f60                __floatsidf
                0x0000000008006f60                __aeabi_i2d
                0x0000000008006f84                __extendsfdf2
                0x0000000008006f84                __aeabi_f2d
                0x0000000008006fc8                __aeabi_ul2d
                0x0000000008006fc8                __floatundidf
                0x0000000008006fd8                __floatdidf
                0x0000000008006fd8                __aeabi_l2d
 .text          0x0000000008007034      0x424 /usr/lib/gcc/arm-none-eabi/10.3.1/thumb/v7e-m+fp/hard/libgcc.a(_arm_muldivdf3.o)
                0x0000000008007034                __aeabi_dmul
                0x0000000008007034                __muldf3
                0x0000000008007288                __aeabi_ddiv
                0x0000000008007288                __divdf3
 .text          0x0000000008007458      0x110 /usr/lib/gcc/arm-none-eabi/10.3.1/thumb/v7e-m+fp/hard/libgcc.a(_arm_cmpdf2.o)
                0x0000000008007458                __gtdf2
                0x0000000008007458                __gedf2
                0x0000000008007460                __ltdf2
                0x0000000008007460                __ledf2
                0x0000000008007468                __cmpdf2
                0x0000000008007468                __eqdf2
                0x0000000008007468                __nedf2
                0x00000000080074e4                __aeabi_cdrcmple
                0x00000000080074f4                __aeabi_cdcmple
                0x00000000080074f4                __aeabi_cdcmpeq
                0x0000000008007504                __aeabi_dcmpeq
                0x0000000008007518                __aeabi_dcmplt
                0x000000000800752c                __aeabi_dcmple
                0x0000000008007540                __aeabi_dcmpge
                0x0000000008007554                __aeabi_dcmpgt
 .text          0x0000000008007568       0x2c /usr/lib/gcc/arm-none-eabi/10.3.1/thumb/v7e-m+fp/hard/libgcc.a(_arm_unorddf2.o)
                0x0000000008007568                __aeabi_dcmpun
                0x0000000008007568                __unorddf2
 .text          0x0000000008007594       0x50 /usr/lib/gcc/arm-none-eabi/10.3.1/thumb/v7e-m+fp/hard/libgcc.a(_arm_fixdfsi.o)
                0x0000000008007594                __fixdfsi
                0x0000000008007594                __aeabi_d2iz
 .text          0x00000000080075e4       0x30 /usr/lib/gcc/arm-none-eabi/10.3.1/thumb/v7e-m+fp/hard/libgcc.a(_aeabi_uldivmod.o)
                0x00000000080075e4                __aeabi_uldivmod
 .text          0x0000000008007614      0x2d0 /usr/lib/gcc/arm-none-eabi/10.3.1/thumb/v7e-m+fp/hard/libgcc.a(_udivmoddi4.o)
                0x0000000008007614                __udivmoddi4
 .text          0x00000000080078e4        0x4 /usr/lib/gcc/arm-none-eabi/10.3.1/thumb/v7e-m+fp/hard/libgcc.a(_dvmd_tls.o)
                0x00000000080078e4                __aeabi_ldiv0
                0x00000000080078e4                __aeabi_idiv0
 .text          0x00000000080078e8       0x10 /usr/lib/gcc/arm-none-eabi/10.3.1/../../../arm-none-eabi/lib/thumb/v7e-m+fp/hard/libnosys.a(getpid.o)
                0x00000000080078e8                _getpid
 .text          0x00000000080078f8       0x10 /usr/lib/gcc/arm-none-eabi/10.3.1/../../../arm-none-eabi/lib/thumb/v7e-m+fp/hard/libnosys.a(kill.o)
                0x00000000080078f8                _kill
 .text          0x0000000008007908        0x4 /usr/lib/gcc/arm-none-eabi/10.3.1/../../../arm-none-eabi/lib/thumb/v7e-m+fp/hard/libnosys.a(_exit.o)
                0x0000000008007908                _exit
 *(.text*)
 .text.CmdLED   0x000000000800790c       0x5c build/main.o
                0x000000000800790c                CmdLED
 .text.CmdAccel
                0x0000000008007968       0x28 build/main.o
                0x0000000008007968                CmdAccel
 .text.CmdGyro  0x0000000008007990       0x4c build/main.o
                0x0000000008007990                CmdGyro
 .text.CmdButton
                0x00000000080079dc       0x2c build/main.o
                0x00000000080079dc                CmdButton
 .text.Error_Handler
                0x0000000008007a08        0xa build/main.o
                0x0000000008007a08                Error_Handler
 *fill*         0x0000000008007a12        0x2 
 .text.startup.main
                0x0000000008007a14       0x9c build/main.o
                0x0000000008007a14                main
 .text.SysTick_Handler
                0x0000000008007ab0        0xe build/main.o
                0x0000000008007ab0                SysTick_Handler
 *fill*         0x0000000008007abe        0x2 
 .text.CmdTest  0x0000000008007ac0       0x30 build/mytest.o
                0x0000000008007ac0                CmdTest
 .text.AddTest  0x0000000008007af0       0x4c build/mes/pt_hook.o
                0x0000000008007af0                AddTest
 .text._pt_A2   0x0000000008007b3c       0x50 build/mes/pt_hook.o
                0x0000000008007b3c                _pt_A2
 .text.CmdW     0x0000000008007b8c       0x1c build/monitor.o
                0x0000000008007b8c                CmdW
 .text.CmdR     0x0000000008007ba8       0x20 build/monitor.o
                0x0000000008007ba8                CmdR
 .text.parse    0x0000000008007bc8       0xf8 build/parser.o
                0x0000000008007bc8                parse
 .text.TaskInput
                0x0000000008007cc0      0x13c build/parser.o
                0x0000000008007cc0                TaskInput
 .text.fetch_uint32_arg
                0x0000000008007dfc       0x28 build/parser.o
                0x0000000008007dfc                fetch_uint32_arg
 .text.fetch_string_arg
                0x0000000008007e24       0x20 build/parser.o
                0x0000000008007e24                fetch_string_arg
 .text.DumpBuffer
                0x0000000008007e44       0xb0 build/dump.o
                0x0000000008007e44                DumpBuffer
 .text.CmdDump  0x0000000008007ef4       0x54 build/dump.o
                0x0000000008007ef4                CmdDump
 .text._sbrk_r  0x0000000008007f48       0x30 build/syscall.o
                0x0000000008007f48                _sbrk_r
 .text._close_r
                0x0000000008007f78        0x6 build/syscall.o
                0x0000000008007f78                _close_r
 .text._fstat_r
                0x0000000008007f7e        0xa build/syscall.o
                0x0000000008007f7e                _fstat_r
 .text._isatty_r
                0x0000000008007f88        0x4 build/syscall.o
                0x0000000008007f88                _isatty_r
 .text._lseek_r
                0x0000000008007f8c        0x4 build/syscall.o
                0x0000000008007f8c                _lseek_r
 .text.USBD_CDC_DataIn
                0x0000000008007f90       0x7c build/terminal.o
 .text.CmdStats
                0x000000000800800c       0x4c build/terminal.o
                0x000000000800800c                CmdStats
 .text.TerminalInit
                0x0000000008008058       0x7c build/terminal.o
                0x0000000008008058                TerminalInit
 .text.TerminalRead
                0x00000000080080d4       0x4c build/terminal.o
                0x00000000080080d4                TerminalRead
 .text._read_r  0x0000000008008120        0xa build/terminal.o
                0x0000000008008120                _read_r
 .text.TerminalReadNonBlock
                0x000000000800812a       0x10 build/terminal.o
                0x000000000800812a                TerminalReadNonBlock
 .text.TerminalReadAnyNonBlock
                0x000000000800813a       0x12 build/terminal.o
                0x000000000800813a                TerminalReadAnyNonBlock
 .text.TerminalOutputBufferWrite
                0x000000000800814c       0xe8 build/terminal.o
                0x000000000800814c                TerminalOutputBufferWrite
 .text._write_r
                0x0000000008008234       0x40 build/terminal.o
                0x0000000008008234                _write_r
 .text.TerminalInputBufferWrite
                0x0000000008008274       0x64 build/terminal.o
                0x0000000008008274                TerminalInputBufferWrite
 .text.USB_LP_CAN_RX0_IRQHandler
                0x00000000080082d8        0xc build/terminal.o
                0x00000000080082d8                USB_LP_CAN_RX0_IRQHandler
 .text.Uncompress
                0x00000000080082e4       0x7c build/decoder/decoder.o
 .text.DecodeReadRegister
                0x0000000008008360       0x54 build/decoder/decoder.o
                0x0000000008008360                DecodeReadRegister
 .text.DecodeWriteRegister
                0x00000000080083b4       0x54 build/decoder/decoder.o
                0x00000000080083b4                DecodeWriteRegister
 .text.DecodeField
                0x0000000008008408       0x50 build/decoder/decoder.o
                0x0000000008008408                DecodeField
 .text.DecodeRegister
                0x0000000008008458       0x60 build/decoder/decoder.o
                0x0000000008008458                DecodeRegister
 .text.DecodePeripheral
                0x00000000080084b8       0x54 build/decoder/decoder.o
                0x00000000080084b8                DecodePeripheral
 .text.DecodePrintPeripherals
                0x000000000800850c       0x54 build/decoder/decoder.o
                0x000000000800850c                DecodePrintPeripherals
 .text.DecodePrintRegisters
                0x0000000008008560       0x64 build/decoder/decoder.o
                0x0000000008008560                DecodePrintRegisters
 .text.CmdDecode
                0x00000000080085c4      0x270 build/decoder/decoder.o
                0x00000000080085c4                CmdDecode
 .text.SystemInit
                0x0000000008008834       0x68 build/Drivers/CMSIS/Device/ST/STM32F3xx/Source/Templates/system_stm32f3xx.o
                0x0000000008008834                SystemInit
 .text.HAL_RCC_OscConfig
                0x000000000800889c      0x5bc build/Drivers/STM32F3xx_HAL_Driver/Src/stm32f3xx_hal_rcc.o
                0x000000000800889c                HAL_RCC_OscConfig
 .text.HAL_RCC_ClockConfig
                0x0000000008008e58      0x2b0 build/Drivers/STM32F3xx_HAL_Driver/Src/stm32f3xx_hal_rcc.o
                0x0000000008008e58                HAL_RCC_ClockConfig
 .text.HAL_RCC_GetSysClockFreq
                0x0000000008009108       0x6c build/Drivers/STM32F3xx_HAL_Driver/Src/stm32f3xx_hal_rcc.o
                0x0000000008009108                HAL_RCC_GetSysClockFreq
 .text.HAL_RCC_GetHCLKFreq
                0x0000000008009174       0x38 build/Drivers/STM32F3xx_HAL_Driver/Src/stm32f3xx_hal_rcc.o
                0x0000000008009174                HAL_RCC_GetHCLKFreq
 .text.HAL_MspInit
                0x00000000080091ac        0x2 build/Drivers/STM32F3xx_HAL_Driver/Src/stm32f3xx_hal.o
                0x00000000080091ac                HAL_MspInit
 .text.HAL_InitTick
                0x00000000080091ae       0x28 build/Drivers/STM32F3xx_HAL_Driver/Src/stm32f3xx_hal.o
                0x00000000080091ae                HAL_InitTick
 *fill*         0x00000000080091d6        0x2 
 .text.HAL_Init
                0x00000000080091d8       0x24 build/Drivers/STM32F3xx_HAL_Driver/Src/stm32f3xx_hal.o
                0x00000000080091d8                HAL_Init
 .text.HAL_IncTick
                0x00000000080091fc       0x10 build/Drivers/STM32F3xx_HAL_Driver/Src/stm32f3xx_hal.o
                0x00000000080091fc                HAL_IncTick
 .text.HAL_GetTick
                0x000000000800920c        0xc build/Drivers/STM32F3xx_HAL_Driver/Src/stm32f3xx_hal.o
                0x000000000800920c                HAL_GetTick
 .text.HAL_Delay
                0x0000000008009218       0x1a build/Drivers/STM32F3xx_HAL_Driver/Src/stm32f3xx_hal.o
                0x0000000008009218                HAL_Delay
 *fill*         0x0000000008009232        0x2 
 .text.HAL_NVIC_SetPriorityGrouping
                0x0000000008009234       0x24 build/Drivers/STM32F3xx_HAL_Driver/Src/stm32f3xx_hal_cortex.o
                0x0000000008009234                HAL_NVIC_SetPriorityGrouping
 .text.HAL_NVIC_SetPriority
                0x0000000008009258       0x68 build/Drivers/STM32F3xx_HAL_Driver/Src/stm32f3xx_hal_cortex.o
                0x0000000008009258                HAL_NVIC_SetPriority
 .text.HAL_NVIC_EnableIRQ
                0x00000000080092c0       0x18 build/Drivers/STM32F3xx_HAL_Driver/Src/stm32f3xx_hal_cortex.o
                0x00000000080092c0                HAL_NVIC_EnableIRQ
 .text.HAL_SYSTICK_Config
                0x00000000080092d8       0x28 build/Drivers/STM32F3xx_HAL_Driver/Src/stm32f3xx_hal_cortex.o
                0x00000000080092d8                HAL_SYSTICK_Config
 .text.HAL_GPIO_Init
                0x0000000008009300      0x188 build/Drivers/STM32F3xx_HAL_Driver/Src/stm32f3xx_hal_gpio.o
                0x0000000008009300                HAL_GPIO_Init
 .text.HAL_GPIO_ReadPin
                0x0000000008009488        0xc build/Drivers/STM32F3xx_HAL_Driver/Src/stm32f3xx_hal_gpio.o
                0x0000000008009488                HAL_GPIO_ReadPin
 .text.HAL_GPIO_WritePin
                0x0000000008009494        0xa build/Drivers/STM32F3xx_HAL_Driver/Src/stm32f3xx_hal_gpio.o
                0x0000000008009494                HAL_GPIO_WritePin
 .text.HAL_GPIO_TogglePin
                0x000000000800949e        0x8 build/Drivers/STM32F3xx_HAL_Driver/Src/stm32f3xx_hal_gpio.o
                0x000000000800949e                HAL_GPIO_TogglePin
 .text.HAL_PCD_Init
                0x00000000080094a6       0x92 build/Drivers/STM32F3xx_HAL_Driver/Src/stm32f3xx_hal_pcd.o
                0x00000000080094a6                HAL_PCD_Init
 .text.HAL_PCD_Start
                0x0000000008009538        0xc build/Drivers/STM32F3xx_HAL_Driver/Src/stm32f3xx_hal_pcd.o
                0x0000000008009538                HAL_PCD_Start
 .text.HAL_PCD_SetAddress
                0x0000000008009544       0x2c build/Drivers/STM32F3xx_HAL_Driver/Src/stm32f3xx_hal_pcd.o
                0x0000000008009544                HAL_PCD_SetAddress
 .text.HAL_PCD_EP_Open
                0x0000000008009570      0x2e4 build/Drivers/STM32F3xx_HAL_Driver/Src/stm32f3xx_hal_pcd.o
                0x0000000008009570                HAL_PCD_EP_Open
 .text.HAL_PCD_EP_Close
                0x0000000008009854      0x1b8 build/Drivers/STM32F3xx_HAL_Driver/Src/stm32f3xx_hal_pcd.o
                0x0000000008009854                HAL_PCD_EP_Close
 .text.HAL_PCD_EP_Receive
                0x0000000008009a0c       0xc8 build/Drivers/STM32F3xx_HAL_Driver/Src/stm32f3xx_hal_pcd.o
                0x0000000008009a0c                HAL_PCD_EP_Receive
 .text.HAL_PCD_EP_GetRxCount
                0x0000000008009ad4       0x10 build/Drivers/STM32F3xx_HAL_Driver/Src/stm32f3xx_hal_pcd.o
                0x0000000008009ad4                HAL_PCD_EP_GetRxCount
 .text.HAL_PCD_EP_Transmit
                0x0000000008009ae4      0x116 build/Drivers/STM32F3xx_HAL_Driver/Src/stm32f3xx_hal_pcd.o
                0x0000000008009ae4                HAL_PCD_EP_Transmit
 *fill*         0x0000000008009bfa        0x2 
 .text.HAL_PCD_IRQHandler
                0x0000000008009bfc      0x488 build/Drivers/STM32F3xx_HAL_Driver/Src/stm32f3xx_hal_pcd.o
                0x0000000008009bfc                HAL_PCD_IRQHandler
 .text.HAL_PCD_EP_SetStall
                0x000000000800a084       0xa0 build/Drivers/STM32F3xx_HAL_Driver/Src/stm32f3xx_hal_pcd.o
                0x000000000800a084                HAL_PCD_EP_SetStall
 .text.HAL_PCD_EP_ClrStall
                0x000000000800a124       0xbc build/Drivers/STM32F3xx_HAL_Driver/Src/stm32f3xx_hal_pcd.o
                0x000000000800a124                HAL_PCD_EP_ClrStall
 .text.HAL_PCDEx_PMAConfig
                0x000000000800a1e0       0x36 build/Drivers/STM32F3xx_HAL_Driver/Src/stm32f3xx_hal_pcd_ex.o
                0x000000000800a1e0                HAL_PCDEx_PMAConfig
 .text.PCD_WritePMA
                0x000000000800a216       0x1c build/Drivers/STM32F3xx_HAL_Driver/Src/stm32f3xx_hal_pcd_ex.o
                0x000000000800a216                PCD_WritePMA
 .text.PCD_ReadPMA
                0x000000000800a232       0x1c build/Drivers/STM32F3xx_HAL_Driver/Src/stm32f3xx_hal_pcd_ex.o
                0x000000000800a232                PCD_ReadPMA
 .text.HAL_PCDEx_SetConnectionState
                0x000000000800a24e        0x2 build/Drivers/STM32F3xx_HAL_Driver/Src/stm32f3xx_hal_pcd_ex.o
                0x000000000800a24e                HAL_PCDEx_SetConnectionState
 .text.I2C_TransferConfig
                0x000000000800a250       0x2a build/Drivers/STM32F3xx_HAL_Driver/Src/stm32f3xx_hal_i2c.o
 .text.I2C_IsAcknowledgeFailed
                0x000000000800a27a       0x98 build/Drivers/STM32F3xx_HAL_Driver/Src/stm32f3xx_hal_i2c.o
 .text.I2C_WaitOnTXISFlagUntilTimeout
                0x000000000800a312       0x54 build/Drivers/STM32F3xx_HAL_Driver/Src/stm32f3xx_hal_i2c.o
 .text.I2C_WaitOnFlagUntilTimeout
                0x000000000800a366       0x64 build/Drivers/STM32F3xx_HAL_Driver/Src/stm32f3xx_hal_i2c.o
 .text.I2C_RequestMemoryWrite
                0x000000000800a3ca       0x66 build/Drivers/STM32F3xx_HAL_Driver/Src/stm32f3xx_hal_i2c.o
 .text.I2C_RequestMemoryRead
                0x000000000800a430       0x64 build/Drivers/STM32F3xx_HAL_Driver/Src/stm32f3xx_hal_i2c.o
 .text.I2C_WaitOnSTOPFlagUntilTimeout
                0x000000000800a494       0x50 build/Drivers/STM32F3xx_HAL_Driver/Src/stm32f3xx_hal_i2c.o
 .text.HAL_I2C_MspInit
                0x000000000800a4e4        0x2 build/Drivers/STM32F3xx_HAL_Driver/Src/stm32f3xx_hal_i2c.o
                0x000000000800a4e4                HAL_I2C_MspInit
 .text.HAL_I2C_Init
                0x000000000800a4e6       0x90 build/Drivers/STM32F3xx_HAL_Driver/Src/stm32f3xx_hal_i2c.o
                0x000000000800a4e6                HAL_I2C_Init
 .text.HAL_I2C_MspDeInit
                0x000000000800a576        0x2 build/Drivers/STM32F3xx_HAL_Driver/Src/stm32f3xx_hal_i2c.o
                0x000000000800a576                HAL_I2C_MspDeInit
 .text.HAL_I2C_DeInit
                0x000000000800a578       0x2e build/Drivers/STM32F3xx_HAL_Driver/Src/stm32f3xx_hal_i2c.o
                0x000000000800a578                HAL_I2C_DeInit
 .text.HAL_I2C_Mem_Write
                0x000000000800a5a6      0x104 build/Drivers/STM32F3xx_HAL_Driver/Src/stm32f3xx_hal_i2c.o
                0x000000000800a5a6                HAL_I2C_Mem_Write
 .text.HAL_I2C_Mem_Read
                0x000000000800a6aa      0x10e build/Drivers/STM32F3xx_HAL_Driver/Src/stm32f3xx_hal_i2c.o
                0x000000000800a6aa                HAL_I2C_Mem_Read
 .text.HAL_I2C_GetState
                0x000000000800a7b8        0x6 build/Drivers/STM32F3xx_HAL_Driver/Src/stm32f3xx_hal_i2c.o
                0x000000000800a7b8                HAL_I2C_GetState
 .text.SPI_WaitFifoStateUntilTimeout
                0x000000000800a7be       0x94 build/Drivers/STM32F3xx_HAL_Driver/Src/stm32f3xx_hal_spi.o
 .text.SPI_WaitFlagStateUntilTimeout
                0x000000000800a852       0x82 build/Drivers/STM32F3xx_HAL_Driver/Src/stm32f3xx_hal_spi.o
 .text.SPI_EndRxTxTransaction
                0x000000000800a8d4       0x4c build/Drivers/STM32F3xx_HAL_Driver/Src/stm32f3xx_hal_spi.o
 .text.HAL_SPI_MspInit
                0x000000000800a920        0x2 build/Drivers/STM32F3xx_HAL_Driver/Src/stm32f3xx_hal_spi.o
                0x000000000800a920                HAL_SPI_MspInit
 .text.HAL_SPI_Init
                0x000000000800a922       0xa4 build/Drivers/STM32F3xx_HAL_Driver/Src/stm32f3xx_hal_spi.o
                0x000000000800a922                HAL_SPI_Init
 .text.HAL_SPI_MspDeInit
                0x000000000800a9c6        0x2 build/Drivers/STM32F3xx_HAL_Driver/Src/stm32f3xx_hal_spi.o
                0x000000000800a9c6                HAL_SPI_MspDeInit
 .text.HAL_SPI_DeInit
                0x000000000800a9c8       0x2a build/Drivers/STM32F3xx_HAL_Driver/Src/stm32f3xx_hal_spi.o
                0x000000000800a9c8                HAL_SPI_DeInit
 .text.HAL_SPI_TransmitReceive
                0x000000000800a9f2      0x270 build/Drivers/STM32F3xx_HAL_Driver/Src/stm32f3xx_hal_spi.o
                0x000000000800a9f2                HAL_SPI_TransmitReceive
 .text.HAL_SPI_GetState
                0x000000000800ac62        0x6 build/Drivers/STM32F3xx_HAL_Driver/Src/stm32f3xx_hal_spi.o
                0x000000000800ac62                HAL_SPI_GetState
 .text.USBD_Init
                0x000000000800ac68       0x2a build/Drivers/STM32_USB_Device_Library/Core/Src/usbd_core.o
                0x000000000800ac68                USBD_Init
 .text.USBD_RegisterClass
                0x000000000800ac92        0xe build/Drivers/STM32_USB_Device_Library/Core/Src/usbd_core.o
                0x000000000800ac92                USBD_RegisterClass
 .text.USBD_Start
                0x000000000800aca0        0xa build/Drivers/STM32_USB_Device_Library/Core/Src/usbd_core.o
                0x000000000800aca0                USBD_Start
 .text.USBD_SetClassConfig
                0x000000000800acaa       0x16 build/Drivers/STM32_USB_Device_Library/Core/Src/usbd_core.o
                0x000000000800acaa                USBD_SetClassConfig
 .text.USBD_ClrClassConfig
                0x000000000800acc0        0xe build/Drivers/STM32_USB_Device_Library/Core/Src/usbd_core.o
                0x000000000800acc0                USBD_ClrClassConfig
 .text.USBD_LL_SetupStage
                0x000000000800acce       0x5a build/Drivers/STM32_USB_Device_Library/Core/Src/usbd_core.o
                0x000000000800acce                USBD_LL_SetupStage
 .text.USBD_LL_DataOutStage
                0x000000000800ad28       0x60 build/Drivers/STM32_USB_Device_Library/Core/Src/usbd_core.o
                0x000000000800ad28                USBD_LL_DataOutStage
 .text.USBD_LL_DataInStage
                0x000000000800ad88       0x8c build/Drivers/STM32_USB_Device_Library/Core/Src/usbd_core.o
                0x000000000800ad88                USBD_LL_DataInStage
 .text.USBD_LL_Reset
                0x000000000800ae14       0x3e build/Drivers/STM32_USB_Device_Library/Core/Src/usbd_core.o
                0x000000000800ae14                USBD_LL_Reset
 .text.USBD_LL_SetSpeed
                0x000000000800ae52        0x6 build/Drivers/STM32_USB_Device_Library/Core/Src/usbd_core.o
                0x000000000800ae52                USBD_LL_SetSpeed
 .text.USBD_LL_SOF
                0x000000000800ae58       0x18 build/Drivers/STM32_USB_Device_Library/Core/Src/usbd_core.o
                0x000000000800ae58                USBD_LL_SOF
 .text.USBD_CtlError.constprop.0
                0x000000000800ae70       0x16 build/Drivers/STM32_USB_Device_Library/Core/Src/usbd_ctlreq.o
 *fill*         0x000000000800ae86        0x2 
 .text.USBD_StdDevReq
                0x000000000800ae88      0x1f4 build/Drivers/STM32_USB_Device_Library/Core/Src/usbd_ctlreq.o
                0x000000000800ae88                USBD_StdDevReq
 .text.USBD_StdItfReq
                0x000000000800b07c       0x30 build/Drivers/STM32_USB_Device_Library/Core/Src/usbd_ctlreq.o
                0x000000000800b07c                USBD_StdItfReq
 .text.USBD_StdEPReq
                0x000000000800b0ac       0xae build/Drivers/STM32_USB_Device_Library/Core/Src/usbd_ctlreq.o
                0x000000000800b0ac                USBD_StdEPReq
 .text.USBD_ParseSetupRequest
                0x000000000800b15a       0x28 build/Drivers/STM32_USB_Device_Library/Core/Src/usbd_ctlreq.o
                0x000000000800b15a                USBD_ParseSetupRequest
 .text.USBD_GetString
                0x000000000800b182       0x38 build/Drivers/STM32_USB_Device_Library/Core/Src/usbd_ctlreq.o
                0x000000000800b182                USBD_GetString
 .text.USBD_CtlSendData
                0x000000000800b1ba       0x1a build/Drivers/STM32_USB_Device_Library/Core/Src/usbd_ioreq.o
                0x000000000800b1ba                USBD_CtlSendData
 .text.USBD_CtlContinueSendData
                0x000000000800b1d4       0x10 build/Drivers/STM32_USB_Device_Library/Core/Src/usbd_ioreq.o
                0x000000000800b1d4                USBD_CtlContinueSendData
 .text.USBD_CtlPrepareRx
                0x000000000800b1e4       0x1a build/Drivers/STM32_USB_Device_Library/Core/Src/usbd_ioreq.o
                0x000000000800b1e4                USBD_CtlPrepareRx
 .text.USBD_CtlContinueRx
                0x000000000800b1fe       0x10 build/Drivers/STM32_USB_Device_Library/Core/Src/usbd_ioreq.o
                0x000000000800b1fe                USBD_CtlContinueRx
 .text.USBD_CtlSendStatus
                0x000000000800b20e       0x16 build/Drivers/STM32_USB_Device_Library/Core/Src/usbd_ioreq.o
                0x000000000800b20e                USBD_CtlSendStatus
 .text.USBD_CtlReceiveStatus
                0x000000000800b224       0x16 build/Drivers/STM32_USB_Device_Library/Core/Src/usbd_ioreq.o
                0x000000000800b224                USBD_CtlReceiveStatus
 .text.USBD_CDC_DataIn
                0x000000000800b23a       0x12 build/Drivers/STM32_USB_Device_Library/Class/CDC/Src/usbd_cdc.o
 .text.USBD_CDC_EP0_RxReady
                0x000000000800b24c       0x28 build/Drivers/STM32_USB_Device_Library/Class/CDC/Src/usbd_cdc.o
 .text.USBD_CDC_GetFSCfgDesc
                0x000000000800b274        0xc build/Drivers/STM32_USB_Device_Library/Class/CDC/Src/usbd_cdc.o
 .text.USBD_CDC_GetHSCfgDesc
                0x000000000800b280        0xc build/Drivers/STM32_USB_Device_Library/Class/CDC/Src/usbd_cdc.o
 .text.USBD_CDC_GetOtherSpeedCfgDesc
                0x000000000800b28c        0xc build/Drivers/STM32_USB_Device_Library/Class/CDC/Src/usbd_cdc.o
 .text.USBD_CDC_GetDeviceQualifierDescriptor
                0x000000000800b298        0xc build/Drivers/STM32_USB_Device_Library/Class/CDC/Src/usbd_cdc.o
                0x000000000800b298                USBD_CDC_GetDeviceQualifierDescriptor
 .text.USBD_CDC_DataOut
                0x000000000800b2a4       0x2e build/Drivers/STM32_USB_Device_Library/Class/CDC/Src/usbd_cdc.o
 .text.USBD_CDC_Setup
                0x000000000800b2d2       0x56 build/Drivers/STM32_USB_Device_Library/Class/CDC/Src/usbd_cdc.o
 .text.USBD_CDC_DeInit
                0x000000000800b328       0x3a build/Drivers/STM32_USB_Device_Library/Class/CDC/Src/usbd_cdc.o
 .text.USBD_CDC_Init
                0x000000000800b362       0x8c build/Drivers/STM32_USB_Device_Library/Class/CDC/Src/usbd_cdc.o
 .text.USBD_CDC_RegisterInterface
                0x000000000800b3ee        0xe build/Drivers/STM32_USB_Device_Library/Class/CDC/Src/usbd_cdc.o
                0x000000000800b3ee                USBD_CDC_RegisterInterface
 .text.USBD_CDC_SetTxBuffer
                0x000000000800b3fc       0x10 build/Drivers/STM32_USB_Device_Library/Class/CDC/Src/usbd_cdc.o
                0x000000000800b3fc                USBD_CDC_SetTxBuffer
 .text.USBD_CDC_SetRxBuffer
                0x000000000800b40c        0xc build/Drivers/STM32_USB_Device_Library/Class/CDC/Src/usbd_cdc.o
                0x000000000800b40c                USBD_CDC_SetRxBuffer
 .text.USBD_CDC_TransmitPacket
                0x000000000800b418       0x2e build/Drivers/STM32_USB_Device_Library/Class/CDC/Src/usbd_cdc.o
                0x000000000800b418                USBD_CDC_TransmitPacket
 .text.USBD_CDC_ReceivePacket
                0x000000000800b446       0x2e build/Drivers/STM32_USB_Device_Library/Class/CDC/Src/usbd_cdc.o
                0x000000000800b446                USBD_CDC_ReceivePacket
 .text.HAL_PCD_MspInit
                0x000000000800b474       0x98 build/usbd_conf.o
                0x000000000800b474                HAL_PCD_MspInit
 .text.HAL_PCD_SetupStageCallback
                0x000000000800b50c        0xc build/usbd_conf.o
                0x000000000800b50c                HAL_PCD_SetupStageCallback
 .text.HAL_PCD_DataOutStageCallback
                0x000000000800b518       0x12 build/usbd_conf.o
                0x000000000800b518                HAL_PCD_DataOutStageCallback
 .text.HAL_PCD_DataInStageCallback
                0x000000000800b52a       0x10 build/usbd_conf.o
                0x000000000800b52a                HAL_PCD_DataInStageCallback
 .text.HAL_PCD_SOFCallback
                0x000000000800b53a        0x8 build/usbd_conf.o
                0x000000000800b53a                HAL_PCD_SOFCallback
 .text.HAL_PCD_ResetCallback
                0x000000000800b542       0x1a build/usbd_conf.o
                0x000000000800b542                HAL_PCD_ResetCallback
 .text.HAL_PCD_SuspendCallback
                0x000000000800b55c        0x2 build/usbd_conf.o
                0x000000000800b55c                HAL_PCD_SuspendCallback
 .text.HAL_PCD_ResumeCallback
                0x000000000800b55e        0x2 build/usbd_conf.o
                0x000000000800b55e                HAL_PCD_ResumeCallback
 .text.USBD_LL_Init
                0x000000000800b560       0x7c build/usbd_conf.o
                0x000000000800b560                USBD_LL_Init
 .text.USBD_LL_Start
                0x000000000800b5dc        0xe build/usbd_conf.o
                0x000000000800b5dc                USBD_LL_Start
 .text.USBD_LL_OpenEP
                0x000000000800b5ea       0x14 build/usbd_conf.o
                0x000000000800b5ea                USBD_LL_OpenEP
 .text.USBD_LL_CloseEP
                0x000000000800b5fe        0xe build/usbd_conf.o
                0x000000000800b5fe                USBD_LL_CloseEP
 .text.USBD_LL_StallEP
                0x000000000800b60c        0xe build/usbd_conf.o
                0x000000000800b60c                USBD_LL_StallEP
 .text.USBD_LL_ClearStallEP
                0x000000000800b61a        0xe build/usbd_conf.o
                0x000000000800b61a                USBD_LL_ClearStallEP
 .text.USBD_LL_IsStallEP
                0x000000000800b628       0x26 build/usbd_conf.o
                0x000000000800b628                USBD_LL_IsStallEP
 .text.USBD_LL_SetUSBAddress
                0x000000000800b64e        0xe build/usbd_conf.o
                0x000000000800b64e                USBD_LL_SetUSBAddress
 .text.USBD_LL_Transmit
                0x000000000800b65c        0xe build/usbd_conf.o
                0x000000000800b65c                USBD_LL_Transmit
 .text.USBD_LL_PrepareReceive
                0x000000000800b66a        0xe build/usbd_conf.o
                0x000000000800b66a                USBD_LL_PrepareReceive
 .text.USBD_LL_GetRxDataSize
                0x000000000800b678        0xc build/usbd_conf.o
                0x000000000800b678                USBD_LL_GetRxDataSize
 .text.USBD_static_malloc
                0x000000000800b684        0x8 build/usbd_conf.o
                0x000000000800b684                USBD_static_malloc
 .text.USBD_static_free
                0x000000000800b68c        0x2 build/usbd_conf.o
                0x000000000800b68c                USBD_static_free
 *fill*         0x000000000800b68e        0x2 
 .text.USBD_VCP_DeviceDescriptor
                0x000000000800b690        0xc build/usbd_desc.o
                0x000000000800b690                USBD_VCP_DeviceDescriptor
 .text.USBD_VCP_LangIDStrDescriptor
                0x000000000800b69c        0xc build/usbd_desc.o
                0x000000000800b69c                USBD_VCP_LangIDStrDescriptor
 .text.IntToUnicode
                0x000000000800b6a8       0x2a build/usbd_desc.o
 *fill*         0x000000000800b6d2        0x2 
 .text.USBD_VCP_SerialStrDescriptor
                0x000000000800b6d4       0x3c build/usbd_desc.o
                0x000000000800b6d4                USBD_VCP_SerialStrDescriptor
 .text.USBD_VCP_ProductStrDescriptor
                0x000000000800b710       0x1c build/usbd_desc.o
                0x000000000800b710                USBD_VCP_ProductStrDescriptor
 .text.USBD_VCP_ManufacturerStrDescriptor
                0x000000000800b72c       0x1c build/usbd_desc.o
                0x000000000800b72c                USBD_VCP_ManufacturerStrDescriptor
 .text.USBD_VCP_ConfigStrDescriptor
                0x000000000800b748       0x1c build/usbd_desc.o
                0x000000000800b748                USBD_VCP_ConfigStrDescriptor
 .text.USBD_VCP_InterfaceStrDescriptor
                0x000000000800b764       0x1c build/usbd_desc.o
                0x000000000800b764                USBD_VCP_InterfaceStrDescriptor
 .text.CDC_Itf_DeInit
                0x000000000800b780        0x4 build/usbd_cdc_interface.o
 .text.CDC_Itf_Control
                0x000000000800b784       0x48 build/usbd_cdc_interface.o
 .text.CDC_Itf_Receive
                0x000000000800b7cc       0x1c build/usbd_cdc_interface.o
 .text.CDC_Itf_Init
                0x000000000800b7e8       0x18 build/usbd_cdc_interface.o
 .text.SPIx_Init
                0x000000000800b800       0x88 build/Drivers/BSP/STM32F3-Discovery/stm32f3_discovery.o
 .text.SPIx_WriteRead
                0x000000000800b888       0x40 build/Drivers/BSP/STM32F3-Discovery/stm32f3_discovery.o
 .text.I2Cx_Init
                0x000000000800b8c8       0x74 build/Drivers/BSP/STM32F3-Discovery/stm32f3_discovery.o
 .text.BSP_LED_Init
                0x000000000800b93c       0x6c build/Drivers/BSP/STM32F3-Discovery/stm32f3_discovery.o
                0x000000000800b93c                BSP_LED_Init
 .text.BSP_LED_On
                0x000000000800b9a8       0x1c build/Drivers/BSP/STM32F3-Discovery/stm32f3_discovery.o
                0x000000000800b9a8                BSP_LED_On
 .text.BSP_LED_Off
                0x000000000800b9c4       0x1c build/Drivers/BSP/STM32F3-Discovery/stm32f3_discovery.o
                0x000000000800b9c4                BSP_LED_Off
 .text.BSP_LED_Toggle
                0x000000000800b9e0       0x18 build/Drivers/BSP/STM32F3-Discovery/stm32f3_discovery.o
                0x000000000800b9e0                BSP_LED_Toggle
 .text.BSP_PB_Init
                0x000000000800b9f8       0x74 build/Drivers/BSP/STM32F3-Discovery/stm32f3_discovery.o
                0x000000000800b9f8                BSP_PB_Init
 .text.BSP_PB_GetState
                0x000000000800ba6c       0x14 build/Drivers/BSP/STM32F3-Discovery/stm32f3_discovery.o
                0x000000000800ba6c                BSP_PB_GetState
 .text.GYRO_IO_Init
                0x000000000800ba80       0x60 build/Drivers/BSP/STM32F3-Discovery/stm32f3_discovery.o
                0x000000000800ba80                GYRO_IO_Init
 .text.GYRO_IO_Write
                0x000000000800bae0       0x44 build/Drivers/BSP/STM32F3-Discovery/stm32f3_discovery.o
                0x000000000800bae0                GYRO_IO_Write
 .text.GYRO_IO_Read
                0x000000000800bb24       0x48 build/Drivers/BSP/STM32F3-Discovery/stm32f3_discovery.o
                0x000000000800bb24                GYRO_IO_Read
 .text.COMPASSACCELERO_IO_Init
                0x000000000800bb6c       0x64 build/Drivers/BSP/STM32F3-Discovery/stm32f3_discovery.o
                0x000000000800bb6c                COMPASSACCELERO_IO_Init
 .text.COMPASSACCELERO_IO_ITConfig
                0x000000000800bbd0       0x48 build/Drivers/BSP/STM32F3-Discovery/stm32f3_discovery.o
                0x000000000800bbd0                COMPASSACCELERO_IO_ITConfig
 .text.COMPASSACCELERO_IO_Write
                0x000000000800bc18       0x3c build/Drivers/BSP/STM32F3-Discovery/stm32f3_discovery.o
                0x000000000800bc18                COMPASSACCELERO_IO_Write
 .text.COMPASSACCELERO_IO_Read
                0x000000000800bc54       0x40 build/Drivers/BSP/STM32F3-Discovery/stm32f3_discovery.o
                0x000000000800bc54                COMPASSACCELERO_IO_Read
 .text.BSP_ACCELERO_Init
                0x000000000800bc94       0x40 build/Drivers/BSP/STM32F3-Discovery/stm32f3_discovery_accelerometer.o
                0x000000000800bc94                BSP_ACCELERO_Init
 .text.BSP_ACCELERO_GetXYZ
                0x000000000800bcd4       0x10 build/Drivers/BSP/STM32F3-Discovery/stm32f3_discovery_accelerometer.o
                0x000000000800bcd4                BSP_ACCELERO_GetXYZ
 .text.BSP_GYRO_Init
                0x000000000800bce4       0x68 build/Drivers/BSP/STM32F3-Discovery/stm32f3_discovery_gyroscope.o
                0x000000000800bce4                BSP_GYRO_Init
 .text.BSP_GYRO_GetXYZ
                0x000000000800bd4c       0x10 build/Drivers/BSP/STM32F3-Discovery/stm32f3_discovery_gyroscope.o
                0x000000000800bd4c                BSP_GYRO_GetXYZ
 .text.LSM303DLHC_AccDeInit
                0x000000000800bd5c        0x2 build/Drivers/BSP/Components/lsm303dlhc/lsm303dlhc.o
                0x000000000800bd5c                LSM303DLHC_AccDeInit
 .text.LSM303DLHC_AccInit
                0x000000000800bd5e       0x20 build/Drivers/BSP/Components/lsm303dlhc/lsm303dlhc.o
                0x000000000800bd5e                LSM303DLHC_AccInit
 .text.LSM303DLHC_AccReadID
                0x000000000800bd7e       0x12 build/Drivers/BSP/Components/lsm303dlhc/lsm303dlhc.o
                0x000000000800bd7e                LSM303DLHC_AccReadID
 .text.LSM303DLHC_AccRebootCmd
                0x000000000800bd90       0x1c build/Drivers/BSP/Components/lsm303dlhc/lsm303dlhc.o
                0x000000000800bd90                LSM303DLHC_AccRebootCmd
 .text.LSM303DLHC_AccFilterConfig
                0x000000000800bdac       0x20 build/Drivers/BSP/Components/lsm303dlhc/lsm303dlhc.o
                0x000000000800bdac                LSM303DLHC_AccFilterConfig
 .text.LSM303DLHC_AccFilterCmd
                0x000000000800bdcc       0x20 build/Drivers/BSP/Components/lsm303dlhc/lsm303dlhc.o
                0x000000000800bdcc                LSM303DLHC_AccFilterCmd
 .text.LSM303DLHC_AccReadXYZ
                0x000000000800bdec       0xae build/Drivers/BSP/Components/lsm303dlhc/lsm303dlhc.o
                0x000000000800bdec                LSM303DLHC_AccReadXYZ
 .text.LSM303DLHC_AccFilterClickCmd
                0x000000000800be9a       0x20 build/Drivers/BSP/Components/lsm303dlhc/lsm303dlhc.o
                0x000000000800be9a                LSM303DLHC_AccFilterClickCmd
 .text.LSM303DLHC_AccIT1Enable
                0x000000000800beba       0x1c build/Drivers/BSP/Components/lsm303dlhc/lsm303dlhc.o
                0x000000000800beba                LSM303DLHC_AccIT1Enable
 .text.LSM303DLHC_AccClickITEnable
                0x000000000800bed6       0x44 build/Drivers/BSP/Components/lsm303dlhc/lsm303dlhc.o
                0x000000000800bed6                LSM303DLHC_AccClickITEnable
 .text.LSM303DLHC_AccZClickITConfig
                0x000000000800bf1a       0x1c build/Drivers/BSP/Components/lsm303dlhc/lsm303dlhc.o
                0x000000000800bf1a                LSM303DLHC_AccZClickITConfig
 .text.L3GD20_DeInit
                0x000000000800bf36        0x2 build/Drivers/BSP/Components/l3gd20/l3gd20.o
                0x000000000800bf36                L3GD20_DeInit
 .text.L3GD20_Init
                0x000000000800bf38       0x34 build/Drivers/BSP/Components/l3gd20/l3gd20.o
                0x000000000800bf38                L3GD20_Init
 .text.L3GD20_LowPower
                0x000000000800bf6c       0x18 build/Drivers/BSP/Components/l3gd20/l3gd20.o
                0x000000000800bf6c                L3GD20_LowPower
 .text.L3GD20_ReadID
                0x000000000800bf84       0x1c build/Drivers/BSP/Components/l3gd20/l3gd20.o
                0x000000000800bf84                L3GD20_ReadID
 .text.L3GD20_RebootCmd
                0x000000000800bfa0       0x2c build/Drivers/BSP/Components/l3gd20/l3gd20.o
                0x000000000800bfa0                L3GD20_RebootCmd
 .text.L3GD20_INT1InterruptConfig
                0x000000000800bfcc       0x5e build/Drivers/BSP/Components/l3gd20/l3gd20.o
                0x000000000800bfcc                L3GD20_INT1InterruptConfig
 .text.L3GD20_EnableIT
                0x000000000800c02a       0x40 build/Drivers/BSP/Components/l3gd20/l3gd20.o
                0x000000000800c02a                L3GD20_EnableIT
 .text.L3GD20_DisableIT
                0x000000000800c06a       0x3c build/Drivers/BSP/Components/l3gd20/l3gd20.o
                0x000000000800c06a                L3GD20_DisableIT
 .text.L3GD20_FilterConfig
                0x000000000800c0a6       0x2e build/Drivers/BSP/Components/l3gd20/l3gd20.o
                0x000000000800c0a6                L3GD20_FilterConfig
 .text.L3GD20_FilterCmd
                0x000000000800c0d4       0x2e build/Drivers/BSP/Components/l3gd20/l3gd20.o
                0x000000000800c0d4                L3GD20_FilterCmd
 *fill*         0x000000000800c102        0x2 
 .text.L3GD20_ReadXYZAngRate
                0x000000000800c104       0xf0 build/Drivers/BSP/Components/l3gd20/l3gd20.o
                0x000000000800c104                L3GD20_ReadXYZAngRate
 .text.I3G4250D_DeInit
                0x000000000800c1f4        0x2 build/Drivers/BSP/Components/i3g4250d/i3g4250d.o
                0x000000000800c1f4                I3G4250D_DeInit
 .text.I3G4250D_Init
                0x000000000800c1f6       0x34 build/Drivers/BSP/Components/i3g4250d/i3g4250d.o
                0x000000000800c1f6                I3G4250D_Init
 .text.I3G4250D_LowPower
                0x000000000800c22a       0x18 build/Drivers/BSP/Components/i3g4250d/i3g4250d.o
                0x000000000800c22a                I3G4250D_LowPower
 .text.I3G4250D_ReadID
                0x000000000800c242       0x1c build/Drivers/BSP/Components/i3g4250d/i3g4250d.o
                0x000000000800c242                I3G4250D_ReadID
 .text.I3G4250D_RebootCmd
                0x000000000800c25e       0x2c build/Drivers/BSP/Components/i3g4250d/i3g4250d.o
                0x000000000800c25e                I3G4250D_RebootCmd
 .text.I3G4250D_INT1InterruptConfig
                0x000000000800c28a       0x5e build/Drivers/BSP/Components/i3g4250d/i3g4250d.o
                0x000000000800c28a                I3G4250D_INT1InterruptConfig
 .text.I3G4250D_EnableIT
                0x000000000800c2e8       0x40 build/Drivers/BSP/Components/i3g4250d/i3g4250d.o
                0x000000000800c2e8                I3G4250D_EnableIT
 .text.I3G4250D_DisableIT
                0x000000000800c328       0x3c build/Drivers/BSP/Components/i3g4250d/i3g4250d.o
                0x000000000800c328                I3G4250D_DisableIT
 .text.I3G4250D_FilterConfig
                0x000000000800c364       0x2e build/Drivers/BSP/Components/i3g4250d/i3g4250d.o
                0x000000000800c364                I3G4250D_FilterConfig
 .text.I3G4250D_FilterCmd
                0x000000000800c392       0x2e build/Drivers/BSP/Components/i3g4250d/i3g4250d.o
                0x000000000800c392                I3G4250D_FilterCmd
 .text.I3G4250D_ReadXYZAngRate
                0x000000000800c3c0       0xf0 build/Drivers/BSP/Components/i3g4250d/i3g4250d.o
                0x000000000800c3c0                I3G4250D_ReadXYZAngRate
 .text.LSM303AGR_AccDeInit
                0x000000000800c4b0        0x2 build/Drivers/BSP/Components/lsm303agr/lsm303agr.o
                0x000000000800c4b0                LSM303AGR_AccDeInit
 .text.LSM303AGR_AccInit
                0x000000000800c4b2       0x20 build/Drivers/BSP/Components/lsm303agr/lsm303agr.o
                0x000000000800c4b2                LSM303AGR_AccInit
 .text.LSM303AGR_AccReadID
                0x000000000800c4d2       0x12 build/Drivers/BSP/Components/lsm303agr/lsm303agr.o
                0x000000000800c4d2                LSM303AGR_AccReadID
 .text.LSM303AGR_AccRebootCmd
                0x000000000800c4e4       0x1c build/Drivers/BSP/Components/lsm303agr/lsm303agr.o
                0x000000000800c4e4                LSM303AGR_AccRebootCmd
 .text.LSM303AGR_AccFilterConfig
                0x000000000800c500       0x20 build/Drivers/BSP/Components/lsm303agr/lsm303agr.o
                0x000000000800c500                LSM303AGR_AccFilterConfig
 .text.LSM303AGR_AccFilterCmd
                0x000000000800c520       0x20 build/Drivers/BSP/Components/lsm303agr/lsm303agr.o
                0x000000000800c520                LSM303AGR_AccFilterCmd
 .text.LSM303AGR_AccReadXYZ
                0x000000000800c540       0xae build/Drivers/BSP/Components/lsm303agr/lsm303agr.o
                0x000000000800c540                LSM303AGR_AccReadXYZ
 .text.LSM303AGR_AccFilterClickCmd
                0x000000000800c5ee       0x20 build/Drivers/BSP/Components/lsm303agr/lsm303agr.o
                0x000000000800c5ee                LSM303AGR_AccFilterClickCmd
 .text.LSM303AGR_AccIT1Enable
                0x000000000800c60e       0x1c build/Drivers/BSP/Components/lsm303agr/lsm303agr.o
                0x000000000800c60e                LSM303AGR_AccIT1Enable
 .text.LSM303AGR_AccClickITEnable
                0x000000000800c62a       0x44 build/Drivers/BSP/Components/lsm303agr/lsm303agr.o
                0x000000000800c62a                LSM303AGR_AccClickITEnable
 .text.LSM303AGR_AccZClickITConfig
                0x000000000800c66e       0x1c build/Drivers/BSP/Components/lsm303agr/lsm303agr.o
                0x000000000800c66e                LSM303AGR_AccZClickITConfig
 *fill*         0x000000000800c68a        0x2 
 .text.Reset_Handler
                0x000000000800c68c       0x50 build/Drivers/CMSIS/Device/ST/STM32F3xx/Source/Templates/gcc/startup_stm32f303xc.o
                0x000000000800c68c                Reset_Handler
 .text.Default_Handler
                0x000000000800c6dc        0x2 build/Drivers/CMSIS/Device/ST/STM32F3xx/Source/Templates/gcc/startup_stm32f303xc.o
                0x000000000800c6dc                RTC_Alarm_IRQHandler
                0x000000000800c6dc                TIM8_TRG_COM_IRQHandler
                0x000000000800c6dc                TIM8_CC_IRQHandler
                0x000000000800c6dc                DebugMon_Handler
                0x000000000800c6dc                TIM1_CC_IRQHandler
                0x000000000800c6dc                HardFault_Handler
                0x000000000800c6dc                USB_HP_IRQHandler
                0x000000000800c6dc                PVD_IRQHandler
                0x000000000800c6dc                TAMP_STAMP_IRQHandler
                0x000000000800c6dc                PendSV_Handler
                0x000000000800c6dc                NMI_Handler
                0x000000000800c6dc                EXTI3_IRQHandler
                0x000000000800c6dc                USB_HP_CAN_TX_IRQHandler
                0x000000000800c6dc                EXTI0_IRQHandler
                0x000000000800c6dc                I2C2_EV_IRQHandler
                0x000000000800c6dc                FPU_IRQHandler
                0x000000000800c6dc                TIM1_UP_TIM16_IRQHandler
                0x000000000800c6dc                UsageFault_Handler
                0x000000000800c6dc                ADC1_2_IRQHandler
                0x000000000800c6dc                SPI1_IRQHandler
                0x000000000800c6dc                CAN_SCE_IRQHandler
                0x000000000800c6dc                TIM6_DAC_IRQHandler
                0x000000000800c6dc                TIM8_UP_IRQHandler
                0x000000000800c6dc                DMA2_Channel2_IRQHandler
                0x000000000800c6dc                DMA1_Channel4_IRQHandler
                0x000000000800c6dc                USART3_IRQHandler
                0x000000000800c6dc                DMA1_Channel7_IRQHandler
                0x000000000800c6dc                UART5_IRQHandler
                0x000000000800c6dc                ADC3_IRQHandler
                0x000000000800c6dc                TIM4_IRQHandler
                0x000000000800c6dc                CAN_RX1_IRQHandler
                0x000000000800c6dc                DMA2_Channel1_IRQHandler
                0x000000000800c6dc                I2C1_EV_IRQHandler
                0x000000000800c6dc                DMA1_Channel6_IRQHandler
                0x000000000800c6dc                UART4_IRQHandler
                0x000000000800c6dc                DMA2_Channel4_IRQHandler
                0x000000000800c6dc                TIM3_IRQHandler
                0x000000000800c6dc                RCC_IRQHandler
                0x000000000800c6dc                DMA1_Channel1_IRQHandler
                0x000000000800c6dc                Default_Handler
                0x000000000800c6dc                USBWakeUp_RMP_IRQHandler
                0x000000000800c6dc                EXTI15_10_IRQHandler
                0x000000000800c6dc                TIM7_IRQHandler
                0x000000000800c6dc                EXTI9_5_IRQHandler
                0x000000000800c6dc                RTC_WKUP_IRQHandler
                0x000000000800c6dc                SPI2_IRQHandler
                0x000000000800c6dc                MemManage_Handler
                0x000000000800c6dc                SVC_Handler
                0x000000000800c6dc                DMA2_Channel5_IRQHandler
                0x000000000800c6dc                DMA1_Channel5_IRQHandler
                0x000000000800c6dc                USB_LP_IRQHandler
                0x000000000800c6dc                EXTI4_IRQHandler
                0x000000000800c6dc                TIM1_TRG_COM_TIM17_IRQHandler
                0x000000000800c6dc                DMA1_Channel3_IRQHandler
                0x000000000800c6dc                ADC4_IRQHandler
                0x000000000800c6dc                WWDG_IRQHandler
                0x000000000800c6dc                TIM2_IRQHandler
                0x000000000800c6dc                COMP7_IRQHandler
                0x000000000800c6dc                COMP1_2_3_IRQHandler
                0x000000000800c6dc                EXTI1_IRQHandler
                0x000000000800c6dc                USART2_IRQHandler
                0x000000000800c6dc                COMP4_5_6_IRQHandler
                0x000000000800c6dc                I2C2_ER_IRQHandler
                0x000000000800c6dc                DMA1_Channel2_IRQHandler
                0x000000000800c6dc                TIM8_BRK_IRQHandler
                0x000000000800c6dc                FLASH_IRQHandler
                0x000000000800c6dc                BusFault_Handler
                0x000000000800c6dc                USART1_IRQHandler
                0x000000000800c6dc                SPI3_IRQHandler
                0x000000000800c6dc                I2C1_ER_IRQHandler
                0x000000000800c6dc                USBWakeUp_IRQHandler
                0x000000000800c6dc                DMA2_Channel3_IRQHandler
                0x000000000800c6dc                EXTI2_TSC_IRQHandler
                0x000000000800c6dc                TIM1_BRK_TIM15_IRQHandler
 *fill*         0x000000000800c6de        0x2 
 .text.startup  0x000000000800c6e0       0x14 /usr/lib/gcc/arm-none-eabi/10.3.1/../../../arm-none-eabi/lib/thumb/v7e-m+fp/hard/libg.a(lib_a-__call_atexit.o)
 *(.glue_7)
 .glue_7        0x000000000800c6f4        0x0 linker stubs
 *(.glue_7t)
 .glue_7t       0x000000000800c6f4        0x0 linker stubs
 *(.eh_frame)
 .eh_frame      0x000000000800c6f4        0x0 /usr/lib/gcc/arm-none-eabi/10.3.1/thumb/v7e-m+fp/hard/crtbegin.o
 *(.init)
 .init          0x000000000800c6f4        0x4 /usr/lib/gcc/arm-none-eabi/10.3.1/thumb/v7e-m+fp/hard/crti.o
                0x000000000800c6f4                _init
 .init          0x000000000800c6f8        0x8 /usr/lib/gcc/arm-none-eabi/10.3.1/thumb/v7e-m+fp/hard/crtn.o
 *(.fini)
 .fini          0x000000000800c700        0x4 /usr/lib/gcc/arm-none-eabi/10.3.1/thumb/v7e-m+fp/hard/crti.o
                0x000000000800c700                _fini
 .fini          0x000000000800c704        0x8 /usr/lib/gcc/arm-none-eabi/10.3.1/thumb/v7e-m+fp/hard/crtn.o
                0x000000000800c70c                . = ALIGN (0x4)
                0x000000000800c70c                _etext = .

.vfp11_veneer   0x000000000800c70c        0x0
 .vfp11_veneer  0x000000000800c70c        0x0 linker stubs

.v4_bx          0x000000000800c70c        0x0
 .v4_bx         0x000000000800c70c        0x0 linker stubs

.iplt           0x000000000800c70c        0x0
 .iplt          0x000000000800c70c        0x0 /usr/lib/gcc/arm-none-eabi/10.3.1/thumb/v7e-m+fp/hard/crtbegin.o

.rodata         0x000000000800c710     0xfa94
                0x000000000800c710                . = ALIGN (0x4)
 *(.rodata)
 .rodata        0x000000000800c710      0x494 build/decoder/STM32F30x_decoder.o
 .rodata        0x000000000800cba4      0x101 /usr/lib/gcc/arm-none-eabi/10.3.1/../../../arm-none-eabi/lib/thumb/v7e-m+fp/hard/libg.a(lib_a-ctype_.o)
                0x000000000800cba4                _ctype_
 *fill*         0x000000000800cca5        0x3 
 .rodata        0x000000000800cca8        0x4 /usr/lib/gcc/arm-none-eabi/10.3.1/../../../arm-none-eabi/lib/thumb/v7e-m+fp/hard/libg.a(lib_a-impure.o)
                0x000000000800cca8                _global_impure_ptr
 .rodata        0x000000000800ccac       0x20 /usr/lib/gcc/arm-none-eabi/10.3.1/../../../arm-none-eabi/lib/thumb/v7e-m+fp/hard/libg.a(lib_a-vfprintf.o)
 *fill*         0x000000000800cccc        0x4 
 .rodata        0x000000000800ccd0      0x128 /usr/lib/gcc/arm-none-eabi/10.3.1/../../../arm-none-eabi/lib/thumb/v7e-m+fp/hard/libg.a(lib_a-mprec.o)
                0x000000000800cce0                __mprec_tens
                0x000000000800cda8                __mprec_tinytens
                0x000000000800cdd0                __mprec_bigtens
 .rodata        0x000000000800cdf8       0x20 /usr/lib/gcc/arm-none-eabi/10.3.1/../../../arm-none-eabi/lib/thumb/v7e-m+fp/hard/libg.a(lib_a-vfiprintf.o)
 *(.rodata*)
 .rodata.CmdLED.str1.1
                0x000000000800ce18       0x68 build/main.o
 .rodata.CmdAccel.str1.1
                0x000000000800ce80       0x33 build/main.o
 .rodata.CmdGyro.str1.1
                0x000000000800ceb3       0x2f build/main.o
 .rodata.CmdButton.str1.1
                0x000000000800cee2       0x2a build/main.o
 .rodata.main.str1.1
                0x000000000800cf0c       0x41 build/main.o
 .rodata.str1.1
                0x000000000800cf4d       0x9d build/main.o
                                         0xa4 (size before relaxing)
 .rodata.LEDs   0x000000000800cfea        0x8 build/main.o
                0x000000000800cfea                LEDs
 .rodata.CmdTest.str1.1
                0x000000000800cff2       0x47 build/mytest.o
 .rodata.str1.1
                0x000000000800d039       0x16 build/mytest.o
 .rodata.AddTest.str1.1
                0x000000000800d04f       0x4f build/mes/pt_hook.o
 .rodata._pt_A2.str1.1
                0x000000000800d09e       0x1d build/mes/pt_hook.o
 .rodata.str1.1
                0x000000000800d0bb       0x70 build/mes/pt_hook.o
 .rodata.CmdR.str1.1
                0x000000000800d12b       0x10 build/monitor.o
 .rodata.str1.1
                0x000000000800d13b       0x3b build/monitor.o
                                         0x3d (size before relaxing)
 .rodata.parse.str1.1
                0x000000000800d176       0xd6 build/parser.o
 .rodata.TaskInput.str1.1
                0x000000000800d24c        0xb build/parser.o
                                          0xe (size before relaxing)
 .rodata.__FUNCTION__.0
                0x000000000800d257        0x6 build/parser.o
 .rodata.DumpBuffer.str1.1
                0x000000000800d25d       0x16 build/dump.o
 .rodata.CmdDump.str1.1
                0x000000000800d273      0x1ca build/dump.o
 .rodata.str1.1
                0x000000000800d43d       0x1c build/dump.o
                                         0x1e (size before relaxing)
 .rodata.CmdStats.str1.1
                0x000000000800d459       0x78 build/terminal.o
 .rodata._write_r.str1.1
                0x000000000800d4d1       0x78 build/terminal.o
                                          0x2 (size before relaxing)
 .rodata.str1.1
                0x000000000800d4d1       0x32 build/terminal.o
 .rodata.Uncompress.str1.1
                0x000000000800d503       0x26 build/decoder/decoder.o
 .rodata.DecodeReadRegister.str1.1
                0x000000000800d529       0x35 build/decoder/decoder.o
 .rodata.DecodeField.str1.1
                0x000000000800d55e       0x35 build/decoder/decoder.o
 .rodata.DecodeRegister.str1.1
                0x000000000800d593       0x3b build/decoder/decoder.o
 .rodata.DecodePeripheral.str1.1
                0x000000000800d5ce       0x28 build/decoder/decoder.o
 .rodata.DecodePrintPeripherals.str1.1
                0x000000000800d5f6        0x3 build/decoder/decoder.o
                                          0x9 (size before relaxing)
 .rodata.CmdDecode.str1.1
                0x000000000800d5f9      0x403 build/decoder/decoder.o
                                        0x405 (size before relaxing)
 .rodata.str1.1
                0x000000000800d9fc       0x21 build/decoder/decoder.o
                                         0x28 (size before relaxing)
 .rodata.str1.1
                0x000000000800da1d     0x28bc build/decoder/STM32F30x_decoder.o
                                       0x2921 (size before relaxing)
 *fill*         0x00000000080102d9        0x3 
 .rodata.ADC1_2_CCR_fields
                0x00000000080102dc       0x40 build/decoder/STM32F30x_decoder.o
                0x00000000080102dc                ADC1_2_CCR_fields
 .rodata.ADC1_2_CDR_fields
                0x000000000801031c       0x10 build/decoder/STM32F30x_decoder.o
                0x000000000801031c                ADC1_2_CDR_fields
 .rodata.ADC1_2_CSR_fields
                0x000000000801032c       0xb0 build/decoder/STM32F30x_decoder.o
                0x000000000801032c                ADC1_2_CSR_fields
 .rodata.ADC1_2_registers
                0x00000000080103dc       0x30 build/decoder/STM32F30x_decoder.o
                0x00000000080103dc                ADC1_2_registers
 .rodata.ADC1_AWD2CR_fields
                0x000000000801040c        0x8 build/decoder/STM32F30x_decoder.o
                0x000000000801040c                ADC1_AWD2CR_fields
 .rodata.ADC1_AWD3CR_fields
                0x0000000008010414        0x8 build/decoder/STM32F30x_decoder.o
                0x0000000008010414                ADC1_AWD3CR_fields
 .rodata.ADC1_CALFACT_fields
                0x000000000801041c       0x10 build/decoder/STM32F30x_decoder.o
                0x000000000801041c                ADC1_CALFACT_fields
 .rodata.ADC1_CFGR_fields
                0x000000000801042c       0x98 build/decoder/STM32F30x_decoder.o
                0x000000000801042c                ADC1_CFGR_fields
 .rodata.ADC1_CR_fields
                0x00000000080104c4       0x50 build/decoder/STM32F30x_decoder.o
                0x00000000080104c4                ADC1_CR_fields
 .rodata.ADC1_DIFSEL_fields
                0x0000000008010514       0x10 build/decoder/STM32F30x_decoder.o
                0x0000000008010514                ADC1_DIFSEL_fields
 .rodata.ADC1_DR_fields
                0x0000000008010524        0x8 build/decoder/STM32F30x_decoder.o
                0x0000000008010524                ADC1_DR_fields
 .rodata.ADC1_IER_fields
                0x000000000801052c       0x58 build/decoder/STM32F30x_decoder.o
                0x000000000801052c                ADC1_IER_fields
 .rodata.ADC1_ISR_fields
                0x0000000008010584       0x58 build/decoder/STM32F30x_decoder.o
                0x0000000008010584                ADC1_ISR_fields
 .rodata.ADC1_JDR1_fields
                0x00000000080105dc        0x8 build/decoder/STM32F30x_decoder.o
                0x00000000080105dc                ADC1_JDR1_fields
 .rodata.ADC1_JDR2_fields
                0x00000000080105e4        0x8 build/decoder/STM32F30x_decoder.o
                0x00000000080105e4                ADC1_JDR2_fields
 .rodata.ADC1_JDR3_fields
                0x00000000080105ec        0x8 build/decoder/STM32F30x_decoder.o
                0x00000000080105ec                ADC1_JDR3_fields
 .rodata.ADC1_JDR4_fields
                0x00000000080105f4        0x8 build/decoder/STM32F30x_decoder.o
                0x00000000080105f4                ADC1_JDR4_fields
 .rodata.ADC1_JSQR_fields
                0x00000000080105fc       0x38 build/decoder/STM32F30x_decoder.o
                0x00000000080105fc                ADC1_JSQR_fields
 .rodata.ADC1_OFR1_fields
                0x0000000008010634       0x18 build/decoder/STM32F30x_decoder.o
                0x0000000008010634                ADC1_OFR1_fields
 .rodata.ADC1_OFR2_fields
                0x000000000801064c       0x18 build/decoder/STM32F30x_decoder.o
                0x000000000801064c                ADC1_OFR2_fields
 .rodata.ADC1_OFR3_fields
                0x0000000008010664       0x18 build/decoder/STM32F30x_decoder.o
                0x0000000008010664                ADC1_OFR3_fields
 .rodata.ADC1_OFR4_fields
                0x000000000801067c       0x18 build/decoder/STM32F30x_decoder.o
                0x000000000801067c                ADC1_OFR4_fields
 .rodata.ADC1_SMPR1_fields
                0x0000000008010694       0x48 build/decoder/STM32F30x_decoder.o
                0x0000000008010694                ADC1_SMPR1_fields
 .rodata.ADC1_SMPR2_fields
                0x00000000080106dc       0x48 build/decoder/STM32F30x_decoder.o
                0x00000000080106dc                ADC1_SMPR2_fields
 .rodata.ADC1_SQR1_fields
                0x0000000008010724       0x28 build/decoder/STM32F30x_decoder.o
                0x0000000008010724                ADC1_SQR1_fields
 .rodata.ADC1_SQR2_fields
                0x000000000801074c       0x28 build/decoder/STM32F30x_decoder.o
                0x000000000801074c                ADC1_SQR2_fields
 .rodata.ADC1_SQR3_fields
                0x0000000008010774       0x28 build/decoder/STM32F30x_decoder.o
                0x0000000008010774                ADC1_SQR3_fields
 .rodata.ADC1_SQR4_fields
                0x000000000801079c       0x10 build/decoder/STM32F30x_decoder.o
                0x000000000801079c                ADC1_SQR4_fields
 .rodata.ADC1_TR1_fields
                0x00000000080107ac       0x10 build/decoder/STM32F30x_decoder.o
                0x00000000080107ac                ADC1_TR1_fields
 .rodata.ADC1_TR2_fields
                0x00000000080107bc       0x10 build/decoder/STM32F30x_decoder.o
                0x00000000080107bc                ADC1_TR2_fields
 .rodata.ADC1_TR3_fields
                0x00000000080107cc       0x10 build/decoder/STM32F30x_decoder.o
                0x00000000080107cc                ADC1_TR3_fields
 .rodata.ADC1_registers
                0x00000000080107dc      0x1b0 build/decoder/STM32F30x_decoder.o
                0x00000000080107dc                ADC1_registers
 .rodata.CAN_BTR_fields
                0x000000000801098c       0x30 build/decoder/STM32F30x_decoder.o
                0x000000000801098c                CAN_BTR_fields
 .rodata.CAN_ESR_fields
                0x00000000080109bc       0x30 build/decoder/STM32F30x_decoder.o
                0x00000000080109bc                CAN_ESR_fields
 .rodata.CAN_F0R1_fields
                0x00000000080109ec      0x100 build/decoder/STM32F30x_decoder.o
                0x00000000080109ec                CAN_F0R1_fields
 .rodata.CAN_F0R2_fields
                0x0000000008010aec      0x100 build/decoder/STM32F30x_decoder.o
                0x0000000008010aec                CAN_F0R2_fields
 .rodata.CAN_F10R1_fields
                0x0000000008010bec      0x100 build/decoder/STM32F30x_decoder.o
                0x0000000008010bec                CAN_F10R1_fields
 .rodata.CAN_F10R2_fields
                0x0000000008010cec      0x100 build/decoder/STM32F30x_decoder.o
                0x0000000008010cec                CAN_F10R2_fields
 .rodata.CAN_F11R1_fields
                0x0000000008010dec      0x100 build/decoder/STM32F30x_decoder.o
                0x0000000008010dec                CAN_F11R1_fields
 .rodata.CAN_F11R2_fields
                0x0000000008010eec      0x100 build/decoder/STM32F30x_decoder.o
                0x0000000008010eec                CAN_F11R2_fields
 .rodata.CAN_F12R1_fields
                0x0000000008010fec      0x100 build/decoder/STM32F30x_decoder.o
                0x0000000008010fec                CAN_F12R1_fields
 .rodata.CAN_F12R2_fields
                0x00000000080110ec      0x100 build/decoder/STM32F30x_decoder.o
                0x00000000080110ec                CAN_F12R2_fields
 .rodata.CAN_F13R1_fields
                0x00000000080111ec      0x100 build/decoder/STM32F30x_decoder.o
                0x00000000080111ec                CAN_F13R1_fields
 .rodata.CAN_F13R2_fields
                0x00000000080112ec      0x100 build/decoder/STM32F30x_decoder.o
                0x00000000080112ec                CAN_F13R2_fields
 .rodata.CAN_F14R1_fields
                0x00000000080113ec      0x100 build/decoder/STM32F30x_decoder.o
                0x00000000080113ec                CAN_F14R1_fields
 .rodata.CAN_F14R2_fields
                0x00000000080114ec      0x100 build/decoder/STM32F30x_decoder.o
                0x00000000080114ec                CAN_F14R2_fields
 .rodata.CAN_F15R1_fields
                0x00000000080115ec      0x100 build/decoder/STM32F30x_decoder.o
                0x00000000080115ec                CAN_F15R1_fields
 .rodata.CAN_F15R2_fields
                0x00000000080116ec      0x100 build/decoder/STM32F30x_decoder.o
                0x00000000080116ec                CAN_F15R2_fields
 .rodata.CAN_F16R1_fields
                0x00000000080117ec      0x100 build/decoder/STM32F30x_decoder.o
                0x00000000080117ec                CAN_F16R1_fields
 .rodata.CAN_F16R2_fields
                0x00000000080118ec      0x100 build/decoder/STM32F30x_decoder.o
                0x00000000080118ec                CAN_F16R2_fields
 .rodata.CAN_F17R1_fields
                0x00000000080119ec      0x100 build/decoder/STM32F30x_decoder.o
                0x00000000080119ec                CAN_F17R1_fields
 .rodata.CAN_F17R2_fields
                0x0000000008011aec      0x100 build/decoder/STM32F30x_decoder.o
                0x0000000008011aec                CAN_F17R2_fields
 .rodata.CAN_F18R1_fields
                0x0000000008011bec      0x100 build/decoder/STM32F30x_decoder.o
                0x0000000008011bec                CAN_F18R1_fields
 .rodata.CAN_F18R2_fields
                0x0000000008011cec      0x100 build/decoder/STM32F30x_decoder.o
                0x0000000008011cec                CAN_F18R2_fields
 .rodata.CAN_F19R1_fields
                0x0000000008011dec      0x100 build/decoder/STM32F30x_decoder.o
                0x0000000008011dec                CAN_F19R1_fields
 .rodata.CAN_F19R2_fields
                0x0000000008011eec      0x100 build/decoder/STM32F30x_decoder.o
                0x0000000008011eec                CAN_F19R2_fields
 .rodata.CAN_F1R1_fields
                0x0000000008011fec      0x100 build/decoder/STM32F30x_decoder.o
                0x0000000008011fec                CAN_F1R1_fields
 .rodata.CAN_F1R2_fields
                0x00000000080120ec      0x100 build/decoder/STM32F30x_decoder.o
                0x00000000080120ec                CAN_F1R2_fields
 .rodata.CAN_F20R1_fields
                0x00000000080121ec      0x100 build/decoder/STM32F30x_decoder.o
                0x00000000080121ec                CAN_F20R1_fields
 .rodata.CAN_F20R2_fields
                0x00000000080122ec      0x100 build/decoder/STM32F30x_decoder.o
                0x00000000080122ec                CAN_F20R2_fields
 .rodata.CAN_F21R1_fields
                0x00000000080123ec      0x100 build/decoder/STM32F30x_decoder.o
                0x00000000080123ec                CAN_F21R1_fields
 .rodata.CAN_F21R2_fields
                0x00000000080124ec      0x100 build/decoder/STM32F30x_decoder.o
                0x00000000080124ec                CAN_F21R2_fields
 .rodata.CAN_F22R1_fields
                0x00000000080125ec      0x100 build/decoder/STM32F30x_decoder.o
                0x00000000080125ec                CAN_F22R1_fields
 .rodata.CAN_F22R2_fields
                0x00000000080126ec      0x100 build/decoder/STM32F30x_decoder.o
                0x00000000080126ec                CAN_F22R2_fields
 .rodata.CAN_F23R1_fields
                0x00000000080127ec      0x100 build/decoder/STM32F30x_decoder.o
                0x00000000080127ec                CAN_F23R1_fields
 .rodata.CAN_F23R2_fields
                0x00000000080128ec      0x100 build/decoder/STM32F30x_decoder.o
                0x00000000080128ec                CAN_F23R2_fields
 .rodata.CAN_F24R1_fields
                0x00000000080129ec      0x100 build/decoder/STM32F30x_decoder.o
                0x00000000080129ec                CAN_F24R1_fields
 .rodata.CAN_F24R2_fields
                0x0000000008012aec      0x100 build/decoder/STM32F30x_decoder.o
                0x0000000008012aec                CAN_F24R2_fields
 .rodata.CAN_F25R1_fields
                0x0000000008012bec      0x100 build/decoder/STM32F30x_decoder.o
                0x0000000008012bec                CAN_F25R1_fields
 .rodata.CAN_F25R2_fields
                0x0000000008012cec      0x100 build/decoder/STM32F30x_decoder.o
                0x0000000008012cec                CAN_F25R2_fields
 .rodata.CAN_F26R1_fields
                0x0000000008012dec      0x100 build/decoder/STM32F30x_decoder.o
                0x0000000008012dec                CAN_F26R1_fields
 .rodata.CAN_F26R2_fields
                0x0000000008012eec      0x100 build/decoder/STM32F30x_decoder.o
                0x0000000008012eec                CAN_F26R2_fields
 .rodata.CAN_F27R1_fields
                0x0000000008012fec      0x100 build/decoder/STM32F30x_decoder.o
                0x0000000008012fec                CAN_F27R1_fields
 .rodata.CAN_F27R2_fields
                0x00000000080130ec      0x100 build/decoder/STM32F30x_decoder.o
                0x00000000080130ec                CAN_F27R2_fields
 .rodata.CAN_F2R1_fields
                0x00000000080131ec      0x100 build/decoder/STM32F30x_decoder.o
                0x00000000080131ec                CAN_F2R1_fields
 .rodata.CAN_F2R2_fields
                0x00000000080132ec      0x100 build/decoder/STM32F30x_decoder.o
                0x00000000080132ec                CAN_F2R2_fields
 .rodata.CAN_F3R1_fields
                0x00000000080133ec      0x100 build/decoder/STM32F30x_decoder.o
                0x00000000080133ec                CAN_F3R1_fields
 .rodata.CAN_F3R2_fields
                0x00000000080134ec      0x100 build/decoder/STM32F30x_decoder.o
                0x00000000080134ec                CAN_F3R2_fields
 .rodata.CAN_F4R1_fields
                0x00000000080135ec      0x100 build/decoder/STM32F30x_decoder.o
                0x00000000080135ec                CAN_F4R1_fields
 .rodata.CAN_F4R2_fields
                0x00000000080136ec      0x100 build/decoder/STM32F30x_decoder.o
                0x00000000080136ec                CAN_F4R2_fields
 .rodata.CAN_F5R1_fields
                0x00000000080137ec      0x100 build/decoder/STM32F30x_decoder.o
                0x00000000080137ec                CAN_F5R1_fields
 .rodata.CAN_F5R2_fields
                0x00000000080138ec      0x100 build/decoder/STM32F30x_decoder.o
                0x00000000080138ec                CAN_F5R2_fields
 .rodata.CAN_F6R1_fields
                0x00000000080139ec      0x100 build/decoder/STM32F30x_decoder.o
                0x00000000080139ec                CAN_F6R1_fields
 .rodata.CAN_F6R2_fields
                0x0000000008013aec      0x100 build/decoder/STM32F30x_decoder.o
                0x0000000008013aec                CAN_F6R2_fields
 .rodata.CAN_F7R1_fields
                0x0000000008013bec      0x100 build/decoder/STM32F30x_decoder.o
                0x0000000008013bec                CAN_F7R1_fields
 .rodata.CAN_F7R2_fields
                0x0000000008013cec      0x100 build/decoder/STM32F30x_decoder.o
                0x0000000008013cec                CAN_F7R2_fields
 .rodata.CAN_F8R1_fields
                0x0000000008013dec      0x100 build/decoder/STM32F30x_decoder.o
                0x0000000008013dec                CAN_F8R1_fields
 .rodata.CAN_F8R2_fields
                0x0000000008013eec      0x100 build/decoder/STM32F30x_decoder.o
                0x0000000008013eec                CAN_F8R2_fields
 .rodata.CAN_F9R1_fields
                0x0000000008013fec      0x100 build/decoder/STM32F30x_decoder.o
                0x0000000008013fec                CAN_F9R1_fields
 .rodata.CAN_F9R2_fields
                0x00000000080140ec      0x100 build/decoder/STM32F30x_decoder.o
                0x00000000080140ec                CAN_F9R2_fields
 .rodata.CAN_FA1R_fields
                0x00000000080141ec       0xe0 build/decoder/STM32F30x_decoder.o
                0x00000000080141ec                CAN_FA1R_fields
 .rodata.CAN_FFA1R_fields
                0x00000000080142cc       0xe0 build/decoder/STM32F30x_decoder.o
                0x00000000080142cc                CAN_FFA1R_fields
 .rodata.CAN_FM1R_fields
                0x00000000080143ac       0xe0 build/decoder/STM32F30x_decoder.o
                0x00000000080143ac                CAN_FM1R_fields
 .rodata.CAN_FMR_fields
                0x000000000801448c       0x10 build/decoder/STM32F30x_decoder.o
                0x000000000801448c                CAN_FMR_fields
 .rodata.CAN_FS1R_fields
                0x000000000801449c       0xe0 build/decoder/STM32F30x_decoder.o
                0x000000000801449c                CAN_FS1R_fields
 .rodata.CAN_IER_fields
                0x000000000801457c       0x70 build/decoder/STM32F30x_decoder.o
                0x000000000801457c                CAN_IER_fields
 .rodata.CAN_MCR_fields
                0x00000000080145ec       0x50 build/decoder/STM32F30x_decoder.o
                0x00000000080145ec                CAN_MCR_fields
 .rodata.CAN_MSR_fields
                0x000000000801463c       0x48 build/decoder/STM32F30x_decoder.o
                0x000000000801463c                CAN_MSR_fields
 .rodata.CAN_RDH0R_fields
                0x0000000008014684       0x20 build/decoder/STM32F30x_decoder.o
                0x0000000008014684                CAN_RDH0R_fields
 .rodata.CAN_RDH1R_fields
                0x00000000080146a4       0x20 build/decoder/STM32F30x_decoder.o
                0x00000000080146a4                CAN_RDH1R_fields
 .rodata.CAN_RDL0R_fields
                0x00000000080146c4       0x20 build/decoder/STM32F30x_decoder.o
                0x00000000080146c4                CAN_RDL0R_fields
 .rodata.CAN_RDL1R_fields
                0x00000000080146e4       0x20 build/decoder/STM32F30x_decoder.o
                0x00000000080146e4                CAN_RDL1R_fields
 .rodata.CAN_RDT0R_fields
                0x0000000008014704       0x18 build/decoder/STM32F30x_decoder.o
                0x0000000008014704                CAN_RDT0R_fields
 .rodata.CAN_RDT1R_fields